******************************************************************************
            TI ARM Clang Linker PC v4.0.2                      
******************************************************************************
>> Linked Tue Jun  3 19:50:08 2025

OUTPUT FILE NAME:   <led.out>
ENTRY POINT SYMBOL: "_c_int00_noargs"  address: 00000411


MEMORY CONFIGURATION

         name            origin    length      used     unused   attr    fill
----------------------  --------  ---------  --------  --------  ----  --------
  FLASH                 00000000   00020000  000004d8  0001fb28  R  X
  SRAM                  20200000   00008000  0000020c  00007df4  RW X
  BCR_CONFIG            41c00000   000000ff  00000000  000000ff  R   
  BSL_CONFIG            41c00100   00000080  00000000  00000080  R   


SEGMENT ALLOCATION MAP

run origin  load origin   length   init length attrs members
----------  ----------- ---------- ----------- ----- -------
00000000    00000000    000004d8   000004d8    r-x
  00000000    00000000    000000c0   000000c0    r-- .intvecs
  000000c0    000000c0    00000400   00000400    r-x .text
  000004c0    000004c0    00000018   00000018    r-- .cinit
20200000    20200000    0000000c   00000000    rw-
  20200000    20200000    0000000c   00000000    rw- .data
20207e00    20207e00    00000200   00000000    rw-
  20207e00    20207e00    00000200   00000000    rw- .stack


SECTION ALLOCATION MAP

 output                                  attributes/
section   page    origin      length       input sections
--------  ----  ----------  ----------   ----------------
.intvecs   0    00000000    000000c0     
                  00000000    000000c0     startup_mspm0g350x_ticlang.o (.intvecs)

.text      0    000000c0    00000400     
                  000000c0    00000110     key.o (.text.Key_Proc)
                  000001d0    0000007c     libc.a : copy_decompress_lzss.c.obj (.text:decompress:lzss)
                  0000024c    0000006c     empty.o (.text.main)
                  000002b8    00000048     key.o (.text.Key_Init)
                  00000300    00000048     ti_msp_dl_config.o (.text.SYSCFG_DL_GPIO_init)
                  00000348    0000003c     libc.a : autoinit.c.obj (.text:__TI_auto_init_nobinit_nopinit)
                  00000384    00000030     ti_msp_dl_config.o (.text.SYSCFG_DL_SYSCTL_init)
                  000003b4    00000030     ti_msp_dl_config.o (.text.SYSCFG_DL_SYSTICK_init)
                  000003e4    0000002c     ti_msp_dl_config.o (.text.SYSCFG_DL_initPower)
                  00000410    00000028     libc.a : boot_cortex_m.c.obj (.text:_c_int00_noargs)
                  00000438    00000014     ti_msp_dl_config.o (.text.SYSCFG_DL_init)
                  0000044c    00000012     libc.a : memcpy16.S.obj (.text:TI_memcpy_small)
                  0000045e    00000012            : copy_decompress_none.c.obj (.text:decompress:none)
                  00000470    00000010     delay.o (.text.SysTick_Handler)
                  00000480    0000000c     delay.o (.text.get_ticks)
                  0000048c    0000000c     empty.o (.text.key_cb)
                  00000498    0000000a     driverlib.a : dl_common.o (.text.DL_Common_delayCycles)
                  000004a2    00000002     startup_mspm0g350x_ticlang.o (.text.Default_Handler)
                  000004a4    00000008     libclang_rt.builtins.a : aeabi_memcpy.S.obj (.text.__aeabi_memcpy)
                  000004ac    00000006     libc.a : exit.c.obj (.text:abort)
                  000004b2    00000004     libsysbm.a : hostexit.c.obj (.text.HOSTexit)
                  000004b6    00000004     startup_mspm0g350x_ticlang.o (.text.Reset_Handler)
                  000004ba    00000004     libc.a : pre_init.c.obj (.text._system_pre_init)
                  000004be    00000002     --HOLE-- [fill = 0]

.cinit     0    000004c0    00000018     
                  000004c0    00000008     (__TI_handler_table)
                  000004c8    00000007     (.cinit..data.load) [load image, compression = lzss]
                  000004cf    00000001     --HOLE-- [fill = 0]
                  000004d0    00000008     (__TI_cinit_table)

.init_array 
*          0    00000000    00000000     UNINITIALIZED

.binit     0    00000000    00000000     

.data      0    20200000    0000000c     UNINITIALIZED
                  20200000    00000004     empty.o (.data.last_ticks)
                  20200004    00000004     empty.o (.data.led_flag)
                  20200008    00000004     delay.o (.data.systicks)

.stack     0    20207e00    00000200     UNINITIALIZED
                  20207e00    00000004     libc.a : boot_cortex_m.c.obj (.stack)
                  20207e04    000001fc     --HOLE--

__llvm_prf_cnts 
*          0    20200000    00000000     UNINITIALIZED

__llvm_prf_bits 
*          0    20200000    00000000     UNINITIALIZED

MODULE SUMMARY

       Module                         code   ro data   rw data
       ------                         ----   -------   -------
    .\
       ti_msp_dl_config.o             232    0         0      
       startup_mspm0g350x_ticlang.o   6      192       0      
       empty.o                        120    0         8      
    +--+------------------------------+------+---------+---------+
       Total:                         358    192       8      
                                                              
    .\delay\
       delay.o                        28     0         4      
    +--+------------------------------+------+---------+---------+
       Total:                         28     0         4      
                                                              
    .\key\
       key.o                          344    0         0      
    +--+------------------------------+------+---------+---------+
       Total:                         344    0         0      
                                                              
    C:/TI/mspm0_sdk_2_04_00_06/source/ti/driverlib/lib/ticlang/m0p/mspm0g1x0x_g3x0x/driverlib.a
       dl_common.o                    10     0         0      
    +--+------------------------------+------+---------+---------+
       Total:                         10     0         0      
                                                              
    D:\CCS\ccs\tools\compiler\ti-cgt-armllvm_4.0.2.LTS\lib\armv6m-ti-none-eabi/c/libc.a
       copy_decompress_lzss.c.obj     124    0         0      
       autoinit.c.obj                 60     0         0      
       boot_cortex_m.c.obj            40     0         0      
       copy_decompress_none.c.obj     18     0         0      
       memcpy16.S.obj                 18     0         0      
       exit.c.obj                     6      0         0      
       pre_init.c.obj                 4      0         0      
    +--+------------------------------+------+---------+---------+
       Total:                         270    0         0      
                                                              
    D:\CCS\ccs\tools\compiler\ti-cgt-armllvm_4.0.2.LTS\lib\armv6m-ti-none-eabi/c/libsysbm.a
       hostexit.c.obj                 4      0         0      
    +--+------------------------------+------+---------+---------+
       Total:                         4      0         0      
                                                              
    D:\CCS\ccs\tools\compiler\ti-cgt-armllvm_4.0.2.LTS\lib\armv6m-ti-none-eabi/libclang_rt.builtins.a
       aeabi_memcpy.S.obj             8      0         0      
    +--+------------------------------+------+---------+---------+
       Total:                         8      0         0      
                                                              
       Stack:                         0      0         512    
       Linker Generated:              0      23        0      
    +--+------------------------------+------+---------+---------+
       Grand Total:                   1022   215       524    


LINKER GENERATED COPY TABLES

__TI_cinit_table @ 000004d0 records: 1, size/record: 8, table size: 8
	.data: load addr=000004c8, load size=00000007 bytes, run addr=20200000, run size=0000000c bytes, compression=lzss


LINKER GENERATED HANDLER TABLE

__TI_handler_table @ 000004c0 records: 2, size/record: 4, table size: 8
	index: 0, handler: __TI_decompress_lzss
	index: 1, handler: __TI_decompress_none


GLOBAL SYMBOLS: SORTED ALPHABETICALLY BY Name 

address   name                          
-------   ----                          
000004a3  ADC0_IRQHandler               
000004a3  ADC1_IRQHandler               
000004a3  AES_IRQHandler                
000004b2  C$$EXIT                       
000004a3  CANFD0_IRQHandler             
000004a3  DAC0_IRQHandler               
00000499  DL_Common_delayCycles         
000004a3  DMA_IRQHandler                
000004a3  Default_Handler               
000004a3  GROUP0_IRQHandler             
000004a3  GROUP1_IRQHandler             
000004b3  HOSTexit                      
000004a3  HardFault_Handler             
000004a3  I2C0_IRQHandler               
000004a3  I2C1_IRQHandler               
000002b9  Key_Init                      
000000c1  Key_Proc                      
000004a3  NMI_Handler                   
000004a3  PendSV_Handler                
000004a3  RTC_IRQHandler                
000004b7  Reset_Handler                 
000004a3  SPI0_IRQHandler               
000004a3  SPI1_IRQHandler               
000004a3  SVC_Handler                   
00000301  SYSCFG_DL_GPIO_init           
00000385  SYSCFG_DL_SYSCTL_init         
000003b5  SYSCFG_DL_SYSTICK_init        
00000439  SYSCFG_DL_init                
000003e5  SYSCFG_DL_initPower           
00000471  SysTick_Handler               
000004a3  TIMA0_IRQHandler              
000004a3  TIMA1_IRQHandler              
000004a3  TIMG0_IRQHandler              
000004a3  TIMG12_IRQHandler             
000004a3  TIMG6_IRQHandler              
000004a3  TIMG7_IRQHandler              
000004a3  TIMG8_IRQHandler              
0000044d  TI_memcpy_small               
000004a3  UART0_IRQHandler              
000004a3  UART1_IRQHandler              
000004a3  UART2_IRQHandler              
000004a3  UART3_IRQHandler              
20208000  __STACK_END                   
00000200  __STACK_SIZE                  
00000000  __TI_ATRegion0_region_sz      
00000000  __TI_ATRegion0_src_addr       
00000000  __TI_ATRegion0_trg_addr       
00000000  __TI_ATRegion1_region_sz      
00000000  __TI_ATRegion1_src_addr       
00000000  __TI_ATRegion1_trg_addr       
00000000  __TI_ATRegion2_region_sz      
00000000  __TI_ATRegion2_src_addr       
00000000  __TI_ATRegion2_trg_addr       
000004d0  __TI_CINIT_Base               
000004d8  __TI_CINIT_Limit              
000004d8  __TI_CINIT_Warm               
000004c0  __TI_Handler_Table_Base       
000004c8  __TI_Handler_Table_Limit      
00000349  __TI_auto_init_nobinit_nopinit
000001d1  __TI_decompress_lzss          
0000045f  __TI_decompress_none          
ffffffff  __TI_pprof_out_hndl           
ffffffff  __TI_prof_data_size           
ffffffff  __TI_prof_data_start          
00000000  __TI_static_base__            
000004a5  __aeabi_memcpy                
000004a5  __aeabi_memcpy4               
000004a5  __aeabi_memcpy8               
ffffffff  __binit__                     
UNDEFED   __mpu_init                    
20207e00  __stack                       
20200000  __start___llvm_prf_bits       
20200000  __start___llvm_prf_cnts       
20200000  __stop___llvm_prf_bits        
20200000  __stop___llvm_prf_cnts        
00000411  _c_int00_noargs               
UNDEFED   _system_post_cinit            
000004bb  _system_pre_init              
000004ad  abort                         
ffffffff  binit                         
00000481  get_ticks                     
00000000  interruptVectors              
0000048d  key_cb                        
20200000  last_ticks                    
20200004  led_flag                      
0000024d  main                          


GLOBAL SYMBOLS: SORTED BY Symbol Address 

address   name                          
-------   ----                          
00000000  __TI_ATRegion0_region_sz      
00000000  __TI_ATRegion0_src_addr       
00000000  __TI_ATRegion0_trg_addr       
00000000  __TI_ATRegion1_region_sz      
00000000  __TI_ATRegion1_src_addr       
00000000  __TI_ATRegion1_trg_addr       
00000000  __TI_ATRegion2_region_sz      
00000000  __TI_ATRegion2_src_addr       
00000000  __TI_ATRegion2_trg_addr       
00000000  __TI_static_base__            
00000000  interruptVectors              
000000c1  Key_Proc                      
000001d1  __TI_decompress_lzss          
00000200  __STACK_SIZE                  
0000024d  main                          
000002b9  Key_Init                      
00000301  SYSCFG_DL_GPIO_init           
00000349  __TI_auto_init_nobinit_nopinit
00000385  SYSCFG_DL_SYSCTL_init         
000003b5  SYSCFG_DL_SYSTICK_init        
000003e5  SYSCFG_DL_initPower           
00000411  _c_int00_noargs               
00000439  SYSCFG_DL_init                
0000044d  TI_memcpy_small               
0000045f  __TI_decompress_none          
00000471  SysTick_Handler               
00000481  get_ticks                     
0000048d  key_cb                        
00000499  DL_Common_delayCycles         
000004a3  ADC0_IRQHandler               
000004a3  ADC1_IRQHandler               
000004a3  AES_IRQHandler                
000004a3  CANFD0_IRQHandler             
000004a3  DAC0_IRQHandler               
000004a3  DMA_IRQHandler                
000004a3  Default_Handler               
000004a3  GROUP0_IRQHandler             
000004a3  GROUP1_IRQHandler             
000004a3  HardFault_Handler             
000004a3  I2C0_IRQHandler               
000004a3  I2C1_IRQHandler               
000004a3  NMI_Handler                   
000004a3  PendSV_Handler                
000004a3  RTC_IRQHandler                
000004a3  SPI0_IRQHandler               
000004a3  SPI1_IRQHandler               
000004a3  SVC_Handler                   
000004a3  TIMA0_IRQHandler              
000004a3  TIMA1_IRQHandler              
000004a3  TIMG0_IRQHandler              
000004a3  TIMG12_IRQHandler             
000004a3  TIMG6_IRQHandler              
000004a3  TIMG7_IRQHandler              
000004a3  TIMG8_IRQHandler              
000004a3  UART0_IRQHandler              
000004a3  UART1_IRQHandler              
000004a3  UART2_IRQHandler              
000004a3  UART3_IRQHandler              
000004a5  __aeabi_memcpy                
000004a5  __aeabi_memcpy4               
000004a5  __aeabi_memcpy8               
000004ad  abort                         
000004b2  C$$EXIT                       
000004b3  HOSTexit                      
000004b7  Reset_Handler                 
000004bb  _system_pre_init              
000004c0  __TI_Handler_Table_Base       
000004c8  __TI_Handler_Table_Limit      
000004d0  __TI_CINIT_Base               
000004d8  __TI_CINIT_Limit              
000004d8  __TI_CINIT_Warm               
20200000  __start___llvm_prf_bits       
20200000  __start___llvm_prf_cnts       
20200000  __stop___llvm_prf_bits        
20200000  __stop___llvm_prf_cnts        
20200000  last_ticks                    
20200004  led_flag                      
20207e00  __stack                       
20208000  __STACK_END                   
ffffffff  __TI_pprof_out_hndl           
ffffffff  __TI_prof_data_size           
ffffffff  __TI_prof_data_start          
ffffffff  __binit__                     
ffffffff  binit                         
UNDEFED   __mpu_init                    
UNDEFED   _system_post_cinit            

[86 symbols]
