******************************************************************************
            TI ARM Clang Linker PC v4.0.2                      
******************************************************************************
>> Linked Tue Jul  8 16:24:38 2025

OUTPUT FILE NAME:   <Car_2.0.out>
ENTRY POINT SYMBOL: "_c_int00_noargs"  address: 00002add


MEMORY CONFIGURATION

         name            origin    length      used     unused   attr    fill
----------------------  --------  ---------  --------  --------  ----  --------
  FLASH                 00000000   00020000  00003348  0001ccb8  R  X
  SRAM                  20200000   00008000  0000068c  00007974  RW X
  BCR_CONFIG            41c00000   000000ff  00000000  000000ff  R   
  BSL_CONFIG            41c00100   00000080  00000000  00000080  R   


SEGMENT ALLOCATION MAP

run origin  load origin   length   init length attrs members
----------  ----------- ---------- ----------- ----- -------
00000000    00000000    000031a8   000031a8    r-x
  00000000    00000000    000000c0   000000c0    r-- .intvecs
  000000c0    000000c0    000030e8   000030e8    r-x .text
000031b0    000031b0    000001a0   000001a0    r--
  000031b0    000031b0    00000170   00000170    r-- .rodata
  00003320    00003320    00000030   00000030    r-- .cinit
20200000    20200000    00000490   00000000    rw-
  20200000    20200000    0000026c   00000000    rw- .bss
  20200270    20200270    00000220   00000000    rw- .data
20207e00    20207e00    00000200   00000000    rw-
  20207e00    20207e00    00000200   00000000    rw- .stack


SECTION ALLOCATION MAP

 output                                  attributes/
section   page    origin      length       input sections
--------  ----  ----------  ----------   ----------------
.intvecs   0    00000000    000000c0     
                  00000000    000000c0     startup_mspm0g350x_ticlang.o (.intvecs)

.text      0    000000c0    000030e8     
                  000000c0    000009d0     libc.a : _printfi.c.obj (.text:__TI_printfi)
                  00000a90    00000220            : _printfi.c.obj (.text._pconv_a)
                  00000cb0    000001dc            : _printfi.c.obj (.text._pconv_g)
                  00000e8c    00000192     libclang_rt.builtins.a : adddf3.S.obj (.text.adddf3_subdf3)
                  0000101e    00000002                            : aeabi_div0.c.obj (.text.__aeabi_idiv0)
                  00001020    00000164     i2c.o (.text.I2C_WriteArray)
                  00001184    0000013c     libc.a : _printfi.c.obj (.text.fcvt)
                  000012c0    00000120            : _printfi.c.obj (.text._pconv_e)
                  000013e0    0000010c     libclang_rt.builtins.a : divdf3.S.obj (.text.__divdf3)
                  000014ec    000000e4                            : muldf3.S.obj (.text.__muldf3)
                  000015d0    000000dc     driverlib.a : dl_sysctl_mspm0g1x0x_g3x0x.o (.text.DL_SYSCTL_configSYSPLL)
                  000016ac    000000d8     libc.a : s_scalbn.c.obj (.text.scalbn)
                  00001784    000000c8     ti_msp_dl_config.o (.text.SYSCFG_DL_GPIO_init)
                  0000184c    000000b4     command.o (.text.Command_Write)
                  00001900    000000a2     libclang_rt.builtins.a : udivmoddi4.S.obj (.text)
                  000019a2    00000002                            : aeabi_div0.c.obj (.text.__aeabi_ldiv0)
                  000019a4    00000098     app_jy61p.o (.text.JY61P_Init)
                  00001a3c    00000094     usart.o (.text.USART_ReceieveByte)
                  00001ad0    00000084     ti_msp_dl_config.o (.text.__NVIC_SetPriority)
                  00001b54    00000082     i2c.o (.text.I2C_Enable)
                  00001bd6    00000002     --HOLE-- [fill = 0]
                  00001bd8    0000007c     libc.a : copy_decompress_lzss.c.obj (.text:decompress:lzss)
                  00001c54    00000076     usart.o (.text.UART_IRQHandler)
                  00001cca    00000002     --HOLE-- [fill = 0]
                  00001ccc    00000074     libclang_rt.builtins.a : comparedf2.c.obj (.text.__gedf2)
                  00001d40    00000070     i2c.o (.text.I2C_SDA_Unlock)
                  00001db0    0000006e     i2c.o (.text.I2C_Init)
                  00001e1e    00000002     --HOLE-- [fill = 0]
                  00001e20    00000068     ti_msp_dl_config.o (.text.SYSCFG_DL_initPower)
                  00001e88    00000068     libclang_rt.builtins.a : comparedf2.c.obj (.text.__ledf2)
                  00001ef0    00000066     libc.a : _printfi.c.obj (.text._mcpy)
                  00001f56    00000002     --HOLE-- [fill = 0]
                  00001f58    00000062     libclang_rt.builtins.a : aeabi_dcmp.S.obj (.text.__aeabi_dcmp)
                  00001fba    00000002     --HOLE-- [fill = 0]
                  00001fbc    00000060     ti_msp_dl_config.o (.text.SYSCFG_DL_BLE05_init)
                  0000201c    00000060     ti_msp_dl_config.o (.text.SYSCFG_DL_OPENMV_init)
                  0000207c    00000060     main.o (.text.main)
                  000020dc    0000005e     driverlib.a : dl_i2c.o (.text.DL_I2C_fillControllerTXFIFO)
                  0000213a    00000002     --HOLE-- [fill = 0]
                  0000213c    0000005c     libc.a : s_frexp.c.obj (.text.frexp)
                  00002198    0000005a     i2c.o (.text.I2C_Disable)
                  000021f2    00000002     --HOLE-- [fill = 0]
                  000021f4    00000058     ti_msp_dl_config.o (.text.SYSCFG_DL_JY61P_init)
                  0000224c    00000058     libc.a : _ltoa.c.obj (.text.__TI_ltoa)
                  000022a4    00000058            : _printfi.c.obj (.text._pconv_f)
                  000022fc    00000056     libclang_rt.builtins.a : aeabi_idivmod.S.obj (.text.__aeabi_idivmod)
                  00002352    00000052     libc.a : _printfi.c.obj (.text._ecpy)
                  000023a4    00000050     i2c.o (.text.DL_I2C_startControllerTransfer)
                  000023f4    00000050     ti_msp_dl_config.o (.text.SysTick_Config)
                  00002444    0000004c     ti_msp_dl_config.o (.text.DL_UART_setBaudRateDivisor)
                  00002490    0000004a     libclang_rt.builtins.a : fixdfsi.S.obj (.text.__fixdfsi)
                  000024da    00000002     --HOLE-- [fill = 0]
                  000024dc    00000048     driverlib.a : dl_uart.o (.text.DL_UART_init)
                  00002524    00000044                 : dl_sysctl_mspm0g1x0x_g3x0x.o (.text.DL_SYSCTL_switchMCLKfromSYSOSCtoHSCLK)
                  00002568    00000040     usart.o (.text.USART_SendString)
                  000025a8    00000040     libclang_rt.builtins.a : aeabi_uidivmod.S.obj (.text.__aeabi_uidivmod)
                  000025e8    00000040     libc.a : atoi.c.obj (.text.atoi)
                  00002628    0000003c     i2c.o (.text.DL_GPIO_initPeripheralInputFunctionFeatures)
                  00002664    0000003c     ti_msp_dl_config.o (.text.DL_GPIO_initPeripheralInputFunctionFeatures)
                  000026a0    0000003c     ti_msp_dl_config.o (.text.SYSCFG_DL_SYSCTL_init)
                  000026dc    0000003c     libc.a : autoinit.c.obj (.text:__TI_auto_init_nobinit_nopinit)
                  00002718    0000003a     libclang_rt.builtins.a : muldsi3.S.obj (.text.__muldsi3)
                  00002752    00000002     --HOLE-- [fill = 0]
                  00002754    00000038     openmv.o (.text.UART3_IRQHandler)
                  0000278c    00000034     i2c.o (.text.DL_GPIO_initDigitalInputFeatures)
                  000027c0    00000032     usart.o (.text.USART_Init)
                  000027f2    00000032     usart.o (.text.USART_Printf)
                  00002824    00000030     ti_msp_dl_config.o (.text.DL_GPIO_initDigitalOutputFeatures)
                  00002854    00000030     usart.o (.text.UART1_IRQHandler)
                  00002884    00000030     usart.o (.text.UART2_IRQHandler)
                  000028b4    00000030     libc.a : _printfi.c.obj (.text._fcpy)
                  000028e4    0000002c     ti_msp_dl_config.o (.text.SYSCFG_DL_init)
                  00002910    0000002c     usart.o (.text.USART_SendChar)
                  0000293c    0000002c     usart.o (.text.__NVIC_ClearPendingIRQ)
                  00002968    0000002c     usart.o (.text.__NVIC_EnableIRQ)
                  00002994    0000002c     libclang_rt.builtins.a : floatsidf.S.obj (.text.__floatsidf)
                  000029c0    0000002c     libc.a : vsprintf.c.obj (.text.vsprintf)
                  000029ec    00000028     i2c.o (.text.DL_Common_updateReg)
                  00002a14    00000028     ti_msp_dl_config.o (.text.DL_Common_updateReg)
                  00002a3c    00000028     ti_msp_dl_config.o (.text.DL_I2C_setControllerRXFIFOThreshold)
                  00002a64    00000028     ti_msp_dl_config.o (.text.DL_I2C_setControllerTXFIFOThreshold)
                  00002a8c    00000028     ti_msp_dl_config.o (.text.DL_UART_setRXFIFOThreshold)
                  00002ab4    00000028     ti_msp_dl_config.o (.text.DL_UART_setTXFIFOThreshold)
                  00002adc    00000028     libc.a : boot_cortex_m.c.obj (.text:_c_int00_noargs)
                  00002b04    00000026     ti_msp_dl_config.o (.text.DL_I2C_setAnalogGlitchFilterPulseWidth)
                  00002b2a    00000026     driverlib.a : dl_i2c.o (.text.DL_I2C_setClockConfig)
                  00002b50    00000024     delay.o (.text.SysTick_Handler)
                  00002b74    00000024     libclang_rt.builtins.a : muldi3.S.obj (.text.__muldi3)
                  00002b98    00000022     libc.a : memccpy.c.obj (.text.memccpy)
                  00002bba    00000002     --HOLE-- [fill = 0]
                  00002bbc    00000020     app_ble05.o (.text.BLE05_Init)
                  00002bdc    00000020     ti_msp_dl_config.o (.text.DL_GPIO_initPeripheralInputFunction)
                  00002bfc    00000020     ti_msp_dl_config.o (.text.DL_SYSCTL_setFlashWaitState)
                  00002c1c    0000001e     ti_msp_dl_config.o (.text.DL_UART_setOversampling)
                  00002c3a    00000002     --HOLE-- [fill = 0]
                  00002c3c    0000001e     libclang_rt.builtins.a : ashldi3.S.obj (.text.__ashldi3)
                  00002c5a    0000001c     command.o (.text.Command_GetLength)
                  00002c76    00000002     --HOLE-- [fill = 0]
                  00002c78    0000001c     i2c.o (.text.DL_GPIO_enableHiZ)
                  00002c94    0000001c     ti_msp_dl_config.o (.text.DL_GPIO_enableHiZ)
                  00002cb0    0000001c     ti_msp_dl_config.o (.text.DL_GPIO_initPeripheralOutputFunction)
                  00002ccc    0000001c     ti_msp_dl_config.o (.text.DL_SYSCTL_setSYSOSCFreq)
                  00002ce8    0000001c     ti_msp_dl_config.o (.text.DL_SYSCTL_setULPCLKDivider)
                  00002d04    0000001c     ti_msp_dl_config.o (.text.DL_UART_enableInterrupt)
                  00002d20    0000001c     delay.o (.text.delay_ms)
                  00002d3c    0000001a     command.o (.text.Command_GetRemain)
                  00002d56    00000002     --HOLE-- [fill = 0]
                  00002d58    00000018     i2c.o (.text.DL_GPIO_enableOutput)
                  00002d70    00000018     ti_msp_dl_config.o (.text.DL_GPIO_enableOutput)
                  00002d88    00000018     ti_msp_dl_config.o (.text.DL_GPIO_enablePower)
                  00002da0    00000018     i2c.o (.text.DL_GPIO_initDigitalOutput)
                  00002db8    00000018     ti_msp_dl_config.o (.text.DL_GPIO_initDigitalOutput)
                  00002dd0    00000018     ti_msp_dl_config.o (.text.DL_GPIO_reset)
                  00002de8    00000018     i2c.o (.text.DL_GPIO_setPins)
                  00002e00    00000018     ti_msp_dl_config.o (.text.DL_GPIO_setPins)
                  00002e18    00000018     ti_msp_dl_config.o (.text.DL_I2C_enableAnalogGlitchFilter)
                  00002e30    00000018     ti_msp_dl_config.o (.text.DL_I2C_enableController)
                  00002e48    00000018     ti_msp_dl_config.o (.text.DL_I2C_enableControllerClockStretching)
                  00002e60    00000018     i2c.o (.text.DL_I2C_enablePower)
                  00002e78    00000018     ti_msp_dl_config.o (.text.DL_I2C_enablePower)
                  00002e90    00000018     i2c.o (.text.DL_I2C_reset)
                  00002ea8    00000018     ti_msp_dl_config.o (.text.DL_I2C_reset)
                  00002ec0    00000018     ti_msp_dl_config.o (.text.DL_I2C_setTimerPeriod)
                  00002ed8    00000018     ti_msp_dl_config.o (.text.DL_SYSCTL_setBORThreshold)
                  00002ef0    00000018     ti_msp_dl_config.o (.text.DL_UART_enableFIFOs)
                  00002f08    00000018     ti_msp_dl_config.o (.text.DL_UART_enablePower)
                  00002f20    00000018     usart.o (.text.DL_UART_isBusy)
                  00002f38    00000018     ti_msp_dl_config.o (.text.DL_UART_reset)
                  00002f50    00000018     libc.a : vsprintf.c.obj (.text._outs)
                  00002f68    00000016     i2c.o (.text.DL_GPIO_readPins)
                  00002f7e    00000016     ti_msp_dl_config.o (.text.DL_UART_enable)
                  00002f94    00000016     usart.o (.text.DL_UART_transmitData)
                  00002faa    00000016     libc.a : copy_zero_init.c.obj (.text:decompress:ZI:__TI_zero_init_nomemset)
                  00002fc0    00000014     i2c.o (.text.DL_GPIO_clearPins)
                  00002fd4    00000014     ti_msp_dl_config.o (.text.DL_GPIO_clearPins)
                  00002fe8    00000014     i2c.o (.text.DL_I2C_getControllerStatus)
                  00002ffc    00000014     ti_msp_dl_config.o (.text.DL_I2C_resetControllerTransfer)
                  00003010    00000014     ti_msp_dl_config.o (.text.DL_SYSCTL_disableSYSPLL)
                  00003024    00000014     openmv.o (.text.DL_UART_receiveData)
                  00003038    00000014     usart.o (.text.DL_UART_receiveData)
                  0000304c    00000014     libclang_rt.builtins.a : aeabi_uldivmod.S.obj (.text.__aeabi_uldivmod)
                  00003060    00000014     libc.a : _printfi.c.obj (.text.strchr)
                  00003074    00000012     openmv.o (.text.DL_UART_getPendingInterrupt)
                  00003086    00000012     usart.o (.text.DL_UART_getPendingInterrupt)
                  00003098    00000012     driverlib.a : dl_uart.o (.text.DL_UART_setClockConfig)
                  000030aa    00000012     libc.a : memcpy16.S.obj (.text:TI_memcpy_small)
                  000030bc    00000012            : copy_decompress_none.c.obj (.text:decompress:none)
                  000030ce    00000002     --HOLE-- [fill = 0]
                  000030d0    00000010     ti_msp_dl_config.o (.text.DL_SYSCTL_disableHFXT)
                  000030e0    00000010     ti_msp_dl_config.o (.text.SYSCFG_DL_SYSTICK_init)
                  000030f0    00000010     libc.a : wcslen.c.obj (.text.wcslen)
                  00003100    0000000e     libclang_rt.builtins.a : aeabi_memset.S.obj (.text.__aeabi_memset)
                  0000310e    0000000e     libc.a : _printfi.c.obj (.text.strlen)
                  0000311c    0000000e            : memset16.S.obj (.text:TI_memset_small)
                  0000312a    00000002     --HOLE-- [fill = 0]
                  0000312c    0000000c     libclang_rt.builtins.a : aeabi_memset.S.obj (.text.__aeabi_memclr)
                  00003138    0000000c     delay.o (.text.get_ticks)
                  00003144    0000000a     driverlib.a : dl_common.o (.text.DL_Common_delayCycles)
                  0000314e    0000000a     libc.a : _printfi.c.obj (.text.OUTLINED_FUNCTION_0)
                  00003158    00000010     libclang_rt.builtins.a : adddf3.S.obj (.tramp.__aeabi_dsub.1)
                  00003168    0000000a     libc.a : _printfi.c.obj (.text.OUTLINED_FUNCTION_1)
                  00003172    0000000a            : vsprintf.c.obj (.text._outc)
                  0000317c    00000008            : aeabi_portable.c.obj (.text.__aeabi_errno_addr)
                  00003184    00000008     libclang_rt.builtins.a : aeabi_memcpy.S.obj (.text.__aeabi_memcpy)
                  0000318c    00000006     libc.a : exit.c.obj (.text:abort)
                  00003192    00000004     startup_mspm0g350x_ticlang.o (.text.Default_Handler)
                  00003196    00000004     libsysbm.a : hostexit.c.obj (.text.HOSTexit)
                  0000319a    00000004     startup_mspm0g350x_ticlang.o (.text.Reset_Handler)
                  0000319e    00000004     libc.a : pre_init.c.obj (.text._system_pre_init)
                  000031a2    00000006     --HOLE-- [fill = 0]

.cinit     0    00003320    00000030     
                  00003320    0000000c     (__TI_handler_table)
                  0000332c    00000009     (.cinit..data.load) [load image, compression = lzss]
                  00003335    00000003     --HOLE-- [fill = 0]
                  00003338    00000008     (.cinit..bss.load) [load image, compression = zero_init]
                  00003340    00000010     (__TI_cinit_table)

.rodata    0    000031b0    00000170     
                  000031b0    00000101     libc.a : aeabi_ctype.S.obj (.rodata:__aeabi_ctype_table_)
                  000032b1    00000002     ti_msp_dl_config.o (.rodata.gBLE05ClockConfig)
                  000032b3    00000001     --HOLE-- [fill = 0]
                  000032b4    00000028     ti_msp_dl_config.o (.rodata.gSYSPLLConfig)
                  000032dc    00000011     libc.a : _printfi.c.obj (.rodata.str1.10348868589481759720.1)
                  000032ed    00000011            : _printfi.c.obj (.rodata.str1.15363888844622738466.1)
                  000032fe    0000000a     ti_msp_dl_config.o (.rodata.gBLE05Config)
                  00003308    0000000a     ti_msp_dl_config.o (.rodata.gOPENMVConfig)
                  00003312    00000006     main.o (.rodata.str1.15159059442110792349.1)
                  00003318    00000004     main.o (.rodata.str1.8154729771448623357.1)
                  0000331c    00000002     ti_msp_dl_config.o (.rodata.gJY61PClockConfig)
                  0000331e    00000002     ti_msp_dl_config.o (.rodata.gOPENMVClockConfig)

.init_array 
*          0    00000000    00000000     UNINITIALIZED

.binit     0    00000000    00000000     

.bss       0    20200000    0000026c     UNINITIALIZED
                  20200000    00000102     (.common:openmv_recvied)
                  20200102    00000100     i2c.o (.bss.I2C_WriteArray.txBuffer)
                  20200202    00000001     (.common:usart_ch)
                  20200203    00000001     --HOLE--
                  20200204    00000030     (.common:gOPENMVBackup)
                  20200234    00000028     (.common:JY61P)
                  2020025c    00000008     (.common:BLE05)
                  20200264    00000008     (.common:OpenMV)

.data      0    20200270    00000220     UNINITIALIZED
                  20200270    00000100     usart.o (.data.usart1_str)
                  20200370    00000100     usart.o (.data.usart2_str)
                  20200470    00000008     delay.o (.data.systicks)
                  20200478    00000004     libc.a : aeabi_portable.c.obj (.data.__aeabi_errno)
                  2020047c    00000004     usart.o (.data.usart1_str_index)
                  20200480    00000004     usart.o (.data.usart1_str_received)
                  20200484    00000004     usart.o (.data.usart2_str_index)
                  20200488    00000004     usart.o (.data.usart2_str_received)
                  2020048c    00000001     usart.o (.data.usart0_ch)
                  2020048d    00000001     usart.o (.data.usart1_ch)
                  2020048e    00000001     usart.o (.data.usart2_ch)
                  2020048f    00000001     usart.o (.data.usart3_ch)

.stack     0    20207e00    00000200     UNINITIALIZED
                  20207e00    00000004     libc.a : boot_cortex_m.c.obj (.stack)
                  20207e04    000001fc     --HOLE--

__llvm_prf_cnts 
*          0    20200000    00000000     UNINITIALIZED

__llvm_prf_bits 
*          0    20200000    00000000     UNINITIALIZED

MODULE SUMMARY

       Module                         code    ro data   rw data
       ------                         ----    -------   -------
    .\
       ti_msp_dl_config.o             2030    66        48     
       startup_mspm0g350x_ticlang.o   8       192       0      
       main.o                         96      10        56     
    +--+------------------------------+-------+---------+---------+
       Total:                         2134    268       104    
                                                               
    .\app\BLE05\
       app_ble05.o                    32      0         0      
    +--+------------------------------+-------+---------+---------+
       Total:                         32      0         0      
                                                               
    .\app\JY61P\
       app_jy61p.o                    152     0         0      
    +--+------------------------------+-------+---------+---------+
       Total:                         152     0         0      
                                                               
    .\app\openmv\
       openmv.o                       94      0         259    
    +--+------------------------------+-------+---------+---------+
       Total:                         94      0         259    
                                                               
    .\lib\command\
       command.o                      234     0         0      
    +--+------------------------------+-------+---------+---------+
       Total:                         234     0         0      
                                                               
    .\lib\delay\
       delay.o                        76      0         8      
    +--+------------------------------+-------+---------+---------+
       Total:                         76      0         8      
                                                               
    .\lib\i2c\
       i2c.o                          1240    0         256    
    +--+------------------------------+-------+---------+---------+
       Total:                         1240    0         256    
                                                               
    .\lib\usart\
       usart.o                        742     0         532    
    +--+------------------------------+-------+---------+---------+
       Total:                         742     0         532    
                                                               
    C:/TI/mspm0_sdk_2_04_00_06/source/ti/driverlib/lib/ticlang/m0p/mspm0g1x0x_g3x0x/driverlib.a
       dl_sysctl_mspm0g1x0x_g3x0x.o   288     0         0      
       dl_i2c.o                       132     0         0      
       dl_uart.o                      90      0         0      
       dl_common.o                    10      0         0      
    +--+------------------------------+-------+---------+---------+
       Total:                         520     0         0      
                                                               
    D:\CCS\ccs\tools\compiler\ti-cgt-armllvm_4.0.2.LTS\lib\armv6m-ti-none-eabi/c/libc.a
       _printfi.c.obj                 4510    34        0      
       aeabi_ctype.S.obj              0       257       0      
       s_scalbn.c.obj                 216     0         0      
       copy_decompress_lzss.c.obj     124     0         0      
       s_frexp.c.obj                  92      0         0      
       _ltoa.c.obj                    88      0         0      
       vsprintf.c.obj                 78      0         0      
       atoi.c.obj                     64      0         0      
       autoinit.c.obj                 60      0         0      
       boot_cortex_m.c.obj            40      0         0      
       memccpy.c.obj                  34      0         0      
       copy_zero_init.c.obj           22      0         0      
       copy_decompress_none.c.obj     18      0         0      
       memcpy16.S.obj                 18      0         0      
       wcslen.c.obj                   16      0         0      
       memset16.S.obj                 14      0         0      
       aeabi_portable.c.obj           8       0         4      
       exit.c.obj                     6       0         0      
       pre_init.c.obj                 4       0         0      
    +--+------------------------------+-------+---------+---------+
       Total:                         5412    291       4      
                                                               
    D:\CCS\ccs\tools\compiler\ti-cgt-armllvm_4.0.2.LTS\lib\armv6m-ti-none-eabi/c/libsysbm.a
       hostexit.c.obj                 4       0         0      
    +--+------------------------------+-------+---------+---------+
       Total:                         4       0         0      
                                                               
    D:\CCS\ccs\tools\compiler\ti-cgt-armllvm_4.0.2.LTS\lib\armv6m-ti-none-eabi/libclang_rt.builtins.a
       adddf3.S.obj                   418     0         0      
       divdf3.S.obj                   268     0         0      
       muldf3.S.obj                   228     0         0      
       comparedf2.c.obj               220     0         0      
       udivmoddi4.S.obj               162     0         0      
       aeabi_dcmp.S.obj               98      0         0      
       aeabi_idivmod.S.obj            86      0         0      
       fixdfsi.S.obj                  74      0         0      
       aeabi_uidivmod.S.obj           64      0         0      
       muldsi3.S.obj                  58      0         0      
       floatsidf.S.obj                44      0         0      
       muldi3.S.obj                   36      0         0      
       ashldi3.S.obj                  30      0         0      
       aeabi_memset.S.obj             26      0         0      
       aeabi_uldivmod.S.obj           20      0         0      
       aeabi_memcpy.S.obj             8       0         0      
       aeabi_div0.c.obj               4       0         0      
    +--+------------------------------+-------+---------+---------+
       Total:                         1844    0         0      
                                                               
       Stack:                         0       0         512    
       Linker Generated:              0       45        0      
    +--+------------------------------+-------+---------+---------+
       Grand Total:                   12484   604       1675   


LINKER GENERATED COPY TABLES

__TI_cinit_table @ 00003340 records: 2, size/record: 8, table size: 16
	.data: load addr=0000332c, load size=00000009 bytes, run addr=20200270, run size=00000220 bytes, compression=lzss
	.bss: load addr=00003338, load size=00000008 bytes, run addr=20200000, run size=0000026c bytes, compression=zero_init


LINKER GENERATED HANDLER TABLE

__TI_handler_table @ 00003320 records: 3, size/record: 4, table size: 12
	index: 0, handler: __TI_decompress_lzss
	index: 1, handler: __TI_decompress_none
	index: 2, handler: __TI_zero_init


FAR CALL TRAMPOLINES

callee name               trampoline name
   callee addr  tramp addr   call addr  call info
--------------  -----------  ---------  ----------------
__aeabi_dsub              $Tramp$TT$L$PI$$__aeabi_dsub
   00000e8d     00003158     00003156   libc.a : _printfi.c.obj (.text.OUTLINED_FUNCTION_0)

[1 trampolines]
[1 trampoline calls]


GLOBAL SYMBOLS: SORTED ALPHABETICALLY BY Name 

address   name                                 
-------   ----                                 
00003193  ADC0_IRQHandler                      
00003193  ADC1_IRQHandler                      
00003193  AES_IRQHandler                       
2020025c  BLE05                                
00002bbd  BLE05_Init                           
00003196  C$$EXIT                              
00003193  CANFD0_IRQHandler                    
00002c5b  Command_GetLength                    
00002d3d  Command_GetRemain                    
0000184d  Command_Write                        
00003193  DAC0_IRQHandler                      
00003145  DL_Common_delayCycles                
000020dd  DL_I2C_fillControllerTXFIFO          
00002b2b  DL_I2C_setClockConfig                
000015d1  DL_SYSCTL_configSYSPLL               
00002525  DL_SYSCTL_switchMCLKfromSYSOSCtoHSCLK
000024dd  DL_UART_init                         
00003099  DL_UART_setClockConfig               
00003193  DMA_IRQHandler                       
00003193  Default_Handler                      
00003193  GROUP0_IRQHandler                    
00003193  GROUP1_IRQHandler                    
00003197  HOSTexit                             
00003193  HardFault_Handler                    
00003193  I2C0_IRQHandler                      
00003193  I2C1_IRQHandler                      
00001db1  I2C_Init                             
00001d41  I2C_SDA_Unlock                       
00001021  I2C_WriteArray                       
20200234  JY61P                                
000019a5  JY61P_Init                           
00003193  NMI_Handler                          
20200264  OpenMV                               
00003193  PendSV_Handler                       
00003193  RTC_IRQHandler                       
0000319b  Reset_Handler                        
00003193  SPI0_IRQHandler                      
00003193  SPI1_IRQHandler                      
00003193  SVC_Handler                          
00001fbd  SYSCFG_DL_BLE05_init                 
00001785  SYSCFG_DL_GPIO_init                  
000021f5  SYSCFG_DL_JY61P_init                 
0000201d  SYSCFG_DL_OPENMV_init                
000026a1  SYSCFG_DL_SYSCTL_init                
000030e1  SYSCFG_DL_SYSTICK_init               
000028e5  SYSCFG_DL_init                       
00001e21  SYSCFG_DL_initPower                  
00002b51  SysTick_Handler                      
00003193  TIMA0_IRQHandler                     
00003193  TIMA1_IRQHandler                     
00003193  TIMG0_IRQHandler                     
00003193  TIMG12_IRQHandler                    
00003193  TIMG6_IRQHandler                     
00003193  TIMG7_IRQHandler                     
00003193  TIMG8_IRQHandler                     
000030ab  TI_memcpy_small                      
0000311d  TI_memset_small                      
00003193  UART0_IRQHandler                     
00002855  UART1_IRQHandler                     
00002885  UART2_IRQHandler                     
00002755  UART3_IRQHandler                     
00001c55  UART_IRQHandler                      
000027c1  USART_Init                           
000027f3  USART_Printf                         
00001a3d  USART_ReceieveByte                   
00002911  USART_SendChar                       
00002569  USART_SendString                     
20208000  __STACK_END                          
00000200  __STACK_SIZE                         
00000000  __TI_ATRegion0_region_sz             
00000000  __TI_ATRegion0_src_addr              
00000000  __TI_ATRegion0_trg_addr              
00000000  __TI_ATRegion1_region_sz             
00000000  __TI_ATRegion1_src_addr              
00000000  __TI_ATRegion1_trg_addr              
00000000  __TI_ATRegion2_region_sz             
00000000  __TI_ATRegion2_src_addr              
00000000  __TI_ATRegion2_trg_addr              
00003340  __TI_CINIT_Base                      
00003350  __TI_CINIT_Limit                     
00003350  __TI_CINIT_Warm                      
00003320  __TI_Handler_Table_Base              
0000332c  __TI_Handler_Table_Limit             
000026dd  __TI_auto_init_nobinit_nopinit       
00001bd9  __TI_decompress_lzss                 
000030bd  __TI_decompress_none                 
0000224d  __TI_ltoa                            
ffffffff  __TI_pprof_out_hndl                  
000000c1  __TI_printfi                         
ffffffff  __TI_prof_data_size                  
ffffffff  __TI_prof_data_start                 
00000000  __TI_static_base__                   
00002fab  __TI_zero_init_nomemset              
00000e97  __adddf3                             
000031b0  __aeabi_ctype_table_                 
000031b0  __aeabi_ctype_table_C                
00002491  __aeabi_d2iz                         
00000e97  __aeabi_dadd                         
00001f59  __aeabi_dcmpeq                       
00001f95  __aeabi_dcmpge                       
00001fa9  __aeabi_dcmpgt                       
00001f81  __aeabi_dcmple                       
00001f6d  __aeabi_dcmplt                       
000013e1  __aeabi_ddiv                         
000014ed  __aeabi_dmul                         
00000e8d  __aeabi_dsub                         
20200478  __aeabi_errno                        
0000317d  __aeabi_errno_addr                   
00002995  __aeabi_i2d                          
000022fd  __aeabi_idiv                         
0000101f  __aeabi_idiv0                        
000022fd  __aeabi_idivmod                      
000019a3  __aeabi_ldiv0                        
00002c3d  __aeabi_llsl                         
00002b75  __aeabi_lmul                         
0000312d  __aeabi_memclr                       
0000312d  __aeabi_memclr4                      
0000312d  __aeabi_memclr8                      
00003185  __aeabi_memcpy                       
00003185  __aeabi_memcpy4                      
00003185  __aeabi_memcpy8                      
00003101  __aeabi_memset                       
00003101  __aeabi_memset4                      
00003101  __aeabi_memset8                      
000025a9  __aeabi_uidiv                        
000025a9  __aeabi_uidivmod                     
0000304d  __aeabi_uldivmod                     
00002c3d  __ashldi3                            
ffffffff  __binit__                            
00001e89  __cmpdf2                             
000013e1  __divdf3                             
00001e89  __eqdf2                              
00002491  __fixdfsi                            
00002995  __floatsidf                          
00001ccd  __gedf2                              
00001ccd  __gtdf2                              
00001e89  __ledf2                              
00001e89  __ltdf2                              
UNDEFED   __mpu_init                           
000014ed  __muldf3                             
00002b75  __muldi3                             
00002719  __muldsi3                            
00001e89  __nedf2                              
20207e00  __stack                              
20200000  __start___llvm_prf_bits              
20200000  __start___llvm_prf_cnts              
20200000  __stop___llvm_prf_bits               
20200000  __stop___llvm_prf_cnts               
00000e8d  __subdf3                             
00001901  __udivmoddi4                         
00002add  _c_int00_noargs                      
UNDEFED   _system_post_cinit                   
0000319f  _system_pre_init                     
0000318d  abort                                
000025e9  atoi                                 
ffffffff  binit                                
00002d21  delay_ms                             
0000213d  frexp                                
0000213d  frexpl                               
20200204  gOPENMVBackup                        
00003139  get_ticks                            
00000000  interruptVectors                     
000016ad  ldexp                                
000016ad  ldexpl                               
0000207d  main                                 
00002b99  memccpy                              
20200000  openmv_recvied                       
000016ad  scalbn                               
000016ad  scalbnl                              
2020048c  usart0_ch                            
2020048d  usart1_ch                            
20200270  usart1_str                           
2020047c  usart1_str_index                     
20200480  usart1_str_received                  
2020048e  usart2_ch                            
20200370  usart2_str                           
20200484  usart2_str_index                     
20200488  usart2_str_received                  
2020048f  usart3_ch                            
20200202  usart_ch                             
000029c1  vsprintf                             
000030f1  wcslen                               


GLOBAL SYMBOLS: SORTED BY Symbol Address 

address   name                                 
-------   ----                                 
00000000  __TI_ATRegion0_region_sz             
00000000  __TI_ATRegion0_src_addr              
00000000  __TI_ATRegion0_trg_addr              
00000000  __TI_ATRegion1_region_sz             
00000000  __TI_ATRegion1_src_addr              
00000000  __TI_ATRegion1_trg_addr              
00000000  __TI_ATRegion2_region_sz             
00000000  __TI_ATRegion2_src_addr              
00000000  __TI_ATRegion2_trg_addr              
00000000  __TI_static_base__                   
00000000  interruptVectors                     
000000c1  __TI_printfi                         
00000200  __STACK_SIZE                         
00000e8d  __aeabi_dsub                         
00000e8d  __subdf3                             
00000e97  __adddf3                             
00000e97  __aeabi_dadd                         
0000101f  __aeabi_idiv0                        
00001021  I2C_WriteArray                       
000013e1  __aeabi_ddiv                         
000013e1  __divdf3                             
000014ed  __aeabi_dmul                         
000014ed  __muldf3                             
000015d1  DL_SYSCTL_configSYSPLL               
000016ad  ldexp                                
000016ad  ldexpl                               
000016ad  scalbn                               
000016ad  scalbnl                              
00001785  SYSCFG_DL_GPIO_init                  
0000184d  Command_Write                        
00001901  __udivmoddi4                         
000019a3  __aeabi_ldiv0                        
000019a5  JY61P_Init                           
00001a3d  USART_ReceieveByte                   
00001bd9  __TI_decompress_lzss                 
00001c55  UART_IRQHandler                      
00001ccd  __gedf2                              
00001ccd  __gtdf2                              
00001d41  I2C_SDA_Unlock                       
00001db1  I2C_Init                             
00001e21  SYSCFG_DL_initPower                  
00001e89  __cmpdf2                             
00001e89  __eqdf2                              
00001e89  __ledf2                              
00001e89  __ltdf2                              
00001e89  __nedf2                              
00001f59  __aeabi_dcmpeq                       
00001f6d  __aeabi_dcmplt                       
00001f81  __aeabi_dcmple                       
00001f95  __aeabi_dcmpge                       
00001fa9  __aeabi_dcmpgt                       
00001fbd  SYSCFG_DL_BLE05_init                 
0000201d  SYSCFG_DL_OPENMV_init                
0000207d  main                                 
000020dd  DL_I2C_fillControllerTXFIFO          
0000213d  frexp                                
0000213d  frexpl                               
000021f5  SYSCFG_DL_JY61P_init                 
0000224d  __TI_ltoa                            
000022fd  __aeabi_idiv                         
000022fd  __aeabi_idivmod                      
00002491  __aeabi_d2iz                         
00002491  __fixdfsi                            
000024dd  DL_UART_init                         
00002525  DL_SYSCTL_switchMCLKfromSYSOSCtoHSCLK
00002569  USART_SendString                     
000025a9  __aeabi_uidiv                        
000025a9  __aeabi_uidivmod                     
000025e9  atoi                                 
000026a1  SYSCFG_DL_SYSCTL_init                
000026dd  __TI_auto_init_nobinit_nopinit       
00002719  __muldsi3                            
00002755  UART3_IRQHandler                     
000027c1  USART_Init                           
000027f3  USART_Printf                         
00002855  UART1_IRQHandler                     
00002885  UART2_IRQHandler                     
000028e5  SYSCFG_DL_init                       
00002911  USART_SendChar                       
00002995  __aeabi_i2d                          
00002995  __floatsidf                          
000029c1  vsprintf                             
00002add  _c_int00_noargs                      
00002b2b  DL_I2C_setClockConfig                
00002b51  SysTick_Handler                      
00002b75  __aeabi_lmul                         
00002b75  __muldi3                             
00002b99  memccpy                              
00002bbd  BLE05_Init                           
00002c3d  __aeabi_llsl                         
00002c3d  __ashldi3                            
00002c5b  Command_GetLength                    
00002d21  delay_ms                             
00002d3d  Command_GetRemain                    
00002fab  __TI_zero_init_nomemset              
0000304d  __aeabi_uldivmod                     
00003099  DL_UART_setClockConfig               
000030ab  TI_memcpy_small                      
000030bd  __TI_decompress_none                 
000030e1  SYSCFG_DL_SYSTICK_init               
000030f1  wcslen                               
00003101  __aeabi_memset                       
00003101  __aeabi_memset4                      
00003101  __aeabi_memset8                      
0000311d  TI_memset_small                      
0000312d  __aeabi_memclr                       
0000312d  __aeabi_memclr4                      
0000312d  __aeabi_memclr8                      
00003139  get_ticks                            
00003145  DL_Common_delayCycles                
0000317d  __aeabi_errno_addr                   
00003185  __aeabi_memcpy                       
00003185  __aeabi_memcpy4                      
00003185  __aeabi_memcpy8                      
0000318d  abort                                
00003193  ADC0_IRQHandler                      
00003193  ADC1_IRQHandler                      
00003193  AES_IRQHandler                       
00003193  CANFD0_IRQHandler                    
00003193  DAC0_IRQHandler                      
00003193  DMA_IRQHandler                       
00003193  Default_Handler                      
00003193  GROUP0_IRQHandler                    
00003193  GROUP1_IRQHandler                    
00003193  HardFault_Handler                    
00003193  I2C0_IRQHandler                      
00003193  I2C1_IRQHandler                      
00003193  NMI_Handler                          
00003193  PendSV_Handler                       
00003193  RTC_IRQHandler                       
00003193  SPI0_IRQHandler                      
00003193  SPI1_IRQHandler                      
00003193  SVC_Handler                          
00003193  TIMA0_IRQHandler                     
00003193  TIMA1_IRQHandler                     
00003193  TIMG0_IRQHandler                     
00003193  TIMG12_IRQHandler                    
00003193  TIMG6_IRQHandler                     
00003193  TIMG7_IRQHandler                     
00003193  TIMG8_IRQHandler                     
00003193  UART0_IRQHandler                     
00003196  C$$EXIT                              
00003197  HOSTexit                             
0000319b  Reset_Handler                        
0000319f  _system_pre_init                     
000031b0  __aeabi_ctype_table_                 
000031b0  __aeabi_ctype_table_C                
00003320  __TI_Handler_Table_Base              
0000332c  __TI_Handler_Table_Limit             
00003340  __TI_CINIT_Base                      
00003350  __TI_CINIT_Limit                     
00003350  __TI_CINIT_Warm                      
20200000  __start___llvm_prf_bits              
20200000  __start___llvm_prf_cnts              
20200000  __stop___llvm_prf_bits               
20200000  __stop___llvm_prf_cnts               
20200000  openmv_recvied                       
20200202  usart_ch                             
20200204  gOPENMVBackup                        
20200234  JY61P                                
2020025c  BLE05                                
20200264  OpenMV                               
20200270  usart1_str                           
20200370  usart2_str                           
20200478  __aeabi_errno                        
2020047c  usart1_str_index                     
20200480  usart1_str_received                  
20200484  usart2_str_index                     
20200488  usart2_str_received                  
2020048c  usart0_ch                            
2020048d  usart1_ch                            
2020048e  usart2_ch                            
2020048f  usart3_ch                            
20207e00  __stack                              
20208000  __STACK_END                          
ffffffff  __TI_pprof_out_hndl                  
ffffffff  __TI_prof_data_size                  
ffffffff  __TI_prof_data_start                 
ffffffff  __binit__                            
ffffffff  binit                                
UNDEFED   __mpu_init                           
UNDEFED   _system_post_cinit                   

[182 symbols]
