******************************************************************************
            TI ARM Clang Linker PC v4.0.2                      
******************************************************************************
>> Linked Sun Jul 13 16:54:20 2025

OUTPUT FILE NAME:   <Car_2.0.out>
ENTRY POINT SYMBOL: "_c_int00_noargs"  address: 00002b95


MEMORY CONFIGURATION

         name            origin    length      used     unused   attr    fill
----------------------  --------  ---------  --------  --------  ----  --------
  FLASH                 00000000   00020000  00003468  0001cb98  R  X
  SRAM                  20200000   00008000  00000883  0000777d  RW X
  BCR_CONFIG            41c00000   000000ff  00000000  000000ff  R   
  BSL_CONFIG            41c00100   00000080  00000000  00000080  R   


SEGMENT ALLOCATION MAP

run origin  load origin   length   init length attrs members
----------  ----------- ---------- ----------- ----- -------
00000000    00000000    00003298   00003298    r-x
  00000000    00000000    000000c0   000000c0    r-- .intvecs
  000000c0    000000c0    000031d8   000031d8    r-x .text
000032a0    000032a0    000001d0   000001d0    r--
  000032a0    000032a0    000001a0   000001a0    r-- .rodata
  00003440    00003440    00000030   00000030    r-- .cinit
20200000    20200000    00000687   00000000    rw-
  20200000    20200000    0000035c   00000000    rw- .bss
  20200360    20200360    00000327   00000000    rw- .data
20207e00    20207e00    00000200   00000000    rw-
  20207e00    20207e00    00000200   00000000    rw- .stack


SECTION ALLOCATION MAP

 output                                  attributes/
section   page    origin      length       input sections
--------  ----  ----------  ----------   ----------------
.intvecs   0    00000000    000000c0     
                  00000000    000000c0     startup_mspm0g350x_ticlang.o (.intvecs)

.text      0    000000c0    000031d8     
                  000000c0    000009d0     libc.a : _printfi.c.obj (.text:__TI_printfi)
                  00000a90    00000220            : _printfi.c.obj (.text._pconv_a)
                  00000cb0    000001dc            : _printfi.c.obj (.text._pconv_g)
                  00000e8c    00000194     ti_msp_dl_config.o (.text.SYSCFG_DL_GPIO_init)
                  00001020    00000192     libclang_rt.builtins.a : adddf3.S.obj (.text.adddf3_subdf3)
                  000011b2    00000002                            : aeabi_div0.c.obj (.text.__aeabi_idiv0)
                  000011b4    0000013c     libc.a : _printfi.c.obj (.text.fcvt)
                  000012f0    00000120            : _printfi.c.obj (.text._pconv_e)
                  00001410    0000010c     libclang_rt.builtins.a : divdf3.S.obj (.text.__divdf3)
                  0000151c    00000104     driverlib.a : dl_timer.o (.text.DL_Timer_initFourCCPWMMode)
                  00001620    000000e4     libclang_rt.builtins.a : muldf3.S.obj (.text.__muldf3)
                  00001704    000000dc     driverlib.a : dl_sysctl_mspm0g1x0x_g3x0x.o (.text.DL_SYSCTL_configSYSPLL)
                  000017e0    000000d8     libc.a : s_scalbn.c.obj (.text.scalbn)
                  000018b8    000000b4     command.o (.text.Command_Write)
                  0000196c    000000b0     ti_msp_dl_config.o (.text.SYSCFG_DL_initPower)
                  00001a1c    000000a2     libclang_rt.builtins.a : udivmoddi4.S.obj (.text)
                  00001abe    00000002                            : aeabi_div0.c.obj (.text.__aeabi_ldiv0)
                  00001ac0    00000090     ti_msp_dl_config.o (.text.SYSCFG_DL_AIN_init)
                  00001b50    00000090     ti_msp_dl_config.o (.text.SYSCFG_DL_BIN_init)
                  00001be0    00000084     ti_msp_dl_config.o (.text.__NVIC_SetPriority)
                  00001c64    0000007c     libc.a : copy_decompress_lzss.c.obj (.text:decompress:lzss)
                  00001ce0    00000076     usart.o (.text.UART_IRQHandler)
                  00001d56    00000002     --HOLE-- [fill = 0]
                  00001d58    00000074     libclang_rt.builtins.a : comparedf2.c.obj (.text.__gedf2)
                  00001dcc    0000006c     ti_msp_dl_config.o (.text.SYSCFG_DL_BEEZ_init)
                  00001e38    00000068     ti_msp_dl_config.o (.text.SYSCFG_DL_Servo_1_init)
                  00001ea0    00000068     libclang_rt.builtins.a : comparedf2.c.obj (.text.__ledf2)
                  00001f08    00000066     libc.a : _printfi.c.obj (.text._mcpy)
                  00001f6e    00000002     --HOLE-- [fill = 0]
                  00001f70    00000062     libclang_rt.builtins.a : aeabi_dcmp.S.obj (.text.__aeabi_dcmp)
                  00001fd2    00000002     --HOLE-- [fill = 0]
                  00001fd4    00000060     ti_msp_dl_config.o (.text.SYSCFG_DL_BLE05_init)
                  00002034    00000060     ti_msp_dl_config.o (.text.SYSCFG_DL_OPENMV_init)
                  00002094    00000060     test_AT8236.o (.text.Test_AT8236)
                  000020f4    0000005c     app_AT8236.o (.text.AT8236_AOUT_FD)
                  00002150    0000005c     app_AT8236.o (.text.AT8236_BOUT_FD)
                  000021ac    0000005c     libc.a : s_frexp.c.obj (.text.frexp)
                  00002208    00000058     ti_msp_dl_config.o (.text.SYSCFG_DL_JY61P_init)
                  00002260    00000058     ti_msp_dl_config.o (.text.SYSCFG_DL_init)
                  000022b8    00000058     libc.a : _ltoa.c.obj (.text.__TI_ltoa)
                  00002310    00000058            : _printfi.c.obj (.text._pconv_f)
                  00002368    00000056     libclang_rt.builtins.a : aeabi_idivmod.S.obj (.text.__aeabi_idivmod)
                  000023be    00000052     libc.a : _printfi.c.obj (.text._ecpy)
                  00002410    00000050     ti_msp_dl_config.o (.text.SysTick_Config)
                  00002460    0000004c     ti_msp_dl_config.o (.text.DL_UART_setBaudRateDivisor)
                  000024ac    0000004a     libclang_rt.builtins.a : fixdfsi.S.obj (.text.__fixdfsi)
                  000024f6    00000002     --HOLE-- [fill = 0]
                  000024f8    00000048     driverlib.a : dl_uart.o (.text.DL_UART_init)
                  00002540    00000044                 : dl_sysctl_mspm0g1x0x_g3x0x.o (.text.DL_SYSCTL_switchMCLKfromSYSOSCtoHSCLK)
                  00002584    00000040     usart.o (.text.USART_SendString)
                  000025c4    00000040     libclang_rt.builtins.a : aeabi_uidivmod.S.obj (.text.__aeabi_uidivmod)
                  00002604    00000040     libc.a : atoi.c.obj (.text.atoi)
                  00002644    0000003c     ti_msp_dl_config.o (.text.DL_GPIO_initPeripheralInputFunctionFeatures)
                  00002680    0000003c     ti_msp_dl_config.o (.text.DL_Timer_setCounterControl)
                  000026bc    0000003c     ti_msp_dl_config.o (.text.SYSCFG_DL_SYSCTL_init)
                  000026f8    0000003c     app_openmv.o (.text.UART3_IRQHandler)
                  00002734    0000003c     libc.a : autoinit.c.obj (.text:__TI_auto_init_nobinit_nopinit)
                  00002770    0000003a     libclang_rt.builtins.a : muldsi3.S.obj (.text.__muldsi3)
                  000027aa    00000002     --HOLE-- [fill = 0]
                  000027ac    00000038     ti_msp_dl_config.o (.text.DL_GPIO_initPeripheralOutputFunctionFeatures)
                  000027e4    00000034     ti_msp_dl_config.o (.text.DL_GPIO_initDigitalInputFeatures)
                  00002818    00000034     app_openmv.o (.text.OpenMV_Init)
                  0000284c    00000032     usart.o (.text.USART_Init)
                  0000287e    00000032     usart.o (.text.USART_Printf)
                  000028b0    00000030     ti_msp_dl_config.o (.text.DL_GPIO_initDigitalOutputFeatures)
                  000028e0    00000030     usart.o (.text.UART0_IRQHandler)
                  00002910    00000030     usart.o (.text.UART1_IRQHandler)
                  00002940    00000030     usart.o (.text.UART2_IRQHandler)
                  00002970    00000030     libc.a : _printfi.c.obj (.text._fcpy)
                  000029a0    0000002c     usart.o (.text.USART_SendChar)
                  000029cc    0000002c     usart.o (.text.__NVIC_ClearPendingIRQ)
                  000029f8    0000002c     usart.o (.text.__NVIC_EnableIRQ)
                  00002a24    0000002c     libclang_rt.builtins.a : floatsidf.S.obj (.text.__floatsidf)
                  00002a50    0000002c     libc.a : vsprintf.c.obj (.text.vsprintf)
                  00002a7c    00000028     app_AT8236.o (.text.AT8236_AOUT_Stop)
                  00002aa4    00000028     app_AT8236.o (.text.AT8236_BOUT_Stop)
                  00002acc    00000028     ti_msp_dl_config.o (.text.DL_Common_updateReg)
                  00002af4    00000028     ti_msp_dl_config.o (.text.DL_I2C_setControllerRXFIFOThreshold)
                  00002b1c    00000028     ti_msp_dl_config.o (.text.DL_I2C_setControllerTXFIFOThreshold)
                  00002b44    00000028     ti_msp_dl_config.o (.text.DL_UART_setRXFIFOThreshold)
                  00002b6c    00000028     ti_msp_dl_config.o (.text.DL_UART_setTXFIFOThreshold)
                  00002b94    00000028     libc.a : boot_cortex_m.c.obj (.text:_c_int00_noargs)
                  00002bbc    00000026     ti_msp_dl_config.o (.text.DL_I2C_setAnalogGlitchFilterPulseWidth)
                  00002be2    00000026     driverlib.a : dl_i2c.o (.text.DL_I2C_setClockConfig)
                  00002c08    00000024     app_AT8236.o (.text.AT8236_AOUT_Slip)
                  00002c2c    00000024     app_AT8236.o (.text.AT8236_BOUT_Slip)
                  00002c50    00000024     delay.o (.text.SysTick_Handler)
                  00002c74    00000024     libclang_rt.builtins.a : muldi3.S.obj (.text.__muldi3)
                  00002c98    00000022     libc.a : memccpy.c.obj (.text.memccpy)
                  00002cba    00000002     --HOLE-- [fill = 0]
                  00002cbc    00000020     app_ble05.o (.text.BLE05_Init)
                  00002cdc    00000020     ti_msp_dl_config.o (.text.DL_GPIO_initPeripheralInputFunction)
                  00002cfc    00000020     ti_msp_dl_config.o (.text.DL_SYSCTL_setFlashWaitState)
                  00002d1c    0000001e     ti_msp_dl_config.o (.text.DL_UART_setOversampling)
                  00002d3a    00000002     --HOLE-- [fill = 0]
                  00002d3c    0000001e     libclang_rt.builtins.a : ashldi3.S.obj (.text.__ashldi3)
                  00002d5a    0000001c     command.o (.text.Command_GetLength)
                  00002d76    00000002     --HOLE-- [fill = 0]
                  00002d78    0000001c     ti_msp_dl_config.o (.text.DL_GPIO_enableHiZ)
                  00002d94    0000001c     ti_msp_dl_config.o (.text.DL_GPIO_initPeripheralOutputFunction)
                  00002db0    0000001c     ti_msp_dl_config.o (.text.DL_SYSCTL_setSYSOSCFreq)
                  00002dcc    0000001c     ti_msp_dl_config.o (.text.DL_SYSCTL_setULPCLKDivider)
                  00002de8    0000001c     driverlib.a : dl_timer.o (.text.DL_Timer_setCaptCompUpdateMethod)
                  00002e04    0000001c                 : dl_timer.o (.text.DL_Timer_setClockConfig)
                  00002e20    0000001c     ti_msp_dl_config.o (.text.DL_UART_enableInterrupt)
                  00002e3c    0000001c     delay.o (.text.delay_ms)
                  00002e58    0000001a     command.o (.text.Command_GetRemain)
                  00002e72    0000001a     command.o (.text.Command_Init)
                  00002e8c    00000018     ti_msp_dl_config.o (.text.DL_GPIO_enableOutput)
                  00002ea4    00000018     ti_msp_dl_config.o (.text.DL_GPIO_enablePower)
                  00002ebc    00000018     ti_msp_dl_config.o (.text.DL_GPIO_initDigitalOutput)
                  00002ed4    00000018     ti_msp_dl_config.o (.text.DL_GPIO_reset)
                  00002eec    00000018     ti_msp_dl_config.o (.text.DL_GPIO_setPins)
                  00002f04    00000018     ti_msp_dl_config.o (.text.DL_I2C_enableAnalogGlitchFilter)
                  00002f1c    00000018     ti_msp_dl_config.o (.text.DL_I2C_enableController)
                  00002f34    00000018     ti_msp_dl_config.o (.text.DL_I2C_enableControllerClockStretching)
                  00002f4c    00000018     ti_msp_dl_config.o (.text.DL_I2C_enablePower)
                  00002f64    00000018     ti_msp_dl_config.o (.text.DL_I2C_reset)
                  00002f7c    00000018     ti_msp_dl_config.o (.text.DL_I2C_setTimerPeriod)
                  00002f94    00000018     ti_msp_dl_config.o (.text.DL_SYSCTL_setBORThreshold)
                  00002fac    00000018     ti_msp_dl_config.o (.text.DL_Timer_enablePower)
                  00002fc4    00000018     ti_msp_dl_config.o (.text.DL_Timer_reset)
                  00002fdc    00000018     driverlib.a : dl_timer.o (.text.DL_Timer_setCaptureCompareOutCtl)
                  00002ff4    00000018     ti_msp_dl_config.o (.text.DL_UART_enableFIFOs)
                  0000300c    00000018     ti_msp_dl_config.o (.text.DL_UART_enablePower)
                  00003024    00000018     usart.o (.text.DL_UART_isBusy)
                  0000303c    00000018     ti_msp_dl_config.o (.text.DL_UART_reset)
                  00003054    00000018     libc.a : vsprintf.c.obj (.text._outs)
                  0000306c    00000016     ti_msp_dl_config.o (.text.DL_UART_enable)
                  00003082    00000016     usart.o (.text.DL_UART_transmitData)
                  00003098    00000016     libc.a : copy_zero_init.c.obj (.text:decompress:ZI:__TI_zero_init_nomemset)
                  000030ae    00000014     ti_msp_dl_config.o (.text.DL_GPIO_clearPins)
                  000030c2    00000002     --HOLE-- [fill = 0]
                  000030c4    00000014     ti_msp_dl_config.o (.text.DL_I2C_resetControllerTransfer)
                  000030d8    00000014     ti_msp_dl_config.o (.text.DL_SYSCTL_disableSYSPLL)
                  000030ec    00000014     ti_msp_dl_config.o (.text.DL_Timer_enableClock)
                  00003100    00000014     ti_msp_dl_config.o (.text.DL_Timer_setCCPDirection)
                  00003114    00000014     app_openmv.o (.text.DL_UART_receiveData)
                  00003128    00000014     usart.o (.text.DL_UART_receiveData)
                  0000313c    00000014     libclang_rt.builtins.a : aeabi_uldivmod.S.obj (.text.__aeabi_uldivmod)
                  00003150    00000014     libc.a : _printfi.c.obj (.text.strchr)
                  00003164    00000012     app_openmv.o (.text.DL_UART_getPendingInterrupt)
                  00003176    00000012     usart.o (.text.DL_UART_getPendingInterrupt)
                  00003188    00000012     driverlib.a : dl_uart.o (.text.DL_UART_setClockConfig)
                  0000319a    00000012     libc.a : memcpy16.S.obj (.text:TI_memcpy_small)
                  000031ac    00000012            : copy_decompress_none.c.obj (.text:decompress:none)
                  000031be    00000002     --HOLE-- [fill = 0]
                  000031c0    00000010     ti_msp_dl_config.o (.text.DL_SYSCTL_disableHFXT)
                  000031d0    00000010     driverlib.a : dl_timer.o (.text.DL_Timer_setCaptureCompareValue)
                  000031e0    00000010     ti_msp_dl_config.o (.text.SYSCFG_DL_SYSTICK_init)
                  000031f0    00000010     libc.a : wcslen.c.obj (.text.wcslen)
                  00003200    0000000e     libclang_rt.builtins.a : aeabi_memset.S.obj (.text.__aeabi_memset)
                  0000320e    0000000e     libc.a : _printfi.c.obj (.text.strlen)
                  0000321c    0000000e            : memset16.S.obj (.text:TI_memset_small)
                  0000322a    0000000a     driverlib.a : dl_common.o (.text.DL_Common_delayCycles)
                  00003234    0000000a     libc.a : _printfi.c.obj (.text.OUTLINED_FUNCTION_0)
                  0000323e    00000002     --HOLE-- [fill = 0]
                  00003240    00000010     libclang_rt.builtins.a : adddf3.S.obj (.tramp.__aeabi_dsub.1)
                  00003250    0000000a     libc.a : _printfi.c.obj (.text.OUTLINED_FUNCTION_1)
                  0000325a    0000000a            : vsprintf.c.obj (.text._outc)
                  00003264    0000000a     main.o (.text.main)
                  0000326e    00000002     --HOLE-- [fill = 0]
                  00003270    00000008     libc.a : aeabi_portable.c.obj (.text.__aeabi_errno_addr)
                  00003278    00000008     libclang_rt.builtins.a : aeabi_memcpy.S.obj (.text.__aeabi_memcpy)
                  00003280    00000006     libc.a : exit.c.obj (.text:abort)
                  00003286    00000004     startup_mspm0g350x_ticlang.o (.text.Default_Handler)
                  0000328a    00000004     libsysbm.a : hostexit.c.obj (.text.HOSTexit)
                  0000328e    00000004     startup_mspm0g350x_ticlang.o (.text.Reset_Handler)
                  00003292    00000004     libc.a : pre_init.c.obj (.text._system_pre_init)
                  00003296    00000002     --HOLE-- [fill = 0]

.cinit     0    00003440    00000030     
                  00003440    0000000c     (__TI_handler_table)
                  0000344c    00000009     (.cinit..data.load) [load image, compression = lzss]
                  00003455    00000003     --HOLE-- [fill = 0]
                  00003458    00000008     (.cinit..bss.load) [load image, compression = zero_init]
                  00003460    00000010     (__TI_cinit_table)

.rodata    0    000032a0    000001a0     
                  000032a0    00000101     libc.a : aeabi_ctype.S.obj (.rodata:__aeabi_ctype_table_)
                  000033a1    00000003     ti_msp_dl_config.o (.rodata.gAINClockConfig)
                  000033a4    00000028     ti_msp_dl_config.o (.rodata.gSYSPLLConfig)
                  000033cc    00000011     libc.a : _printfi.c.obj (.rodata.str1.10348868589481759720.1)
                  000033dd    00000011            : _printfi.c.obj (.rodata.str1.15363888844622738466.1)
                  000033ee    0000000a     ti_msp_dl_config.o (.rodata.gBLE05Config)
                  000033f8    0000000a     ti_msp_dl_config.o (.rodata.gOPENMVConfig)
                  00003402    00000002     ti_msp_dl_config.o (.rodata.gBLE05ClockConfig)
                  00003404    00000008     ti_msp_dl_config.o (.rodata.gAINConfig)
                  0000340c    00000008     ti_msp_dl_config.o (.rodata.gBEEZConfig)
                  00003414    00000008     ti_msp_dl_config.o (.rodata.gBINConfig)
                  0000341c    00000008     ti_msp_dl_config.o (.rodata.gServo_1Config)
                  00003424    00000007     test_AT8236.o (.rodata.str1.7322091750696364658.1)
                  0000342b    00000003     ti_msp_dl_config.o (.rodata.gBEEZClockConfig)
                  0000342e    00000003     ti_msp_dl_config.o (.rodata.gBINClockConfig)
                  00003431    00000003     ti_msp_dl_config.o (.rodata.gServo_1ClockConfig)
                  00003434    00000002     ti_msp_dl_config.o (.rodata.gJY61PClockConfig)
                  00003436    00000002     ti_msp_dl_config.o (.rodata.gOPENMVClockConfig)
                  00003438    00000008     --HOLE-- [fill = 0]

.init_array 
*          0    00000000    00000000     UNINITIALIZED

.binit     0    00000000    00000000     

.bss       0    20200000    0000035c     UNINITIALIZED
                  20200000    00000102     (.common:openmv_recvied)
                  20200102    00000001     (.common:i)
                  20200103    00000001     (.common:usart_ch)
                  20200104    000000bc     (.common:gBEEZBackup)
                  202001c0    000000bc     (.common:gServo_1Backup)
                  2020027c    000000a0     (.common:gAINBackup)
                  2020031c    00000030     (.common:gOPENMVBackup)
                  2020034c    00000008     (.common:BLE05)
                  20200354    00000008     (.common:OpenMV)

.data      0    20200360    00000327     UNINITIALIZED
                  20200360    00000100     usart.o (.data.usart0_str)
                  20200460    00000100     usart.o (.data.usart1_str)
                  20200560    00000100     usart.o (.data.usart2_str)
                  20200660    00000008     delay.o (.data.systicks)
                  20200668    00000004     libc.a : aeabi_portable.c.obj (.data.__aeabi_errno)
                  2020066c    00000004     usart.o (.data.usart0_str_index)
                  20200670    00000004     usart.o (.data.usart0_str_received)
                  20200674    00000004     usart.o (.data.usart1_str_index)
                  20200678    00000004     usart.o (.data.usart1_str_received)
                  2020067c    00000004     usart.o (.data.usart2_str_index)
                  20200680    00000004     usart.o (.data.usart2_str_received)
                  20200684    00000001     usart.o (.data.usart0_ch)
                  20200685    00000001     usart.o (.data.usart1_ch)
                  20200686    00000001     usart.o (.data.usart2_ch)

.stack     0    20207e00    00000200     UNINITIALIZED
                  20207e00    00000004     libc.a : boot_cortex_m.c.obj (.stack)
                  20207e04    000001fc     --HOLE--

__llvm_prf_cnts 
*          0    20200000    00000000     UNINITIALIZED

__llvm_prf_bits 
*          0    20200000    00000000     UNINITIALIZED

MODULE SUMMARY

       Module                         code    ro data   rw data
       ------                         ----    -------   -------
    .\
       main.o                         10      0         274    
       startup_mspm0g350x_ticlang.o   8       192       0      
    +--+------------------------------+-------+---------+---------+
       Total:                         18      192       274    
                                                               
    .\app\AT8236\
       app_AT8236.o                   336     0         0      
    +--+------------------------------+-------+---------+---------+
       Total:                         336     0         0      
                                                               
    .\app\BLE05\
       app_ble05.o                    32      0         0      
    +--+------------------------------+-------+---------+---------+
       Total:                         32      0         0      
                                                               
    .\app\openmv\
       app_openmv.o                   150     0         2      
    +--+------------------------------+-------+---------+---------+
       Total:                         150     0         2      
                                                               
    .\lib\command\
       command.o                      260     0         0      
    +--+------------------------------+-------+---------+---------+
       Total:                         260     0         0      
                                                               
    .\lib\delay\
       delay.o                        64      0         8      
    +--+------------------------------+-------+---------+---------+
       Total:                         64      0         8      
                                                               
    .\lib\usart\
       usart.o                        642     0         795    
    +--+------------------------------+-------+---------+---------+
       Total:                         642     0         795    
                                                               
    .\syscfg\
       ti_msp_dl_config.o             3106    110       584    
    +--+------------------------------+-------+---------+---------+
       Total:                         3106    110       584    
                                                               
    .\test\AT8236\
       test_AT8236.o                  96      7         0      
    +--+------------------------------+-------+---------+---------+
       Total:                         96      7         0      
                                                               
    C:/TI/mspm0_sdk_2_04_00_06/source/ti/driverlib/lib/ticlang/m0p/mspm0g1x0x_g3x0x/driverlib.a
       dl_timer.o                     356     0         0      
       dl_sysctl_mspm0g1x0x_g3x0x.o   288     0         0      
       dl_uart.o                      90      0         0      
       dl_i2c.o                       38      0         0      
       dl_common.o                    10      0         0      
    +--+------------------------------+-------+---------+---------+
       Total:                         782     0         0      
                                                               
    D:\CCS\ccs\tools\compiler\ti-cgt-armllvm_4.0.2.LTS\lib\armv6m-ti-none-eabi/c/libc.a
       _printfi.c.obj                 4510    34        0      
       aeabi_ctype.S.obj              0       257       0      
       s_scalbn.c.obj                 216     0         0      
       copy_decompress_lzss.c.obj     124     0         0      
       s_frexp.c.obj                  92      0         0      
       _ltoa.c.obj                    88      0         0      
       vsprintf.c.obj                 78      0         0      
       atoi.c.obj                     64      0         0      
       autoinit.c.obj                 60      0         0      
       boot_cortex_m.c.obj            40      0         0      
       memccpy.c.obj                  34      0         0      
       copy_zero_init.c.obj           22      0         0      
       copy_decompress_none.c.obj     18      0         0      
       memcpy16.S.obj                 18      0         0      
       wcslen.c.obj                   16      0         0      
       memset16.S.obj                 14      0         0      
       aeabi_portable.c.obj           8       0         4      
       exit.c.obj                     6       0         0      
       pre_init.c.obj                 4       0         0      
    +--+------------------------------+-------+---------+---------+
       Total:                         5412    291       4      
                                                               
    D:\CCS\ccs\tools\compiler\ti-cgt-armllvm_4.0.2.LTS\lib\armv6m-ti-none-eabi/c/libsysbm.a
       hostexit.c.obj                 4       0         0      
    +--+------------------------------+-------+---------+---------+
       Total:                         4       0         0      
                                                               
    D:\CCS\ccs\tools\compiler\ti-cgt-armllvm_4.0.2.LTS\lib\armv6m-ti-none-eabi/libclang_rt.builtins.a
       adddf3.S.obj                   418     0         0      
       divdf3.S.obj                   268     0         0      
       muldf3.S.obj                   228     0         0      
       comparedf2.c.obj               220     0         0      
       udivmoddi4.S.obj               162     0         0      
       aeabi_dcmp.S.obj               98      0         0      
       aeabi_idivmod.S.obj            86      0         0      
       fixdfsi.S.obj                  74      0         0      
       aeabi_uidivmod.S.obj           64      0         0      
       muldsi3.S.obj                  58      0         0      
       floatsidf.S.obj                44      0         0      
       muldi3.S.obj                   36      0         0      
       ashldi3.S.obj                  30      0         0      
       aeabi_uldivmod.S.obj           20      0         0      
       aeabi_memset.S.obj             14      0         0      
       aeabi_memcpy.S.obj             8       0         0      
       aeabi_div0.c.obj               4       0         0      
    +--+------------------------------+-------+---------+---------+
       Total:                         1832    0         0      
                                                               
       Stack:                         0       0         512    
       Linker Generated:              0       45        0      
    +--+------------------------------+-------+---------+---------+
       Grand Total:                   12734   645       2179   


LINKER GENERATED COPY TABLES

__TI_cinit_table @ 00003460 records: 2, size/record: 8, table size: 16
	.data: load addr=0000344c, load size=00000009 bytes, run addr=20200360, run size=00000327 bytes, compression=lzss
	.bss: load addr=00003458, load size=00000008 bytes, run addr=20200000, run size=0000035c bytes, compression=zero_init


LINKER GENERATED HANDLER TABLE

__TI_handler_table @ 00003440 records: 3, size/record: 4, table size: 12
	index: 0, handler: __TI_decompress_lzss
	index: 1, handler: __TI_decompress_none
	index: 2, handler: __TI_zero_init


FAR CALL TRAMPOLINES

callee name               trampoline name
   callee addr  tramp addr   call addr  call info
--------------  -----------  ---------  ----------------
__aeabi_dsub              $Tramp$TT$L$PI$$__aeabi_dsub
   00001021     00003240     0000323c   libc.a : _printfi.c.obj (.text.OUTLINED_FUNCTION_0)

[1 trampolines]
[1 trampoline calls]


GLOBAL SYMBOLS: SORTED ALPHABETICALLY BY Name 

address   name                                 
-------   ----                                 
00003287  ADC0_IRQHandler                      
00003287  ADC1_IRQHandler                      
00003287  AES_IRQHandler                       
000020f5  AT8236_AOUT_FD                       
00002c09  AT8236_AOUT_Slip                     
00002a7d  AT8236_AOUT_Stop                     
00002151  AT8236_BOUT_FD                       
00002c2d  AT8236_BOUT_Slip                     
00002aa5  AT8236_BOUT_Stop                     
2020034c  BLE05                                
00002cbd  BLE05_Init                           
0000328a  C$$EXIT                              
00003287  CANFD0_IRQHandler                    
00002d5b  Command_GetLength                    
00002e59  Command_GetRemain                    
00002e73  Command_Init                         
000018b9  Command_Write                        
00003287  DAC0_IRQHandler                      
0000322b  DL_Common_delayCycles                
00002be3  DL_I2C_setClockConfig                
00001705  DL_SYSCTL_configSYSPLL               
00002541  DL_SYSCTL_switchMCLKfromSYSOSCtoHSCLK
0000151d  DL_Timer_initFourCCPWMMode           
00002de9  DL_Timer_setCaptCompUpdateMethod     
00002fdd  DL_Timer_setCaptureCompareOutCtl     
000031d1  DL_Timer_setCaptureCompareValue      
00002e05  DL_Timer_setClockConfig              
000024f9  DL_UART_init                         
00003189  DL_UART_setClockConfig               
00003287  DMA_IRQHandler                       
00003287  Default_Handler                      
00003287  GROUP0_IRQHandler                    
00003287  GROUP1_IRQHandler                    
0000328b  HOSTexit                             
00003287  HardFault_Handler                    
00003287  I2C0_IRQHandler                      
00003287  I2C1_IRQHandler                      
00003287  NMI_Handler                          
20200354  OpenMV                               
00002819  OpenMV_Init                          
00003287  PendSV_Handler                       
00003287  RTC_IRQHandler                       
0000328f  Reset_Handler                        
00003287  SPI0_IRQHandler                      
00003287  SPI1_IRQHandler                      
00003287  SVC_Handler                          
00001ac1  SYSCFG_DL_AIN_init                   
00001dcd  SYSCFG_DL_BEEZ_init                  
00001b51  SYSCFG_DL_BIN_init                   
00001fd5  SYSCFG_DL_BLE05_init                 
00000e8d  SYSCFG_DL_GPIO_init                  
00002209  SYSCFG_DL_JY61P_init                 
00002035  SYSCFG_DL_OPENMV_init                
000026bd  SYSCFG_DL_SYSCTL_init                
000031e1  SYSCFG_DL_SYSTICK_init               
00001e39  SYSCFG_DL_Servo_1_init               
00002261  SYSCFG_DL_init                       
0000196d  SYSCFG_DL_initPower                  
00002c51  SysTick_Handler                      
00003287  TIMA0_IRQHandler                     
00003287  TIMA1_IRQHandler                     
00003287  TIMG0_IRQHandler                     
00003287  TIMG12_IRQHandler                    
00003287  TIMG6_IRQHandler                     
00003287  TIMG7_IRQHandler                     
00003287  TIMG8_IRQHandler                     
0000319b  TI_memcpy_small                      
0000321d  TI_memset_small                      
00002095  Test_AT8236                          
000028e1  UART0_IRQHandler                     
00002911  UART1_IRQHandler                     
00002941  UART2_IRQHandler                     
000026f9  UART3_IRQHandler                     
00001ce1  UART_IRQHandler                      
0000284d  USART_Init                           
0000287f  USART_Printf                         
000029a1  USART_SendChar                       
00002585  USART_SendString                     
20208000  __STACK_END                          
00000200  __STACK_SIZE                         
00000000  __TI_ATRegion0_region_sz             
00000000  __TI_ATRegion0_src_addr              
00000000  __TI_ATRegion0_trg_addr              
00000000  __TI_ATRegion1_region_sz             
00000000  __TI_ATRegion1_src_addr              
00000000  __TI_ATRegion1_trg_addr              
00000000  __TI_ATRegion2_region_sz             
00000000  __TI_ATRegion2_src_addr              
00000000  __TI_ATRegion2_trg_addr              
00003460  __TI_CINIT_Base                      
00003470  __TI_CINIT_Limit                     
00003470  __TI_CINIT_Warm                      
00003440  __TI_Handler_Table_Base              
0000344c  __TI_Handler_Table_Limit             
00002735  __TI_auto_init_nobinit_nopinit       
00001c65  __TI_decompress_lzss                 
000031ad  __TI_decompress_none                 
000022b9  __TI_ltoa                            
ffffffff  __TI_pprof_out_hndl                  
000000c1  __TI_printfi                         
ffffffff  __TI_prof_data_size                  
ffffffff  __TI_prof_data_start                 
00000000  __TI_static_base__                   
00003099  __TI_zero_init_nomemset              
0000102b  __adddf3                             
000032a0  __aeabi_ctype_table_                 
000032a0  __aeabi_ctype_table_C                
000024ad  __aeabi_d2iz                         
0000102b  __aeabi_dadd                         
00001f71  __aeabi_dcmpeq                       
00001fad  __aeabi_dcmpge                       
00001fc1  __aeabi_dcmpgt                       
00001f99  __aeabi_dcmple                       
00001f85  __aeabi_dcmplt                       
00001411  __aeabi_ddiv                         
00001621  __aeabi_dmul                         
00001021  __aeabi_dsub                         
20200668  __aeabi_errno                        
00003271  __aeabi_errno_addr                   
00002a25  __aeabi_i2d                          
00002369  __aeabi_idiv                         
000011b3  __aeabi_idiv0                        
00002369  __aeabi_idivmod                      
00001abf  __aeabi_ldiv0                        
00002d3d  __aeabi_llsl                         
00002c75  __aeabi_lmul                         
00003279  __aeabi_memcpy                       
00003279  __aeabi_memcpy4                      
00003279  __aeabi_memcpy8                      
00003201  __aeabi_memset                       
00003201  __aeabi_memset4                      
00003201  __aeabi_memset8                      
000025c5  __aeabi_uidiv                        
000025c5  __aeabi_uidivmod                     
0000313d  __aeabi_uldivmod                     
00002d3d  __ashldi3                            
ffffffff  __binit__                            
00001ea1  __cmpdf2                             
00001411  __divdf3                             
00001ea1  __eqdf2                              
000024ad  __fixdfsi                            
00002a25  __floatsidf                          
00001d59  __gedf2                              
00001d59  __gtdf2                              
00001ea1  __ledf2                              
00001ea1  __ltdf2                              
UNDEFED   __mpu_init                           
00001621  __muldf3                             
00002c75  __muldi3                             
00002771  __muldsi3                            
00001ea1  __nedf2                              
20207e00  __stack                              
20200000  __start___llvm_prf_bits              
20200000  __start___llvm_prf_cnts              
20200000  __stop___llvm_prf_bits               
20200000  __stop___llvm_prf_cnts               
00001021  __subdf3                             
00001a1d  __udivmoddi4                         
00002b95  _c_int00_noargs                      
UNDEFED   _system_post_cinit                   
00003293  _system_pre_init                     
00003281  abort                                
00002605  atoi                                 
ffffffff  binit                                
00002e3d  delay_ms                             
000021ad  frexp                                
000021ad  frexpl                               
2020027c  gAINBackup                           
20200104  gBEEZBackup                          
2020031c  gOPENMVBackup                        
202001c0  gServo_1Backup                       
20200102  i                                    
00000000  interruptVectors                     
000017e1  ldexp                                
000017e1  ldexpl                               
00003265  main                                 
00002c99  memccpy                              
20200000  openmv_recvied                       
000017e1  scalbn                               
000017e1  scalbnl                              
20200684  usart0_ch                            
20200360  usart0_str                           
2020066c  usart0_str_index                     
20200670  usart0_str_received                  
20200685  usart1_ch                            
20200460  usart1_str                           
20200674  usart1_str_index                     
20200678  usart1_str_received                  
20200686  usart2_ch                            
20200560  usart2_str                           
2020067c  usart2_str_index                     
20200680  usart2_str_received                  
20200103  usart_ch                             
00002a51  vsprintf                             
000031f1  wcslen                               


GLOBAL SYMBOLS: SORTED BY Symbol Address 

address   name                                 
-------   ----                                 
00000000  __TI_ATRegion0_region_sz             
00000000  __TI_ATRegion0_src_addr              
00000000  __TI_ATRegion0_trg_addr              
00000000  __TI_ATRegion1_region_sz             
00000000  __TI_ATRegion1_src_addr              
00000000  __TI_ATRegion1_trg_addr              
00000000  __TI_ATRegion2_region_sz             
00000000  __TI_ATRegion2_src_addr              
00000000  __TI_ATRegion2_trg_addr              
00000000  __TI_static_base__                   
00000000  interruptVectors                     
000000c1  __TI_printfi                         
00000200  __STACK_SIZE                         
00000e8d  SYSCFG_DL_GPIO_init                  
00001021  __aeabi_dsub                         
00001021  __subdf3                             
0000102b  __adddf3                             
0000102b  __aeabi_dadd                         
000011b3  __aeabi_idiv0                        
00001411  __aeabi_ddiv                         
00001411  __divdf3                             
0000151d  DL_Timer_initFourCCPWMMode           
00001621  __aeabi_dmul                         
00001621  __muldf3                             
00001705  DL_SYSCTL_configSYSPLL               
000017e1  ldexp                                
000017e1  ldexpl                               
000017e1  scalbn                               
000017e1  scalbnl                              
000018b9  Command_Write                        
0000196d  SYSCFG_DL_initPower                  
00001a1d  __udivmoddi4                         
00001abf  __aeabi_ldiv0                        
00001ac1  SYSCFG_DL_AIN_init                   
00001b51  SYSCFG_DL_BIN_init                   
00001c65  __TI_decompress_lzss                 
00001ce1  UART_IRQHandler                      
00001d59  __gedf2                              
00001d59  __gtdf2                              
00001dcd  SYSCFG_DL_BEEZ_init                  
00001e39  SYSCFG_DL_Servo_1_init               
00001ea1  __cmpdf2                             
00001ea1  __eqdf2                              
00001ea1  __ledf2                              
00001ea1  __ltdf2                              
00001ea1  __nedf2                              
00001f71  __aeabi_dcmpeq                       
00001f85  __aeabi_dcmplt                       
00001f99  __aeabi_dcmple                       
00001fad  __aeabi_dcmpge                       
00001fc1  __aeabi_dcmpgt                       
00001fd5  SYSCFG_DL_BLE05_init                 
00002035  SYSCFG_DL_OPENMV_init                
00002095  Test_AT8236                          
000020f5  AT8236_AOUT_FD                       
00002151  AT8236_BOUT_FD                       
000021ad  frexp                                
000021ad  frexpl                               
00002209  SYSCFG_DL_JY61P_init                 
00002261  SYSCFG_DL_init                       
000022b9  __TI_ltoa                            
00002369  __aeabi_idiv                         
00002369  __aeabi_idivmod                      
000024ad  __aeabi_d2iz                         
000024ad  __fixdfsi                            
000024f9  DL_UART_init                         
00002541  DL_SYSCTL_switchMCLKfromSYSOSCtoHSCLK
00002585  USART_SendString                     
000025c5  __aeabi_uidiv                        
000025c5  __aeabi_uidivmod                     
00002605  atoi                                 
000026bd  SYSCFG_DL_SYSCTL_init                
000026f9  UART3_IRQHandler                     
00002735  __TI_auto_init_nobinit_nopinit       
00002771  __muldsi3                            
00002819  OpenMV_Init                          
0000284d  USART_Init                           
0000287f  USART_Printf                         
000028e1  UART0_IRQHandler                     
00002911  UART1_IRQHandler                     
00002941  UART2_IRQHandler                     
000029a1  USART_SendChar                       
00002a25  __aeabi_i2d                          
00002a25  __floatsidf                          
00002a51  vsprintf                             
00002a7d  AT8236_AOUT_Stop                     
00002aa5  AT8236_BOUT_Stop                     
00002b95  _c_int00_noargs                      
00002be3  DL_I2C_setClockConfig                
00002c09  AT8236_AOUT_Slip                     
00002c2d  AT8236_BOUT_Slip                     
00002c51  SysTick_Handler                      
00002c75  __aeabi_lmul                         
00002c75  __muldi3                             
00002c99  memccpy                              
00002cbd  BLE05_Init                           
00002d3d  __aeabi_llsl                         
00002d3d  __ashldi3                            
00002d5b  Command_GetLength                    
00002de9  DL_Timer_setCaptCompUpdateMethod     
00002e05  DL_Timer_setClockConfig              
00002e3d  delay_ms                             
00002e59  Command_GetRemain                    
00002e73  Command_Init                         
00002fdd  DL_Timer_setCaptureCompareOutCtl     
00003099  __TI_zero_init_nomemset              
0000313d  __aeabi_uldivmod                     
00003189  DL_UART_setClockConfig               
0000319b  TI_memcpy_small                      
000031ad  __TI_decompress_none                 
000031d1  DL_Timer_setCaptureCompareValue      
000031e1  SYSCFG_DL_SYSTICK_init               
000031f1  wcslen                               
00003201  __aeabi_memset                       
00003201  __aeabi_memset4                      
00003201  __aeabi_memset8                      
0000321d  TI_memset_small                      
0000322b  DL_Common_delayCycles                
00003265  main                                 
00003271  __aeabi_errno_addr                   
00003279  __aeabi_memcpy                       
00003279  __aeabi_memcpy4                      
00003279  __aeabi_memcpy8                      
00003281  abort                                
00003287  ADC0_IRQHandler                      
00003287  ADC1_IRQHandler                      
00003287  AES_IRQHandler                       
00003287  CANFD0_IRQHandler                    
00003287  DAC0_IRQHandler                      
00003287  DMA_IRQHandler                       
00003287  Default_Handler                      
00003287  GROUP0_IRQHandler                    
00003287  GROUP1_IRQHandler                    
00003287  HardFault_Handler                    
00003287  I2C0_IRQHandler                      
00003287  I2C1_IRQHandler                      
00003287  NMI_Handler                          
00003287  PendSV_Handler                       
00003287  RTC_IRQHandler                       
00003287  SPI0_IRQHandler                      
00003287  SPI1_IRQHandler                      
00003287  SVC_Handler                          
00003287  TIMA0_IRQHandler                     
00003287  TIMA1_IRQHandler                     
00003287  TIMG0_IRQHandler                     
00003287  TIMG12_IRQHandler                    
00003287  TIMG6_IRQHandler                     
00003287  TIMG7_IRQHandler                     
00003287  TIMG8_IRQHandler                     
0000328a  C$$EXIT                              
0000328b  HOSTexit                             
0000328f  Reset_Handler                        
00003293  _system_pre_init                     
000032a0  __aeabi_ctype_table_                 
000032a0  __aeabi_ctype_table_C                
00003440  __TI_Handler_Table_Base              
0000344c  __TI_Handler_Table_Limit             
00003460  __TI_CINIT_Base                      
00003470  __TI_CINIT_Limit                     
00003470  __TI_CINIT_Warm                      
20200000  __start___llvm_prf_bits              
20200000  __start___llvm_prf_cnts              
20200000  __stop___llvm_prf_bits               
20200000  __stop___llvm_prf_cnts               
20200000  openmv_recvied                       
20200102  i                                    
20200103  usart_ch                             
20200104  gBEEZBackup                          
202001c0  gServo_1Backup                       
2020027c  gAINBackup                           
2020031c  gOPENMVBackup                        
2020034c  BLE05                                
20200354  OpenMV                               
20200360  usart0_str                           
20200460  usart1_str                           
20200560  usart2_str                           
20200668  __aeabi_errno                        
2020066c  usart0_str_index                     
20200670  usart0_str_received                  
20200674  usart1_str_index                     
20200678  usart1_str_received                  
2020067c  usart2_str_index                     
20200680  usart2_str_received                  
20200684  usart0_ch                            
20200685  usart1_ch                            
20200686  usart2_ch                            
20207e00  __stack                              
20208000  __STACK_END                          
ffffffff  __TI_pprof_out_hndl                  
ffffffff  __TI_prof_data_size                  
ffffffff  __TI_prof_data_start                 
ffffffff  __binit__                            
ffffffff  binit                                
UNDEFED   __mpu_init                           
UNDEFED   _system_post_cinit                   

[195 symbols]
