<?xml version="1.0" encoding="ISO-8859-1" ?>
<link_info>
   <banner>TI ARM Clang Linker PC v4.0.2.LTS</banner>
   <copyright>Copyright (c) 1996-2018 Texas Instruments Incorporated</copyright>
   <command_line>D:\CCS\ccs\tools\compiler\ti-cgt-armllvm_4.0.2.LTS\bin\tiarmlnk -ID:\CCS\ccs\tools\compiler\ti-cgt-armllvm_4.0.2.LTS\lib -o Car_2.0.out -mCar_2.0.map -iD:/NUEDC/Car_2.0/Debug/syscfg -iD:/CCS/ccs/tools/compiler/ti-cgt-armllvm_4.0.2.LTS/lib -iD:/NUEDC/Car_2.0 -iC:/TI/mspm0_sdk_2_04_00_06/source --diag_wrap=off --display_error_number --warn_sections --xml_link_info=Car_2.0_linkInfo.xml --rom_model ./main.o ./syscfg/ti_msp_dl_config.o ./startup_mspm0g350x_ticlang.o ./app/AT8236/app_AT8236.o ./app/BLE05/app_ble05.o ./app/JY61P/app_jy61p.o ./app/button/app_button.o ./app/openmv/app_openmv.o ./lib/command/command.o ./lib/delay/delay.o ./lib/i2c/i2c.o ./lib/key/key.o ./lib/pid/pid.o ./lib/servo/servo.o ./lib/usart/usart.o ./test/AT8236/test_AT8236.o ./test/button/test_button.o ./test/openmv/test_openmv.o -lsyscfg/device_linker.cmd -ldevice.cmd.genlibs -llibc.a --start-group -llibc++.a -llibc++abi.a -llibc.a -llibsys.a -llibsysbm.a -llibclang_rt.builtins.a -llibclang_rt.profile.a --end-group --cg_opt_level=0</command_line>
   <link_time>0x6873743c</link_time>
   <link_errors>0x0</link_errors>
   <output_file>D:\NUEDC\Car_2.0\Debug\Car_2.0.out</output_file>
   <entry_point>
      <name>_c_int00_noargs</name>
      <address>0x2b95</address>
   </entry_point>
   <input_file_list>
      <input_file id="fl-1">
         <path>D:\NUEDC\Car_2.0\Debug\.\</path>
         <kind>object</kind>
         <file>main.o</file>
         <name>main.o</name>
      </input_file>
      <input_file id="fl-2">
         <path>D:\NUEDC\Car_2.0\Debug\.\syscfg\</path>
         <kind>object</kind>
         <file>ti_msp_dl_config.o</file>
         <name>ti_msp_dl_config.o</name>
      </input_file>
      <input_file id="fl-3">
         <path>D:\NUEDC\Car_2.0\Debug\.\</path>
         <kind>object</kind>
         <file>startup_mspm0g350x_ticlang.o</file>
         <name>startup_mspm0g350x_ticlang.o</name>
      </input_file>
      <input_file id="fl-4">
         <path>D:\NUEDC\Car_2.0\Debug\.\app\AT8236\</path>
         <kind>object</kind>
         <file>app_AT8236.o</file>
         <name>app_AT8236.o</name>
      </input_file>
      <input_file id="fl-5">
         <path>D:\NUEDC\Car_2.0\Debug\.\app\BLE05\</path>
         <kind>object</kind>
         <file>app_ble05.o</file>
         <name>app_ble05.o</name>
      </input_file>
      <input_file id="fl-6">
         <path>D:\NUEDC\Car_2.0\Debug\.\app\JY61P\</path>
         <kind>object</kind>
         <file>app_jy61p.o</file>
         <name>app_jy61p.o</name>
      </input_file>
      <input_file id="fl-7">
         <path>D:\NUEDC\Car_2.0\Debug\.\app\button\</path>
         <kind>object</kind>
         <file>app_button.o</file>
         <name>app_button.o</name>
      </input_file>
      <input_file id="fl-8">
         <path>D:\NUEDC\Car_2.0\Debug\.\app\openmv\</path>
         <kind>object</kind>
         <file>app_openmv.o</file>
         <name>app_openmv.o</name>
      </input_file>
      <input_file id="fl-9">
         <path>D:\NUEDC\Car_2.0\Debug\.\lib\command\</path>
         <kind>object</kind>
         <file>command.o</file>
         <name>command.o</name>
      </input_file>
      <input_file id="fl-a">
         <path>D:\NUEDC\Car_2.0\Debug\.\lib\delay\</path>
         <kind>object</kind>
         <file>delay.o</file>
         <name>delay.o</name>
      </input_file>
      <input_file id="fl-b">
         <path>D:\NUEDC\Car_2.0\Debug\.\lib\i2c\</path>
         <kind>object</kind>
         <file>i2c.o</file>
         <name>i2c.o</name>
      </input_file>
      <input_file id="fl-c">
         <path>D:\NUEDC\Car_2.0\Debug\.\lib\key\</path>
         <kind>object</kind>
         <file>key.o</file>
         <name>key.o</name>
      </input_file>
      <input_file id="fl-d">
         <path>D:\NUEDC\Car_2.0\Debug\.\lib\pid\</path>
         <kind>object</kind>
         <file>pid.o</file>
         <name>pid.o</name>
      </input_file>
      <input_file id="fl-e">
         <path>D:\NUEDC\Car_2.0\Debug\.\lib\servo\</path>
         <kind>object</kind>
         <file>servo.o</file>
         <name>servo.o</name>
      </input_file>
      <input_file id="fl-f">
         <path>D:\NUEDC\Car_2.0\Debug\.\lib\usart\</path>
         <kind>object</kind>
         <file>usart.o</file>
         <name>usart.o</name>
      </input_file>
      <input_file id="fl-10">
         <path>D:\NUEDC\Car_2.0\Debug\.\test\AT8236\</path>
         <kind>object</kind>
         <file>test_AT8236.o</file>
         <name>test_AT8236.o</name>
      </input_file>
      <input_file id="fl-11">
         <path>D:\NUEDC\Car_2.0\Debug\.\test\button\</path>
         <kind>object</kind>
         <file>test_button.o</file>
         <name>test_button.o</name>
      </input_file>
      <input_file id="fl-12">
         <path>D:\NUEDC\Car_2.0\Debug\.\test\openmv\</path>
         <kind>object</kind>
         <file>test_openmv.o</file>
         <name>test_openmv.o</name>
      </input_file>
      <input_file id="fl-1f">
         <path>D:\NUEDC\Car_2.0\Debug\</path>
         <kind>object</kind>
         <file>&lt;internal&gt;</file>
         <name>&lt;internal&gt;</name>
      </input_file>
      <input_file id="fl-20">
         <path>C:\TI\mspm0_sdk_2_04_00_06\source\ti\driverlib\lib\ticlang\m0p\mspm0g1x0x_g3x0x\</path>
         <kind>archive</kind>
         <file>driverlib.a</file>
         <name>dl_common.o</name>
      </input_file>
      <input_file id="fl-21">
         <path>C:\TI\mspm0_sdk_2_04_00_06\source\ti\driverlib\lib\ticlang\m0p\mspm0g1x0x_g3x0x\</path>
         <kind>archive</kind>
         <file>driverlib.a</file>
         <name>dl_i2c.o</name>
      </input_file>
      <input_file id="fl-22">
         <path>C:\TI\mspm0_sdk_2_04_00_06\source\ti\driverlib\lib\ticlang\m0p\mspm0g1x0x_g3x0x\</path>
         <kind>archive</kind>
         <file>driverlib.a</file>
         <name>dl_timer.o</name>
      </input_file>
      <input_file id="fl-23">
         <path>C:\TI\mspm0_sdk_2_04_00_06\source\ti\driverlib\lib\ticlang\m0p\mspm0g1x0x_g3x0x\</path>
         <kind>archive</kind>
         <file>driverlib.a</file>
         <name>dl_uart.o</name>
      </input_file>
      <input_file id="fl-24">
         <path>C:\TI\mspm0_sdk_2_04_00_06\source\ti\driverlib\lib\ticlang\m0p\mspm0g1x0x_g3x0x\</path>
         <kind>archive</kind>
         <file>driverlib.a</file>
         <name>dl_sysctl_mspm0g1x0x_g3x0x.o</name>
      </input_file>
      <input_file id="fl-3b">
         <path>D:\CCS\ccs\tools\compiler\ti-cgt-armllvm_4.0.2.LTS\lib\armv6m-ti-none-eabi\c\</path>
         <kind>archive</kind>
         <file>libc.a</file>
         <name>vsprintf.c.obj</name>
      </input_file>
      <input_file id="fl-3c">
         <path>D:\CCS\ccs\tools\compiler\ti-cgt-armllvm_4.0.2.LTS\lib\armv6m-ti-none-eabi\c\</path>
         <kind>archive</kind>
         <file>libc.a</file>
         <name>e_fmodf.c.obj</name>
      </input_file>
      <input_file id="fl-3d">
         <path>D:\CCS\ccs\tools\compiler\ti-cgt-armllvm_4.0.2.LTS\lib\armv6m-ti-none-eabi\c\</path>
         <kind>archive</kind>
         <file>libc.a</file>
         <name>boot_cortex_m.c.obj</name>
      </input_file>
      <input_file id="fl-3e">
         <path>D:\CCS\ccs\tools\compiler\ti-cgt-armllvm_4.0.2.LTS\lib\armv6m-ti-none-eabi\c\</path>
         <kind>archive</kind>
         <file>libc.a</file>
         <name>mathacl_init.c.obj</name>
      </input_file>
      <input_file id="fl-3f">
         <path>D:\CCS\ccs\tools\compiler\ti-cgt-armllvm_4.0.2.LTS\lib\armv6m-ti-none-eabi\c\</path>
         <kind>archive</kind>
         <file>libc.a</file>
         <name>autoinit.c.obj</name>
      </input_file>
      <input_file id="fl-40">
         <path>D:\CCS\ccs\tools\compiler\ti-cgt-armllvm_4.0.2.LTS\lib\armv6m-ti-none-eabi\c\</path>
         <kind>archive</kind>
         <file>libc.a</file>
         <name>pre_init.c.obj</name>
      </input_file>
      <input_file id="fl-41">
         <path>D:\CCS\ccs\tools\compiler\ti-cgt-armllvm_4.0.2.LTS\lib\armv6m-ti-none-eabi\c\</path>
         <kind>archive</kind>
         <file>libc.a</file>
         <name>cpy_tbl.c.obj</name>
      </input_file>
      <input_file id="fl-42">
         <path>D:\CCS\ccs\tools\compiler\ti-cgt-armllvm_4.0.2.LTS\lib\armv6m-ti-none-eabi\c\</path>
         <kind>archive</kind>
         <file>libc.a</file>
         <name>copy_zero_init.c.obj</name>
      </input_file>
      <input_file id="fl-43">
         <path>D:\CCS\ccs\tools\compiler\ti-cgt-armllvm_4.0.2.LTS\lib\armv6m-ti-none-eabi\c\</path>
         <kind>archive</kind>
         <file>libc.a</file>
         <name>copy_decompress_none.c.obj</name>
      </input_file>
      <input_file id="fl-44">
         <path>D:\CCS\ccs\tools\compiler\ti-cgt-armllvm_4.0.2.LTS\lib\armv6m-ti-none-eabi\c\</path>
         <kind>archive</kind>
         <file>libc.a</file>
         <name>copy_decompress_lzss.c.obj</name>
      </input_file>
      <input_file id="fl-45">
         <path>D:\CCS\ccs\tools\compiler\ti-cgt-armllvm_4.0.2.LTS\lib\armv6m-ti-none-eabi\c\</path>
         <kind>archive</kind>
         <file>libc.a</file>
         <name>_printfi.c.obj</name>
      </input_file>
      <input_file id="fl-46">
         <path>D:\CCS\ccs\tools\compiler\ti-cgt-armllvm_4.0.2.LTS\lib\armv6m-ti-none-eabi\c\</path>
         <kind>archive</kind>
         <file>libc.a</file>
         <name>aeabi_portable.c.obj</name>
      </input_file>
      <input_file id="fl-47">
         <path>D:\CCS\ccs\tools\compiler\ti-cgt-armllvm_4.0.2.LTS\lib\armv6m-ti-none-eabi\c\</path>
         <kind>archive</kind>
         <file>libc.a</file>
         <name>exit.c.obj</name>
      </input_file>
      <input_file id="fl-48">
         <path>D:\CCS\ccs\tools\compiler\ti-cgt-armllvm_4.0.2.LTS\lib\armv6m-ti-none-eabi\c\</path>
         <kind>archive</kind>
         <file>libc.a</file>
         <name>_lock.c.obj</name>
      </input_file>
      <input_file id="fl-49">
         <path>D:\CCS\ccs\tools\compiler\ti-cgt-armllvm_4.0.2.LTS\lib\armv6m-ti-none-eabi\c\</path>
         <kind>archive</kind>
         <file>libc.a</file>
         <name>_ltoa.c.obj</name>
      </input_file>
      <input_file id="fl-4a">
         <path>D:\CCS\ccs\tools\compiler\ti-cgt-armllvm_4.0.2.LTS\lib\armv6m-ti-none-eabi\c\</path>
         <kind>archive</kind>
         <file>libc.a</file>
         <name>args_main.c.obj</name>
      </input_file>
      <input_file id="fl-4b">
         <path>D:\CCS\ccs\tools\compiler\ti-cgt-armllvm_4.0.2.LTS\lib\armv6m-ti-none-eabi\c\</path>
         <kind>archive</kind>
         <file>libc.a</file>
         <name>assert.c.obj</name>
      </input_file>
      <input_file id="fl-4c">
         <path>D:\CCS\ccs\tools\compiler\ti-cgt-armllvm_4.0.2.LTS\lib\armv6m-ti-none-eabi\c\</path>
         <kind>archive</kind>
         <file>libc.a</file>
         <name>atoi.c.obj</name>
      </input_file>
      <input_file id="fl-4d">
         <path>D:\CCS\ccs\tools\compiler\ti-cgt-armllvm_4.0.2.LTS\lib\armv6m-ti-none-eabi\c\</path>
         <kind>archive</kind>
         <file>libc.a</file>
         <name>defs.c.obj</name>
      </input_file>
      <input_file id="fl-4e">
         <path>D:\CCS\ccs\tools\compiler\ti-cgt-armllvm_4.0.2.LTS\lib\armv6m-ti-none-eabi\c\</path>
         <kind>archive</kind>
         <file>libc.a</file>
         <name>memccpy.c.obj</name>
      </input_file>
      <input_file id="fl-4f">
         <path>D:\CCS\ccs\tools\compiler\ti-cgt-armllvm_4.0.2.LTS\lib\armv6m-ti-none-eabi\c\</path>
         <kind>archive</kind>
         <file>libc.a</file>
         <name>memory.c.obj</name>
      </input_file>
      <input_file id="fl-50">
         <path>D:\CCS\ccs\tools\compiler\ti-cgt-armllvm_4.0.2.LTS\lib\armv6m-ti-none-eabi\c\</path>
         <kind>archive</kind>
         <file>libc.a</file>
         <name>s_frexp.c.obj</name>
      </input_file>
      <input_file id="fl-51">
         <path>D:\CCS\ccs\tools\compiler\ti-cgt-armllvm_4.0.2.LTS\lib\armv6m-ti-none-eabi\c\</path>
         <kind>archive</kind>
         <file>libc.a</file>
         <name>s_scalbn.c.obj</name>
      </input_file>
      <input_file id="fl-52">
         <path>D:\CCS\ccs\tools\compiler\ti-cgt-armllvm_4.0.2.LTS\lib\armv6m-ti-none-eabi\c\</path>
         <kind>archive</kind>
         <file>libc.a</file>
         <name>wcslen.c.obj</name>
      </input_file>
      <input_file id="fl-53">
         <path>D:\CCS\ccs\tools\compiler\ti-cgt-armllvm_4.0.2.LTS\lib\armv6m-ti-none-eabi\c\</path>
         <kind>archive</kind>
         <file>libc.a</file>
         <name>sprintf.c.obj</name>
      </input_file>
      <input_file id="fl-54">
         <path>D:\CCS\ccs\tools\compiler\ti-cgt-armllvm_4.0.2.LTS\lib\armv6m-ti-none-eabi\c\</path>
         <kind>archive</kind>
         <file>libc.a</file>
         <name>fflush.c.obj</name>
      </input_file>
      <input_file id="fl-55">
         <path>D:\CCS\ccs\tools\compiler\ti-cgt-armllvm_4.0.2.LTS\lib\armv6m-ti-none-eabi\c\</path>
         <kind>archive</kind>
         <file>libc.a</file>
         <name>fputs.c.obj</name>
      </input_file>
      <input_file id="fl-56">
         <path>D:\CCS\ccs\tools\compiler\ti-cgt-armllvm_4.0.2.LTS\lib\armv6m-ti-none-eabi\c\</path>
         <kind>archive</kind>
         <file>libc.a</file>
         <name>_io_perm.c.obj</name>
      </input_file>
      <input_file id="fl-57">
         <path>D:\CCS\ccs\tools\compiler\ti-cgt-armllvm_4.0.2.LTS\lib\armv6m-ti-none-eabi\c\</path>
         <kind>archive</kind>
         <file>libc.a</file>
         <name>setvbuf.c.obj</name>
      </input_file>
      <input_file id="fl-58">
         <path>D:\CCS\ccs\tools\compiler\ti-cgt-armllvm_4.0.2.LTS\lib\armv6m-ti-none-eabi\c\</path>
         <kind>archive</kind>
         <file>libc.a</file>
         <name>aeabi_ctype.S.obj</name>
      </input_file>
      <input_file id="fl-59">
         <path>D:\CCS\ccs\tools\compiler\ti-cgt-armllvm_4.0.2.LTS\lib\armv6m-ti-none-eabi\c\</path>
         <kind>archive</kind>
         <file>libc.a</file>
         <name>fopen.c.obj</name>
      </input_file>
      <input_file id="fl-5a">
         <path>D:\CCS\ccs\tools\compiler\ti-cgt-armllvm_4.0.2.LTS\lib\armv6m-ti-none-eabi\c\</path>
         <kind>archive</kind>
         <file>libc.a</file>
         <name>fseek.c.obj</name>
      </input_file>
      <input_file id="fl-5b">
         <path>D:\CCS\ccs\tools\compiler\ti-cgt-armllvm_4.0.2.LTS\lib\armv6m-ti-none-eabi\c\</path>
         <kind>archive</kind>
         <file>libc.a</file>
         <name>fclose.c.obj</name>
      </input_file>
      <input_file id="fl-fb">
         <path>D:\CCS\ccs\tools\compiler\ti-cgt-armllvm_4.0.2.LTS\lib\armv6m-ti-none-eabi\c\</path>
         <kind>archive</kind>
         <file>libsysbm.a</file>
         <name>hostexit.c.obj</name>
      </input_file>
      <input_file id="fl-fc">
         <path>D:\CCS\ccs\tools\compiler\ti-cgt-armllvm_4.0.2.LTS\lib\armv6m-ti-none-eabi\c\</path>
         <kind>archive</kind>
         <file>libsysbm.a</file>
         <name>write.c.obj</name>
      </input_file>
      <input_file id="fl-fd">
         <path>D:\CCS\ccs\tools\compiler\ti-cgt-armllvm_4.0.2.LTS\lib\armv6m-ti-none-eabi\c\</path>
         <kind>archive</kind>
         <file>libsysbm.a</file>
         <name>host_device.c.obj</name>
      </input_file>
      <input_file id="fl-fe">
         <path>D:\CCS\ccs\tools\compiler\ti-cgt-armllvm_4.0.2.LTS\lib\armv6m-ti-none-eabi\c\</path>
         <kind>archive</kind>
         <file>libsysbm.a</file>
         <name>remove.c.obj</name>
      </input_file>
      <input_file id="fl-ff">
         <path>D:\CCS\ccs\tools\compiler\ti-cgt-armllvm_4.0.2.LTS\lib\armv6m-ti-none-eabi\c\</path>
         <kind>archive</kind>
         <file>libsysbm.a</file>
         <name>open.c.obj</name>
      </input_file>
      <input_file id="fl-100">
         <path>D:\CCS\ccs\tools\compiler\ti-cgt-armllvm_4.0.2.LTS\lib\armv6m-ti-none-eabi\c\</path>
         <kind>archive</kind>
         <file>libsysbm.a</file>
         <name>lseek.c.obj</name>
      </input_file>
      <input_file id="fl-101">
         <path>D:\CCS\ccs\tools\compiler\ti-cgt-armllvm_4.0.2.LTS\lib\armv6m-ti-none-eabi\c\</path>
         <kind>archive</kind>
         <file>libsysbm.a</file>
         <name>close.c.obj</name>
      </input_file>
      <input_file id="fl-102">
         <path>D:\CCS\ccs\tools\compiler\ti-cgt-armllvm_4.0.2.LTS\lib\armv6m-ti-none-eabi\c\</path>
         <kind>archive</kind>
         <file>libsysbm.a</file>
         <name>unlink.c.obj</name>
      </input_file>
      <input_file id="fl-103">
         <path>D:\CCS\ccs\tools\compiler\ti-cgt-armllvm_4.0.2.LTS\lib\armv6m-ti-none-eabi\c\</path>
         <kind>archive</kind>
         <file>libsysbm.a</file>
         <name>hostclose.c.obj</name>
      </input_file>
      <input_file id="fl-104">
         <path>D:\CCS\ccs\tools\compiler\ti-cgt-armllvm_4.0.2.LTS\lib\armv6m-ti-none-eabi\c\</path>
         <kind>archive</kind>
         <file>libsysbm.a</file>
         <name>hostlseek.c.obj</name>
      </input_file>
      <input_file id="fl-105">
         <path>D:\CCS\ccs\tools\compiler\ti-cgt-armllvm_4.0.2.LTS\lib\armv6m-ti-none-eabi\c\</path>
         <kind>archive</kind>
         <file>libsysbm.a</file>
         <name>hostopen.c.obj</name>
      </input_file>
      <input_file id="fl-106">
         <path>D:\CCS\ccs\tools\compiler\ti-cgt-armllvm_4.0.2.LTS\lib\armv6m-ti-none-eabi\c\</path>
         <kind>archive</kind>
         <file>libsysbm.a</file>
         <name>hostread.c.obj</name>
      </input_file>
      <input_file id="fl-107">
         <path>D:\CCS\ccs\tools\compiler\ti-cgt-armllvm_4.0.2.LTS\lib\armv6m-ti-none-eabi\c\</path>
         <kind>archive</kind>
         <file>libsysbm.a</file>
         <name>hostrename.c.obj</name>
      </input_file>
      <input_file id="fl-108">
         <path>D:\CCS\ccs\tools\compiler\ti-cgt-armllvm_4.0.2.LTS\lib\armv6m-ti-none-eabi\c\</path>
         <kind>archive</kind>
         <file>libsysbm.a</file>
         <name>hostunlink.c.obj</name>
      </input_file>
      <input_file id="fl-109">
         <path>D:\CCS\ccs\tools\compiler\ti-cgt-armllvm_4.0.2.LTS\lib\armv6m-ti-none-eabi\c\</path>
         <kind>archive</kind>
         <file>libsysbm.a</file>
         <name>hostwrite.c.obj</name>
      </input_file>
      <input_file id="fl-10a">
         <path>D:\CCS\ccs\tools\compiler\ti-cgt-armllvm_4.0.2.LTS\lib\armv6m-ti-none-eabi\c\</path>
         <kind>archive</kind>
         <file>libsysbm.a</file>
         <name>trgmsg.c.obj</name>
      </input_file>
      <input_file id="fl-10b">
         <path>D:\CCS\ccs\tools\compiler\ti-cgt-armllvm_4.0.2.LTS\lib\armv6m-ti-none-eabi\</path>
         <kind>archive</kind>
         <file>libclang_rt.builtins.a</file>
         <name>addsf3.S.obj</name>
      </input_file>
      <input_file id="fl-10c">
         <path>D:\CCS\ccs\tools\compiler\ti-cgt-armllvm_4.0.2.LTS\lib\armv6m-ti-none-eabi\</path>
         <kind>archive</kind>
         <file>libclang_rt.builtins.a</file>
         <name>adddf3.S.obj</name>
      </input_file>
      <input_file id="fl-10d">
         <path>D:\CCS\ccs\tools\compiler\ti-cgt-armllvm_4.0.2.LTS\lib\armv6m-ti-none-eabi\</path>
         <kind>archive</kind>
         <file>libclang_rt.builtins.a</file>
         <name>muldf3.S.obj</name>
      </input_file>
      <input_file id="fl-10e">
         <path>D:\CCS\ccs\tools\compiler\ti-cgt-armllvm_4.0.2.LTS\lib\armv6m-ti-none-eabi\</path>
         <kind>archive</kind>
         <file>libclang_rt.builtins.a</file>
         <name>muldsi3.S.obj</name>
      </input_file>
      <input_file id="fl-10f">
         <path>D:\CCS\ccs\tools\compiler\ti-cgt-armllvm_4.0.2.LTS\lib\armv6m-ti-none-eabi\</path>
         <kind>archive</kind>
         <file>libclang_rt.builtins.a</file>
         <name>mulsf3.S.obj</name>
      </input_file>
      <input_file id="fl-110">
         <path>D:\CCS\ccs\tools\compiler\ti-cgt-armllvm_4.0.2.LTS\lib\armv6m-ti-none-eabi\</path>
         <kind>archive</kind>
         <file>libclang_rt.builtins.a</file>
         <name>divsf3.S.obj</name>
      </input_file>
      <input_file id="fl-111">
         <path>D:\CCS\ccs\tools\compiler\ti-cgt-armllvm_4.0.2.LTS\lib\armv6m-ti-none-eabi\</path>
         <kind>archive</kind>
         <file>libclang_rt.builtins.a</file>
         <name>divdf3.S.obj</name>
      </input_file>
      <input_file id="fl-112">
         <path>D:\CCS\ccs\tools\compiler\ti-cgt-armllvm_4.0.2.LTS\lib\armv6m-ti-none-eabi\</path>
         <kind>archive</kind>
         <file>libclang_rt.builtins.a</file>
         <name>extendsfdf2.S.obj</name>
      </input_file>
      <input_file id="fl-113">
         <path>D:\CCS\ccs\tools\compiler\ti-cgt-armllvm_4.0.2.LTS\lib\armv6m-ti-none-eabi\</path>
         <kind>archive</kind>
         <file>libclang_rt.builtins.a</file>
         <name>fixdfsi.S.obj</name>
      </input_file>
      <input_file id="fl-114">
         <path>D:\CCS\ccs\tools\compiler\ti-cgt-armllvm_4.0.2.LTS\lib\armv6m-ti-none-eabi\</path>
         <kind>archive</kind>
         <file>libclang_rt.builtins.a</file>
         <name>fixunssfsi.S.obj</name>
      </input_file>
      <input_file id="fl-115">
         <path>D:\CCS\ccs\tools\compiler\ti-cgt-armllvm_4.0.2.LTS\lib\armv6m-ti-none-eabi\</path>
         <kind>archive</kind>
         <file>libclang_rt.builtins.a</file>
         <name>floatsidf.S.obj</name>
      </input_file>
      <input_file id="fl-116">
         <path>D:\CCS\ccs\tools\compiler\ti-cgt-armllvm_4.0.2.LTS\lib\armv6m-ti-none-eabi\</path>
         <kind>archive</kind>
         <file>libclang_rt.builtins.a</file>
         <name>muldi3.S.obj</name>
      </input_file>
      <input_file id="fl-117">
         <path>D:\CCS\ccs\tools\compiler\ti-cgt-armllvm_4.0.2.LTS\lib\armv6m-ti-none-eabi\</path>
         <kind>archive</kind>
         <file>libclang_rt.builtins.a</file>
         <name>truncdfsf2.S.obj</name>
      </input_file>
      <input_file id="fl-118">
         <path>D:\CCS\ccs\tools\compiler\ti-cgt-armllvm_4.0.2.LTS\lib\armv6m-ti-none-eabi\</path>
         <kind>archive</kind>
         <file>libclang_rt.builtins.a</file>
         <name>aeabi_dcmp.S.obj</name>
      </input_file>
      <input_file id="fl-119">
         <path>D:\CCS\ccs\tools\compiler\ti-cgt-armllvm_4.0.2.LTS\lib\armv6m-ti-none-eabi\</path>
         <kind>archive</kind>
         <file>libclang_rt.builtins.a</file>
         <name>aeabi_fcmp.S.obj</name>
      </input_file>
      <input_file id="fl-11a">
         <path>D:\CCS\ccs\tools\compiler\ti-cgt-armllvm_4.0.2.LTS\lib\armv6m-ti-none-eabi\</path>
         <kind>archive</kind>
         <file>libclang_rt.builtins.a</file>
         <name>aeabi_idivmod.S.obj</name>
      </input_file>
      <input_file id="fl-11b">
         <path>D:\CCS\ccs\tools\compiler\ti-cgt-armllvm_4.0.2.LTS\lib\armv6m-ti-none-eabi\</path>
         <kind>archive</kind>
         <file>libclang_rt.builtins.a</file>
         <name>aeabi_memcpy.S.obj</name>
      </input_file>
      <input_file id="fl-11c">
         <path>D:\CCS\ccs\tools\compiler\ti-cgt-armllvm_4.0.2.LTS\lib\armv6m-ti-none-eabi\</path>
         <kind>archive</kind>
         <file>libclang_rt.builtins.a</file>
         <name>aeabi_memset.S.obj</name>
      </input_file>
      <input_file id="fl-11d">
         <path>D:\CCS\ccs\tools\compiler\ti-cgt-armllvm_4.0.2.LTS\lib\armv6m-ti-none-eabi\</path>
         <kind>archive</kind>
         <file>libclang_rt.builtins.a</file>
         <name>aeabi_uidivmod.S.obj</name>
      </input_file>
      <input_file id="fl-11e">
         <path>D:\CCS\ccs\tools\compiler\ti-cgt-armllvm_4.0.2.LTS\lib\armv6m-ti-none-eabi\</path>
         <kind>archive</kind>
         <file>libclang_rt.builtins.a</file>
         <name>aeabi_uldivmod.S.obj</name>
      </input_file>
      <input_file id="fl-11f">
         <path>D:\CCS\ccs\tools\compiler\ti-cgt-armllvm_4.0.2.LTS\lib\armv6m-ti-none-eabi\</path>
         <kind>archive</kind>
         <file>libclang_rt.builtins.a</file>
         <name>comparesf2.S.obj</name>
      </input_file>
      <input_file id="fl-120">
         <path>D:\CCS\ccs\tools\compiler\ti-cgt-armllvm_4.0.2.LTS\lib\armv6m-ti-none-eabi\</path>
         <kind>archive</kind>
         <file>libclang_rt.builtins.a</file>
         <name>udivmoddi4.S.obj</name>
      </input_file>
      <input_file id="fl-121">
         <path>D:\CCS\ccs\tools\compiler\ti-cgt-armllvm_4.0.2.LTS\lib\armv6m-ti-none-eabi\</path>
         <kind>archive</kind>
         <file>libclang_rt.builtins.a</file>
         <name>ashldi3.S.obj</name>
      </input_file>
      <input_file id="fl-122">
         <path>D:\CCS\ccs\tools\compiler\ti-cgt-armllvm_4.0.2.LTS\lib\armv6m-ti-none-eabi\</path>
         <kind>archive</kind>
         <file>libclang_rt.builtins.a</file>
         <name>fixsfsi.S.obj</name>
      </input_file>
      <input_file id="fl-123">
         <path>D:\CCS\ccs\tools\compiler\ti-cgt-armllvm_4.0.2.LTS\lib\armv6m-ti-none-eabi\</path>
         <kind>archive</kind>
         <file>libclang_rt.builtins.a</file>
         <name>comparedf2.c.obj</name>
      </input_file>
      <input_file id="fl-124">
         <path>D:\CCS\ccs\tools\compiler\ti-cgt-armllvm_4.0.2.LTS\lib\armv6m-ti-none-eabi\</path>
         <kind>archive</kind>
         <file>libclang_rt.builtins.a</file>
         <name>aeabi_div0.c.obj</name>
      </input_file>
      <input_file id="fl-125">
         <path>D:\CCS\ccs\tools\compiler\ti-cgt-armllvm_4.0.2.LTS\lib\armv6m-ti-none-eabi\c\</path>
         <kind>archive</kind>
         <file>libc.a</file>
         <name>getdevice.c.obj</name>
      </input_file>
      <input_file id="fl-126">
         <path>D:\CCS\ccs\tools\compiler\ti-cgt-armllvm_4.0.2.LTS\lib\armv6m-ti-none-eabi\c\</path>
         <kind>archive</kind>
         <file>libc.a</file>
         <name>memcpy16.S.obj</name>
      </input_file>
      <input_file id="fl-127">
         <path>D:\CCS\ccs\tools\compiler\ti-cgt-armllvm_4.0.2.LTS\lib\armv6m-ti-none-eabi\c\</path>
         <kind>archive</kind>
         <file>libc.a</file>
         <name>memset16.S.obj</name>
      </input_file>
      <input_file id="fl-128">
         <path>D:\CCS\ccs\tools\compiler\ti-cgt-armllvm_4.0.2.LTS\lib\armv6m-ti-none-eabi\c\</path>
         <kind>archive</kind>
         <file>libc.a</file>
         <name>strcmp-armv6m.S.obj</name>
      </input_file>
   </input_file_list>
   <object_component_list>
      <object_component id="oc-18">
         <name>.intvecs</name>
         <load_address>0x0</load_address>
         <readonly>true</readonly>
         <run_address>0x0</run_address>
         <size>0xc0</size>
         <alignment>0x4</alignment>
         <input_file_ref idref="fl-3"/>
      </object_component>
      <object_component id="oc-1b0">
         <name>.text:__TI_printfi</name>
         <load_address>0xc0</load_address>
         <readonly>true</readonly>
         <executable>true</executable>
         <run_address>0xc0</run_address>
         <size>0x9d0</size>
         <alignment>0x4</alignment>
         <input_file_ref idref="fl-45"/>
      </object_component>
      <object_component id="oc-1d6">
         <name>.text._pconv_a</name>
         <load_address>0xa90</load_address>
         <readonly>true</readonly>
         <executable>true</executable>
         <run_address>0xa90</run_address>
         <size>0x220</size>
         <alignment>0x4</alignment>
         <input_file_ref idref="fl-45"/>
      </object_component>
      <object_component id="oc-1db">
         <name>.text._pconv_g</name>
         <load_address>0xcb0</load_address>
         <readonly>true</readonly>
         <executable>true</executable>
         <run_address>0xcb0</run_address>
         <size>0x1dc</size>
         <alignment>0x4</alignment>
         <input_file_ref idref="fl-45"/>
      </object_component>
      <object_component id="oc-10d">
         <name>.text.SYSCFG_DL_GPIO_init</name>
         <load_address>0xe8c</load_address>
         <readonly>true</readonly>
         <executable>true</executable>
         <run_address>0xe8c</run_address>
         <size>0x194</size>
         <alignment>0x4</alignment>
         <input_file_ref idref="fl-2"/>
      </object_component>
      <object_component id="oc-225">
         <name>.text.adddf3_subdf3</name>
         <load_address>0x1020</load_address>
         <readonly>true</readonly>
         <executable>true</executable>
         <run_address>0x1020</run_address>
         <size>0x192</size>
         <alignment>0x4</alignment>
         <input_file_ref idref="fl-10c"/>
      </object_component>
      <object_component id="oc-1e1">
         <name>.text.__aeabi_idiv0</name>
         <load_address>0x11b2</load_address>
         <readonly>true</readonly>
         <executable>true</executable>
         <run_address>0x11b2</run_address>
         <size>0x2</size>
         <alignment>0x2</alignment>
         <input_file_ref idref="fl-124"/>
      </object_component>
      <object_component id="oc-229">
         <name>.text.fcvt</name>
         <load_address>0x11b4</load_address>
         <readonly>true</readonly>
         <executable>true</executable>
         <run_address>0x11b4</run_address>
         <size>0x13c</size>
         <alignment>0x4</alignment>
         <input_file_ref idref="fl-45"/>
      </object_component>
      <object_component id="oc-1dd">
         <name>.text._pconv_e</name>
         <load_address>0x12f0</load_address>
         <readonly>true</readonly>
         <executable>true</executable>
         <run_address>0x12f0</run_address>
         <size>0x120</size>
         <alignment>0x4</alignment>
         <input_file_ref idref="fl-45"/>
      </object_component>
      <object_component id="oc-221">
         <name>.text.__divdf3</name>
         <load_address>0x1410</load_address>
         <readonly>true</readonly>
         <executable>true</executable>
         <run_address>0x1410</run_address>
         <size>0x10c</size>
         <alignment>0x4</alignment>
         <input_file_ref idref="fl-111"/>
      </object_component>
      <object_component id="oc-164">
         <name>.text.DL_Timer_initFourCCPWMMode</name>
         <load_address>0x151c</load_address>
         <readonly>true</readonly>
         <executable>true</executable>
         <run_address>0x151c</run_address>
         <size>0x104</size>
         <alignment>0x4</alignment>
         <input_file_ref idref="fl-22"/>
      </object_component>
      <object_component id="oc-211">
         <name>.text.__muldf3</name>
         <load_address>0x1620</load_address>
         <readonly>true</readonly>
         <executable>true</executable>
         <run_address>0x1620</run_address>
         <size>0xe4</size>
         <alignment>0x4</alignment>
         <input_file_ref idref="fl-10d"/>
      </object_component>
      <object_component id="oc-15a">
         <name>.text.DL_SYSCTL_configSYSPLL</name>
         <load_address>0x1704</load_address>
         <readonly>true</readonly>
         <executable>true</executable>
         <run_address>0x1704</run_address>
         <size>0xdc</size>
         <alignment>0x4</alignment>
         <input_file_ref idref="fl-24"/>
      </object_component>
      <object_component id="oc-200">
         <name>.text.scalbn</name>
         <load_address>0x17e0</load_address>
         <readonly>true</readonly>
         <executable>true</executable>
         <run_address>0x17e0</run_address>
         <size>0xd8</size>
         <alignment>0x4</alignment>
         <input_file_ref idref="fl-51"/>
      </object_component>
      <object_component id="oc-6c">
         <name>.text.Command_Write</name>
         <load_address>0x18b8</load_address>
         <readonly>true</readonly>
         <executable>true</executable>
         <run_address>0x18b8</run_address>
         <size>0xb4</size>
         <alignment>0x2</alignment>
         <input_file_ref idref="fl-9"/>
      </object_component>
      <object_component id="oc-10c">
         <name>.text.SYSCFG_DL_initPower</name>
         <load_address>0x196c</load_address>
         <readonly>true</readonly>
         <executable>true</executable>
         <run_address>0x196c</run_address>
         <size>0xb0</size>
         <alignment>0x4</alignment>
         <input_file_ref idref="fl-2"/>
      </object_component>
      <object_component id="oc-1f7">
         <name>.text</name>
         <load_address>0x1a1c</load_address>
         <readonly>true</readonly>
         <executable>true</executable>
         <run_address>0x1a1c</run_address>
         <size>0xa2</size>
         <alignment>0x4</alignment>
         <input_file_ref idref="fl-120"/>
      </object_component>
      <object_component id="oc-22f">
         <name>.text.__aeabi_ldiv0</name>
         <load_address>0x1abe</load_address>
         <readonly>true</readonly>
         <executable>true</executable>
         <run_address>0x1abe</run_address>
         <size>0x2</size>
         <alignment>0x2</alignment>
         <input_file_ref idref="fl-124"/>
      </object_component>
      <object_component id="oc-110">
         <name>.text.SYSCFG_DL_AIN_init</name>
         <load_address>0x1ac0</load_address>
         <readonly>true</readonly>
         <executable>true</executable>
         <run_address>0x1ac0</run_address>
         <size>0x90</size>
         <alignment>0x4</alignment>
         <input_file_ref idref="fl-2"/>
      </object_component>
      <object_component id="oc-111">
         <name>.text.SYSCFG_DL_BIN_init</name>
         <load_address>0x1b50</load_address>
         <readonly>true</readonly>
         <executable>true</executable>
         <run_address>0x1b50</run_address>
         <size>0x90</size>
         <alignment>0x4</alignment>
         <input_file_ref idref="fl-2"/>
      </object_component>
      <object_component id="oc-1a8">
         <name>.text.__NVIC_SetPriority</name>
         <load_address>0x1be0</load_address>
         <readonly>true</readonly>
         <executable>true</executable>
         <run_address>0x1be0</run_address>
         <size>0x84</size>
         <alignment>0x4</alignment>
         <input_file_ref idref="fl-2"/>
      </object_component>
      <object_component id="oc-1c">
         <name>.text:decompress:lzss</name>
         <load_address>0x1c64</load_address>
         <readonly>true</readonly>
         <executable>true</executable>
         <run_address>0x1c64</run_address>
         <size>0x7c</size>
         <alignment>0x4</alignment>
         <input_file_ref idref="fl-44"/>
      </object_component>
      <object_component id="oc-7b">
         <name>.text.UART_IRQHandler</name>
         <load_address>0x1ce0</load_address>
         <readonly>true</readonly>
         <executable>true</executable>
         <run_address>0x1ce0</run_address>
         <size>0x76</size>
         <alignment>0x2</alignment>
         <input_file_ref idref="fl-f"/>
      </object_component>
      <object_component id="oc-21f">
         <name>.text.__gedf2</name>
         <load_address>0x1d58</load_address>
         <readonly>true</readonly>
         <executable>true</executable>
         <run_address>0x1d58</run_address>
         <size>0x74</size>
         <alignment>0x4</alignment>
         <input_file_ref idref="fl-123"/>
      </object_component>
      <object_component id="oc-10f">
         <name>.text.SYSCFG_DL_BEEZ_init</name>
         <load_address>0x1dcc</load_address>
         <readonly>true</readonly>
         <executable>true</executable>
         <run_address>0x1dcc</run_address>
         <size>0x6c</size>
         <alignment>0x4</alignment>
         <input_file_ref idref="fl-2"/>
      </object_component>
      <object_component id="oc-112">
         <name>.text.SYSCFG_DL_Servo_1_init</name>
         <load_address>0x1e38</load_address>
         <readonly>true</readonly>
         <executable>true</executable>
         <run_address>0x1e38</run_address>
         <size>0x68</size>
         <alignment>0x4</alignment>
         <input_file_ref idref="fl-2"/>
      </object_component>
      <object_component id="oc-219">
         <name>.text.__ledf2</name>
         <load_address>0x1ea0</load_address>
         <readonly>true</readonly>
         <executable>true</executable>
         <run_address>0x1ea0</run_address>
         <size>0x68</size>
         <alignment>0x4</alignment>
         <input_file_ref idref="fl-123"/>
      </object_component>
      <object_component id="oc-218">
         <name>.text._mcpy</name>
         <load_address>0x1f08</load_address>
         <readonly>true</readonly>
         <executable>true</executable>
         <run_address>0x1f08</run_address>
         <size>0x66</size>
         <alignment>0x2</alignment>
         <input_file_ref idref="fl-45"/>
      </object_component>
      <object_component id="oc-1d7">
         <name>.text.__aeabi_dcmp</name>
         <load_address>0x1f70</load_address>
         <readonly>true</readonly>
         <executable>true</executable>
         <run_address>0x1f70</run_address>
         <size>0x62</size>
         <alignment>0x4</alignment>
         <input_file_ref idref="fl-118"/>
      </object_component>
      <object_component id="oc-114">
         <name>.text.SYSCFG_DL_BLE05_init</name>
         <load_address>0x1fd4</load_address>
         <readonly>true</readonly>
         <executable>true</executable>
         <run_address>0x1fd4</run_address>
         <size>0x60</size>
         <alignment>0x4</alignment>
         <input_file_ref idref="fl-2"/>
      </object_component>
      <object_component id="oc-115">
         <name>.text.SYSCFG_DL_OPENMV_init</name>
         <load_address>0x2034</load_address>
         <readonly>true</readonly>
         <executable>true</executable>
         <run_address>0x2034</run_address>
         <size>0x60</size>
         <alignment>0x4</alignment>
         <input_file_ref idref="fl-2"/>
      </object_component>
      <object_component id="oc-c2">
         <name>.text.Test_AT8236</name>
         <load_address>0x2094</load_address>
         <readonly>true</readonly>
         <executable>true</executable>
         <run_address>0x2094</run_address>
         <size>0x60</size>
         <alignment>0x4</alignment>
         <input_file_ref idref="fl-10"/>
      </object_component>
      <object_component id="oc-f0">
         <name>.text.AT8236_AOUT_FD</name>
         <load_address>0x20f4</load_address>
         <readonly>true</readonly>
         <executable>true</executable>
         <run_address>0x20f4</run_address>
         <size>0x5c</size>
         <alignment>0x4</alignment>
         <input_file_ref idref="fl-4"/>
      </object_component>
      <object_component id="oc-f5">
         <name>.text.AT8236_BOUT_FD</name>
         <load_address>0x2150</load_address>
         <readonly>true</readonly>
         <executable>true</executable>
         <run_address>0x2150</run_address>
         <size>0x5c</size>
         <alignment>0x4</alignment>
         <input_file_ref idref="fl-4"/>
      </object_component>
      <object_component id="oc-1fc">
         <name>.text.frexp</name>
         <load_address>0x21ac</load_address>
         <readonly>true</readonly>
         <executable>true</executable>
         <run_address>0x21ac</run_address>
         <size>0x5c</size>
         <alignment>0x4</alignment>
         <input_file_ref idref="fl-50"/>
      </object_component>
      <object_component id="oc-113">
         <name>.text.SYSCFG_DL_JY61P_init</name>
         <load_address>0x2208</load_address>
         <readonly>true</readonly>
         <executable>true</executable>
         <run_address>0x2208</run_address>
         <size>0x58</size>
         <alignment>0x4</alignment>
         <input_file_ref idref="fl-2"/>
      </object_component>
      <object_component id="oc-e5">
         <name>.text.SYSCFG_DL_init</name>
         <load_address>0x2260</load_address>
         <readonly>true</readonly>
         <executable>true</executable>
         <run_address>0x2260</run_address>
         <size>0x58</size>
         <alignment>0x4</alignment>
         <input_file_ref idref="fl-2"/>
      </object_component>
      <object_component id="oc-208">
         <name>.text.__TI_ltoa</name>
         <load_address>0x22b8</load_address>
         <readonly>true</readonly>
         <executable>true</executable>
         <run_address>0x22b8</run_address>
         <size>0x58</size>
         <alignment>0x2</alignment>
         <input_file_ref idref="fl-49"/>
      </object_component>
      <object_component id="oc-1dc">
         <name>.text._pconv_f</name>
         <load_address>0x2310</load_address>
         <readonly>true</readonly>
         <executable>true</executable>
         <run_address>0x2310</run_address>
         <size>0x58</size>
         <alignment>0x2</alignment>
         <input_file_ref idref="fl-45"/>
      </object_component>
      <object_component id="oc-23c">
         <name>.text.__aeabi_idivmod</name>
         <load_address>0x2368</load_address>
         <readonly>true</readonly>
         <executable>true</executable>
         <run_address>0x2368</run_address>
         <size>0x56</size>
         <alignment>0x4</alignment>
         <input_file_ref idref="fl-11a"/>
      </object_component>
      <object_component id="oc-216">
         <name>.text._ecpy</name>
         <load_address>0x23be</load_address>
         <readonly>true</readonly>
         <executable>true</executable>
         <run_address>0x23be</run_address>
         <size>0x52</size>
         <alignment>0x2</alignment>
         <input_file_ref idref="fl-45"/>
      </object_component>
      <object_component id="oc-193">
         <name>.text.SysTick_Config</name>
         <load_address>0x2410</load_address>
         <readonly>true</readonly>
         <executable>true</executable>
         <run_address>0x2410</run_address>
         <size>0x50</size>
         <alignment>0x4</alignment>
         <input_file_ref idref="fl-2"/>
      </object_component>
      <object_component id="oc-189">
         <name>.text.DL_UART_setBaudRateDivisor</name>
         <load_address>0x2460</load_address>
         <readonly>true</readonly>
         <executable>true</executable>
         <run_address>0x2460</run_address>
         <size>0x4c</size>
         <alignment>0x4</alignment>
         <input_file_ref idref="fl-2"/>
      </object_component>
      <object_component id="oc-204">
         <name>.text.__fixdfsi</name>
         <load_address>0x24ac</load_address>
         <readonly>true</readonly>
         <executable>true</executable>
         <run_address>0x24ac</run_address>
         <size>0x4a</size>
         <alignment>0x4</alignment>
         <input_file_ref idref="fl-113"/>
      </object_component>
      <object_component id="oc-187">
         <name>.text.DL_UART_init</name>
         <load_address>0x24f8</load_address>
         <readonly>true</readonly>
         <executable>true</executable>
         <run_address>0x24f8</run_address>
         <size>0x48</size>
         <alignment>0x4</alignment>
         <input_file_ref idref="fl-23"/>
      </object_component>
      <object_component id="oc-161">
         <name>.text.DL_SYSCTL_switchMCLKfromSYSOSCtoHSCLK</name>
         <load_address>0x2540</load_address>
         <readonly>true</readonly>
         <executable>true</executable>
         <run_address>0x2540</run_address>
         <size>0x44</size>
         <alignment>0x4</alignment>
         <input_file_ref idref="fl-24"/>
      </object_component>
      <object_component id="oc-128">
         <name>.text.USART_SendString</name>
         <load_address>0x2584</load_address>
         <readonly>true</readonly>
         <executable>true</executable>
         <run_address>0x2584</run_address>
         <size>0x40</size>
         <alignment>0x2</alignment>
         <input_file_ref idref="fl-f"/>
      </object_component>
      <object_component id="oc-1ba">
         <name>.text.__aeabi_uidivmod</name>
         <load_address>0x25c4</load_address>
         <readonly>true</readonly>
         <executable>true</executable>
         <run_address>0x25c4</run_address>
         <size>0x40</size>
         <alignment>0x4</alignment>
         <input_file_ref idref="fl-11d"/>
      </object_component>
      <object_component id="oc-1c0">
         <name>.text.atoi</name>
         <load_address>0x2604</load_address>
         <readonly>true</readonly>
         <executable>true</executable>
         <run_address>0x2604</run_address>
         <size>0x40</size>
         <alignment>0x4</alignment>
         <input_file_ref idref="fl-4c"/>
      </object_component>
      <object_component id="oc-14d">
         <name>.text.DL_GPIO_initPeripheralInputFunctionFeatures</name>
         <load_address>0x2644</load_address>
         <readonly>true</readonly>
         <executable>true</executable>
         <run_address>0x2644</run_address>
         <size>0x3c</size>
         <alignment>0x4</alignment>
         <input_file_ref idref="fl-2"/>
      </object_component>
      <object_component id="oc-165">
         <name>.text.DL_Timer_setCounterControl</name>
         <load_address>0x2680</load_address>
         <readonly>true</readonly>
         <executable>true</executable>
         <run_address>0x2680</run_address>
         <size>0x3c</size>
         <alignment>0x4</alignment>
         <input_file_ref idref="fl-2"/>
      </object_component>
      <object_component id="oc-10e">
         <name>.text.SYSCFG_DL_SYSCTL_init</name>
         <load_address>0x26bc</load_address>
         <readonly>true</readonly>
         <executable>true</executable>
         <run_address>0x26bc</run_address>
         <size>0x3c</size>
         <alignment>0x4</alignment>
         <input_file_ref idref="fl-2"/>
      </object_component>
      <object_component id="oc-39">
         <name>.text.UART3_IRQHandler</name>
         <load_address>0x26f8</load_address>
         <readonly>true</readonly>
         <executable>true</executable>
         <run_address>0x26f8</run_address>
         <size>0x3c</size>
         <alignment>0x4</alignment>
         <input_file_ref idref="fl-8"/>
      </object_component>
      <object_component id="oc-cb">
         <name>.text:__TI_auto_init_nobinit_nopinit</name>
         <load_address>0x2734</load_address>
         <readonly>true</readonly>
         <executable>true</executable>
         <run_address>0x2734</run_address>
         <size>0x3c</size>
         <alignment>0x4</alignment>
         <input_file_ref idref="fl-3f"/>
      </object_component>
      <object_component id="oc-1f2">
         <name>.text.__muldsi3</name>
         <load_address>0x2770</load_address>
         <readonly>true</readonly>
         <executable>true</executable>
         <run_address>0x2770</run_address>
         <size>0x3a</size>
         <alignment>0x4</alignment>
         <input_file_ref idref="fl-10e"/>
      </object_component>
      <object_component id="oc-14c">
         <name>.text.DL_GPIO_initPeripheralOutputFunctionFeatures</name>
         <load_address>0x27ac</load_address>
         <readonly>true</readonly>
         <executable>true</executable>
         <run_address>0x27ac</run_address>
         <size>0x38</size>
         <alignment>0x4</alignment>
         <input_file_ref idref="fl-2"/>
      </object_component>
      <object_component id="oc-152">
         <name>.text.DL_GPIO_initDigitalInputFeatures</name>
         <load_address>0x27e4</load_address>
         <readonly>true</readonly>
         <executable>true</executable>
         <run_address>0x27e4</run_address>
         <size>0x34</size>
         <alignment>0x4</alignment>
         <input_file_ref idref="fl-2"/>
      </object_component>
      <object_component id="oc-ee">
         <name>.text.OpenMV_Init</name>
         <load_address>0x2818</load_address>
         <readonly>true</readonly>
         <executable>true</executable>
         <run_address>0x2818</run_address>
         <size>0x34</size>
         <alignment>0x4</alignment>
         <input_file_ref idref="fl-8"/>
      </object_component>
      <object_component id="oc-11d">
         <name>.text.USART_Init</name>
         <load_address>0x284c</load_address>
         <readonly>true</readonly>
         <executable>true</executable>
         <run_address>0x284c</run_address>
         <size>0x32</size>
         <alignment>0x2</alignment>
         <input_file_ref idref="fl-f"/>
      </object_component>
      <object_component id="oc-ef">
         <name>.text.USART_Printf</name>
         <load_address>0x287e</load_address>
         <readonly>true</readonly>
         <executable>true</executable>
         <run_address>0x287e</run_address>
         <size>0x32</size>
         <alignment>0x2</alignment>
         <input_file_ref idref="fl-f"/>
      </object_component>
      <object_component id="oc-151">
         <name>.text.DL_GPIO_initDigitalOutputFeatures</name>
         <load_address>0x28b0</load_address>
         <readonly>true</readonly>
         <executable>true</executable>
         <run_address>0x28b0</run_address>
         <size>0x30</size>
         <alignment>0x4</alignment>
         <input_file_ref idref="fl-2"/>
      </object_component>
      <object_component id="oc-44">
         <name>.text.UART0_IRQHandler</name>
         <load_address>0x28e0</load_address>
         <readonly>true</readonly>
         <executable>true</executable>
         <run_address>0x28e0</run_address>
         <size>0x30</size>
         <alignment>0x4</alignment>
         <input_file_ref idref="fl-f"/>
      </object_component>
      <object_component id="oc-3e">
         <name>.text.UART1_IRQHandler</name>
         <load_address>0x2910</load_address>
         <readonly>true</readonly>
         <executable>true</executable>
         <run_address>0x2910</run_address>
         <size>0x30</size>
         <alignment>0x4</alignment>
         <input_file_ref idref="fl-f"/>
      </object_component>
      <object_component id="oc-43">
         <name>.text.UART2_IRQHandler</name>
         <load_address>0x2940</load_address>
         <readonly>true</readonly>
         <executable>true</executable>
         <run_address>0x2940</run_address>
         <size>0x30</size>
         <alignment>0x4</alignment>
         <input_file_ref idref="fl-f"/>
      </object_component>
      <object_component id="oc-217">
         <name>.text._fcpy</name>
         <load_address>0x2970</load_address>
         <readonly>true</readonly>
         <executable>true</executable>
         <run_address>0x2970</run_address>
         <size>0x30</size>
         <alignment>0x2</alignment>
         <input_file_ref idref="fl-45"/>
      </object_component>
      <object_component id="oc-19b">
         <name>.text.USART_SendChar</name>
         <load_address>0x29a0</load_address>
         <readonly>true</readonly>
         <executable>true</executable>
         <run_address>0x29a0</run_address>
         <size>0x2c</size>
         <alignment>0x2</alignment>
         <input_file_ref idref="fl-f"/>
      </object_component>
      <object_component id="oc-194">
         <name>.text.__NVIC_ClearPendingIRQ</name>
         <load_address>0x29cc</load_address>
         <readonly>true</readonly>
         <executable>true</executable>
         <run_address>0x29cc</run_address>
         <size>0x2c</size>
         <alignment>0x4</alignment>
         <input_file_ref idref="fl-f"/>
      </object_component>
      <object_component id="oc-195">
         <name>.text.__NVIC_EnableIRQ</name>
         <load_address>0x29f8</load_address>
         <readonly>true</readonly>
         <executable>true</executable>
         <run_address>0x29f8</run_address>
         <size>0x2c</size>
         <alignment>0x4</alignment>
         <input_file_ref idref="fl-f"/>
      </object_component>
      <object_component id="oc-20c">
         <name>.text.__floatsidf</name>
         <load_address>0x2a24</load_address>
         <readonly>true</readonly>
         <executable>true</executable>
         <run_address>0x2a24</run_address>
         <size>0x2c</size>
         <alignment>0x4</alignment>
         <input_file_ref idref="fl-115"/>
      </object_component>
      <object_component id="oc-122">
         <name>.text.vsprintf</name>
         <load_address>0x2a50</load_address>
         <readonly>true</readonly>
         <executable>true</executable>
         <run_address>0x2a50</run_address>
         <size>0x2c</size>
         <alignment>0x4</alignment>
         <input_file_ref idref="fl-3b"/>
      </object_component>
      <object_component id="oc-f8">
         <name>.text.AT8236_AOUT_Stop</name>
         <load_address>0x2a7c</load_address>
         <readonly>true</readonly>
         <executable>true</executable>
         <run_address>0x2a7c</run_address>
         <size>0x28</size>
         <alignment>0x4</alignment>
         <input_file_ref idref="fl-4"/>
      </object_component>
      <object_component id="oc-f7">
         <name>.text.AT8236_BOUT_Stop</name>
         <load_address>0x2aa4</load_address>
         <readonly>true</readonly>
         <executable>true</executable>
         <run_address>0x2aa4</run_address>
         <size>0x28</size>
         <alignment>0x4</alignment>
         <input_file_ref idref="fl-4"/>
      </object_component>
      <object_component id="oc-1a1">
         <name>.text.DL_Common_updateReg</name>
         <load_address>0x2acc</load_address>
         <readonly>true</readonly>
         <executable>true</executable>
         <run_address>0x2acc</run_address>
         <size>0x28</size>
         <alignment>0x2</alignment>
         <input_file_ref idref="fl-2"/>
      </object_component>
      <object_component id="oc-17d">
         <name>.text.DL_I2C_setControllerRXFIFOThreshold</name>
         <load_address>0x2af4</load_address>
         <readonly>true</readonly>
         <executable>true</executable>
         <run_address>0x2af4</run_address>
         <size>0x28</size>
         <alignment>0x4</alignment>
         <input_file_ref idref="fl-2"/>
      </object_component>
      <object_component id="oc-17c">
         <name>.text.DL_I2C_setControllerTXFIFOThreshold</name>
         <load_address>0x2b1c</load_address>
         <readonly>true</readonly>
         <executable>true</executable>
         <run_address>0x2b1c</run_address>
         <size>0x28</size>
         <alignment>0x4</alignment>
         <input_file_ref idref="fl-2"/>
      </object_component>
      <object_component id="oc-18c">
         <name>.text.DL_UART_setRXFIFOThreshold</name>
         <load_address>0x2b44</load_address>
         <readonly>true</readonly>
         <executable>true</executable>
         <run_address>0x2b44</run_address>
         <size>0x28</size>
         <alignment>0x4</alignment>
         <input_file_ref idref="fl-2"/>
      </object_component>
      <object_component id="oc-18d">
         <name>.text.DL_UART_setTXFIFOThreshold</name>
         <load_address>0x2b6c</load_address>
         <readonly>true</readonly>
         <executable>true</executable>
         <run_address>0x2b6c</run_address>
         <size>0x28</size>
         <alignment>0x4</alignment>
         <input_file_ref idref="fl-2"/>
      </object_component>
      <object_component id="oc-60">
         <name>.text:_c_int00_noargs</name>
         <load_address>0x2b94</load_address>
         <readonly>true</readonly>
         <executable>true</executable>
         <run_address>0x2b94</run_address>
         <size>0x28</size>
         <alignment>0x4</alignment>
         <input_file_ref idref="fl-3d"/>
      </object_component>
      <object_component id="oc-178">
         <name>.text.DL_I2C_setAnalogGlitchFilterPulseWidth</name>
         <load_address>0x2bbc</load_address>
         <readonly>true</readonly>
         <executable>true</executable>
         <run_address>0x2bbc</run_address>
         <size>0x26</size>
         <alignment>0x2</alignment>
         <input_file_ref idref="fl-2"/>
      </object_component>
      <object_component id="oc-172">
         <name>.text.DL_I2C_setClockConfig</name>
         <load_address>0x2be2</load_address>
         <readonly>true</readonly>
         <executable>true</executable>
         <run_address>0x2be2</run_address>
         <size>0x26</size>
         <alignment>0x2</alignment>
         <input_file_ref idref="fl-21"/>
      </object_component>
      <object_component id="oc-12f">
         <name>.text.AT8236_AOUT_Slip</name>
         <load_address>0x2c08</load_address>
         <readonly>true</readonly>
         <executable>true</executable>
         <run_address>0x2c08</run_address>
         <size>0x24</size>
         <alignment>0x4</alignment>
         <input_file_ref idref="fl-4"/>
      </object_component>
      <object_component id="oc-132">
         <name>.text.AT8236_BOUT_Slip</name>
         <load_address>0x2c2c</load_address>
         <readonly>true</readonly>
         <executable>true</executable>
         <run_address>0x2c2c</run_address>
         <size>0x24</size>
         <alignment>0x4</alignment>
         <input_file_ref idref="fl-4"/>
      </object_component>
      <object_component id="oc-34">
         <name>.text.SysTick_Handler</name>
         <load_address>0x2c50</load_address>
         <readonly>true</readonly>
         <executable>true</executable>
         <run_address>0x2c50</run_address>
         <size>0x24</size>
         <alignment>0x4</alignment>
         <input_file_ref idref="fl-a"/>
      </object_component>
      <object_component id="oc-1cd">
         <name>.text.__muldi3</name>
         <load_address>0x2c74</load_address>
         <readonly>true</readonly>
         <executable>true</executable>
         <run_address>0x2c74</run_address>
         <size>0x24</size>
         <alignment>0x4</alignment>
         <input_file_ref idref="fl-116"/>
      </object_component>
      <object_component id="oc-1b5">
         <name>.text.memccpy</name>
         <load_address>0x2c98</load_address>
         <readonly>true</readonly>
         <executable>true</executable>
         <run_address>0x2c98</run_address>
         <size>0x22</size>
         <alignment>0x2</alignment>
         <input_file_ref idref="fl-4e"/>
      </object_component>
      <object_component id="oc-ea">
         <name>.text.BLE05_Init</name>
         <load_address>0x2cbc</load_address>
         <readonly>true</readonly>
         <executable>true</executable>
         <run_address>0x2cbc</run_address>
         <size>0x20</size>
         <alignment>0x4</alignment>
         <input_file_ref idref="fl-5"/>
      </object_component>
      <object_component id="oc-14f">
         <name>.text.DL_GPIO_initPeripheralInputFunction</name>
         <load_address>0x2cdc</load_address>
         <readonly>true</readonly>
         <executable>true</executable>
         <run_address>0x2cdc</run_address>
         <size>0x20</size>
         <alignment>0x4</alignment>
         <input_file_ref idref="fl-2"/>
      </object_component>
      <object_component id="oc-156">
         <name>.text.DL_SYSCTL_setFlashWaitState</name>
         <load_address>0x2cfc</load_address>
         <readonly>true</readonly>
         <executable>true</executable>
         <run_address>0x2cfc</run_address>
         <size>0x20</size>
         <alignment>0x4</alignment>
         <input_file_ref idref="fl-2"/>
      </object_component>
      <object_component id="oc-188">
         <name>.text.DL_UART_setOversampling</name>
         <load_address>0x2d1c</load_address>
         <readonly>true</readonly>
         <executable>true</executable>
         <run_address>0x2d1c</run_address>
         <size>0x1e</size>
         <alignment>0x2</alignment>
         <input_file_ref idref="fl-2"/>
      </object_component>
      <object_component id="oc-230">
         <name>.text.__ashldi3</name>
         <load_address>0x2d3c</load_address>
         <readonly>true</readonly>
         <executable>true</executable>
         <run_address>0x2d3c</run_address>
         <size>0x1e</size>
         <alignment>0x4</alignment>
         <input_file_ref idref="fl-121"/>
      </object_component>
      <object_component id="oc-dd">
         <name>.text.Command_GetLength</name>
         <load_address>0x2d5a</load_address>
         <readonly>true</readonly>
         <executable>true</executable>
         <run_address>0x2d5a</run_address>
         <size>0x1c</size>
         <alignment>0x2</alignment>
         <input_file_ref idref="fl-9"/>
      </object_component>
      <object_component id="oc-14e">
         <name>.text.DL_GPIO_enableHiZ</name>
         <load_address>0x2d78</load_address>
         <readonly>true</readonly>
         <executable>true</executable>
         <run_address>0x2d78</run_address>
         <size>0x1c</size>
         <alignment>0x4</alignment>
         <input_file_ref idref="fl-2"/>
      </object_component>
      <object_component id="oc-14a">
         <name>.text.DL_GPIO_initPeripheralOutputFunction</name>
         <load_address>0x2d94</load_address>
         <readonly>true</readonly>
         <executable>true</executable>
         <run_address>0x2d94</run_address>
         <size>0x1c</size>
         <alignment>0x4</alignment>
         <input_file_ref idref="fl-2"/>
      </object_component>
      <object_component id="oc-157">
         <name>.text.DL_SYSCTL_setSYSOSCFreq</name>
         <load_address>0x2db0</load_address>
         <readonly>true</readonly>
         <executable>true</executable>
         <run_address>0x2db0</run_address>
         <size>0x1c</size>
         <alignment>0x4</alignment>
         <input_file_ref idref="fl-2"/>
      </object_component>
      <object_component id="oc-160">
         <name>.text.DL_SYSCTL_setULPCLKDivider</name>
         <load_address>0x2dcc</load_address>
         <readonly>true</readonly>
         <executable>true</executable>
         <run_address>0x2dcc</run_address>
         <size>0x1c</size>
         <alignment>0x4</alignment>
         <input_file_ref idref="fl-2"/>
      </object_component>
      <object_component id="oc-167">
         <name>.text.DL_Timer_setCaptCompUpdateMethod</name>
         <load_address>0x2de8</load_address>
         <readonly>true</readonly>
         <executable>true</executable>
         <run_address>0x2de8</run_address>
         <size>0x1c</size>
         <alignment>0x4</alignment>
         <input_file_ref idref="fl-22"/>
      </object_component>
      <object_component id="oc-163">
         <name>.text.DL_Timer_setClockConfig</name>
         <load_address>0x2e04</load_address>
         <readonly>true</readonly>
         <executable>true</executable>
         <run_address>0x2e04</run_address>
         <size>0x1c</size>
         <alignment>0x4</alignment>
         <input_file_ref idref="fl-22"/>
      </object_component>
      <object_component id="oc-18a">
         <name>.text.DL_UART_enableInterrupt</name>
         <load_address>0x2e20</load_address>
         <readonly>true</readonly>
         <executable>true</executable>
         <run_address>0x2e20</run_address>
         <size>0x1c</size>
         <alignment>0x4</alignment>
         <input_file_ref idref="fl-2"/>
      </object_component>
      <object_component id="oc-f6">
         <name>.text.delay_ms</name>
         <load_address>0x2e3c</load_address>
         <readonly>true</readonly>
         <executable>true</executable>
         <run_address>0x2e3c</run_address>
         <size>0x1c</size>
         <alignment>0x4</alignment>
         <input_file_ref idref="fl-a"/>
      </object_component>
      <object_component id="oc-a4">
         <name>.text.Command_GetRemain</name>
         <load_address>0x2e58</load_address>
         <readonly>true</readonly>
         <executable>true</executable>
         <run_address>0x2e58</run_address>
         <size>0x1a</size>
         <alignment>0x2</alignment>
         <input_file_ref idref="fl-9"/>
      </object_component>
      <object_component id="oc-120">
         <name>.text.Command_Init</name>
         <load_address>0x2e72</load_address>
         <readonly>true</readonly>
         <executable>true</executable>
         <run_address>0x2e72</run_address>
         <size>0x1a</size>
         <alignment>0x2</alignment>
         <input_file_ref idref="fl-9"/>
      </object_component>
      <object_component id="oc-14b">
         <name>.text.DL_GPIO_enableOutput</name>
         <load_address>0x2e8c</load_address>
         <readonly>true</readonly>
         <executable>true</executable>
         <run_address>0x2e8c</run_address>
         <size>0x18</size>
         <alignment>0x4</alignment>
         <input_file_ref idref="fl-2"/>
      </object_component>
      <object_component id="oc-146">
         <name>.text.DL_GPIO_enablePower</name>
         <load_address>0x2ea4</load_address>
         <readonly>true</readonly>
         <executable>true</executable>
         <run_address>0x2ea4</run_address>
         <size>0x18</size>
         <alignment>0x4</alignment>
         <input_file_ref idref="fl-2"/>
      </object_component>
      <object_component id="oc-150">
         <name>.text.DL_GPIO_initDigitalOutput</name>
         <load_address>0x2ebc</load_address>
         <readonly>true</readonly>
         <executable>true</executable>
         <run_address>0x2ebc</run_address>
         <size>0x18</size>
         <alignment>0x4</alignment>
         <input_file_ref idref="fl-2"/>
      </object_component>
      <object_component id="oc-142">
         <name>.text.DL_GPIO_reset</name>
         <load_address>0x2ed4</load_address>
         <readonly>true</readonly>
         <executable>true</executable>
         <run_address>0x2ed4</run_address>
         <size>0x18</size>
         <alignment>0x4</alignment>
         <input_file_ref idref="fl-2"/>
      </object_component>
      <object_component id="oc-154">
         <name>.text.DL_GPIO_setPins</name>
         <load_address>0x2eec</load_address>
         <readonly>true</readonly>
         <executable>true</executable>
         <run_address>0x2eec</run_address>
         <size>0x18</size>
         <alignment>0x4</alignment>
         <input_file_ref idref="fl-2"/>
      </object_component>
      <object_component id="oc-179">
         <name>.text.DL_I2C_enableAnalogGlitchFilter</name>
         <load_address>0x2f04</load_address>
         <readonly>true</readonly>
         <executable>true</executable>
         <run_address>0x2f04</run_address>
         <size>0x18</size>
         <alignment>0x2</alignment>
         <input_file_ref idref="fl-2"/>
      </object_component>
      <object_component id="oc-17f">
         <name>.text.DL_I2C_enableController</name>
         <load_address>0x2f1c</load_address>
         <readonly>true</readonly>
         <executable>true</executable>
         <run_address>0x2f1c</run_address>
         <size>0x18</size>
         <alignment>0x4</alignment>
         <input_file_ref idref="fl-2"/>
      </object_component>
      <object_component id="oc-17e">
         <name>.text.DL_I2C_enableControllerClockStretching</name>
         <load_address>0x2f34</load_address>
         <readonly>true</readonly>
         <executable>true</executable>
         <run_address>0x2f34</run_address>
         <size>0x18</size>
         <alignment>0x4</alignment>
         <input_file_ref idref="fl-2"/>
      </object_component>
      <object_component id="oc-148">
         <name>.text.DL_I2C_enablePower</name>
         <load_address>0x2f4c</load_address>
         <readonly>true</readonly>
         <executable>true</executable>
         <run_address>0x2f4c</run_address>
         <size>0x18</size>
         <alignment>0x4</alignment>
         <input_file_ref idref="fl-2"/>
      </object_component>
      <object_component id="oc-144">
         <name>.text.DL_I2C_reset</name>
         <load_address>0x2f64</load_address>
         <readonly>true</readonly>
         <executable>true</executable>
         <run_address>0x2f64</run_address>
         <size>0x18</size>
         <alignment>0x4</alignment>
         <input_file_ref idref="fl-2"/>
      </object_component>
      <object_component id="oc-17b">
         <name>.text.DL_I2C_setTimerPeriod</name>
         <load_address>0x2f7c</load_address>
         <readonly>true</readonly>
         <executable>true</executable>
         <run_address>0x2f7c</run_address>
         <size>0x18</size>
         <alignment>0x4</alignment>
         <input_file_ref idref="fl-2"/>
      </object_component>
      <object_component id="oc-155">
         <name>.text.DL_SYSCTL_setBORThreshold</name>
         <load_address>0x2f94</load_address>
         <readonly>true</readonly>
         <executable>true</executable>
         <run_address>0x2f94</run_address>
         <size>0x18</size>
         <alignment>0x4</alignment>
         <input_file_ref idref="fl-2"/>
      </object_component>
      <object_component id="oc-147">
         <name>.text.DL_Timer_enablePower</name>
         <load_address>0x2fac</load_address>
         <readonly>true</readonly>
         <executable>true</executable>
         <run_address>0x2fac</run_address>
         <size>0x18</size>
         <alignment>0x4</alignment>
         <input_file_ref idref="fl-2"/>
      </object_component>
      <object_component id="oc-143">
         <name>.text.DL_Timer_reset</name>
         <load_address>0x2fc4</load_address>
         <readonly>true</readonly>
         <executable>true</executable>
         <run_address>0x2fc4</run_address>
         <size>0x18</size>
         <alignment>0x4</alignment>
         <input_file_ref idref="fl-2"/>
      </object_component>
      <object_component id="oc-166">
         <name>.text.DL_Timer_setCaptureCompareOutCtl</name>
         <load_address>0x2fdc</load_address>
         <readonly>true</readonly>
         <executable>true</executable>
         <run_address>0x2fdc</run_address>
         <size>0x18</size>
         <alignment>0x4</alignment>
         <input_file_ref idref="fl-22"/>
      </object_component>
      <object_component id="oc-18b">
         <name>.text.DL_UART_enableFIFOs</name>
         <load_address>0x2ff4</load_address>
         <readonly>true</readonly>
         <executable>true</executable>
         <run_address>0x2ff4</run_address>
         <size>0x18</size>
         <alignment>0x2</alignment>
         <input_file_ref idref="fl-2"/>
      </object_component>
      <object_component id="oc-149">
         <name>.text.DL_UART_enablePower</name>
         <load_address>0x300c</load_address>
         <readonly>true</readonly>
         <executable>true</executable>
         <run_address>0x300c</run_address>
         <size>0x18</size>
         <alignment>0x4</alignment>
         <input_file_ref idref="fl-2"/>
      </object_component>
      <object_component id="oc-1b1">
         <name>.text.DL_UART_isBusy</name>
         <load_address>0x3024</load_address>
         <readonly>true</readonly>
         <executable>true</executable>
         <run_address>0x3024</run_address>
         <size>0x18</size>
         <alignment>0x4</alignment>
         <input_file_ref idref="fl-f"/>
      </object_component>
      <object_component id="oc-145">
         <name>.text.DL_UART_reset</name>
         <load_address>0x303c</load_address>
         <readonly>true</readonly>
         <executable>true</executable>
         <run_address>0x303c</run_address>
         <size>0x18</size>
         <alignment>0x4</alignment>
         <input_file_ref idref="fl-2"/>
      </object_component>
      <object_component id="oc-197">
         <name>.text._outs</name>
         <load_address>0x3054</load_address>
         <readonly>true</readonly>
         <executable>true</executable>
         <run_address>0x3054</run_address>
         <size>0x18</size>
         <alignment>0x2</alignment>
         <input_file_ref idref="fl-3b"/>
      </object_component>
      <object_component id="oc-18e">
         <name>.text.DL_UART_enable</name>
         <load_address>0x306c</load_address>
         <readonly>true</readonly>
         <executable>true</executable>
         <run_address>0x306c</run_address>
         <size>0x16</size>
         <alignment>0x2</alignment>
         <input_file_ref idref="fl-2"/>
      </object_component>
      <object_component id="oc-1b2">
         <name>.text.DL_UART_transmitData</name>
         <load_address>0x3082</load_address>
         <readonly>true</readonly>
         <executable>true</executable>
         <run_address>0x3082</run_address>
         <size>0x16</size>
         <alignment>0x2</alignment>
         <input_file_ref idref="fl-f"/>
      </object_component>
      <object_component id="oc-57">
         <name>.text:decompress:ZI:__TI_zero_init_nomemset</name>
         <load_address>0x3098</load_address>
         <readonly>true</readonly>
         <executable>true</executable>
         <run_address>0x3098</run_address>
         <size>0x16</size>
         <alignment>0x2</alignment>
         <input_file_ref idref="fl-42"/>
      </object_component>
      <object_component id="oc-153">
         <name>.text.DL_GPIO_clearPins</name>
         <load_address>0x30ae</load_address>
         <readonly>true</readonly>
         <executable>true</executable>
         <run_address>0x30ae</run_address>
         <size>0x14</size>
         <alignment>0x2</alignment>
         <input_file_ref idref="fl-2"/>
      </object_component>
      <object_component id="oc-17a">
         <name>.text.DL_I2C_resetControllerTransfer</name>
         <load_address>0x30c4</load_address>
         <readonly>true</readonly>
         <executable>true</executable>
         <run_address>0x30c4</run_address>
         <size>0x14</size>
         <alignment>0x4</alignment>
         <input_file_ref idref="fl-2"/>
      </object_component>
      <object_component id="oc-159">
         <name>.text.DL_SYSCTL_disableSYSPLL</name>
         <load_address>0x30d8</load_address>
         <readonly>true</readonly>
         <executable>true</executable>
         <run_address>0x30d8</run_address>
         <size>0x14</size>
         <alignment>0x4</alignment>
         <input_file_ref idref="fl-2"/>
      </object_component>
      <object_component id="oc-168">
         <name>.text.DL_Timer_enableClock</name>
         <load_address>0x30ec</load_address>
         <readonly>true</readonly>
         <executable>true</executable>
         <run_address>0x30ec</run_address>
         <size>0x14</size>
         <alignment>0x4</alignment>
         <input_file_ref idref="fl-2"/>
      </object_component>
      <object_component id="oc-169">
         <name>.text.DL_Timer_setCCPDirection</name>
         <load_address>0x3100</load_address>
         <readonly>true</readonly>
         <executable>true</executable>
         <run_address>0x3100</run_address>
         <size>0x14</size>
         <alignment>0x2</alignment>
         <input_file_ref idref="fl-2"/>
      </object_component>
      <object_component id="oc-6b">
         <name>.text.DL_UART_receiveData</name>
         <load_address>0x3114</load_address>
         <readonly>true</readonly>
         <executable>true</executable>
         <run_address>0x3114</run_address>
         <size>0x14</size>
         <alignment>0x4</alignment>
         <input_file_ref idref="fl-8"/>
      </object_component>
      <object_component id="oc-b7">
         <name>.text.DL_UART_receiveData</name>
         <load_address>0x3128</load_address>
         <readonly>true</readonly>
         <executable>true</executable>
         <run_address>0x3128</run_address>
         <size>0x14</size>
         <alignment>0x4</alignment>
         <input_file_ref idref="fl-f"/>
      </object_component>
      <object_component id="oc-1d2">
         <name>.text.__aeabi_uldivmod</name>
         <load_address>0x313c</load_address>
         <readonly>true</readonly>
         <executable>true</executable>
         <run_address>0x313c</run_address>
         <size>0x14</size>
         <alignment>0x4</alignment>
         <input_file_ref idref="fl-11e"/>
      </object_component>
      <object_component id="oc-215">
         <name>.text.strchr</name>
         <load_address>0x3150</load_address>
         <readonly>true</readonly>
         <executable>true</executable>
         <run_address>0x3150</run_address>
         <size>0x14</size>
         <alignment>0x2</alignment>
         <input_file_ref idref="fl-45"/>
      </object_component>
      <object_component id="oc-6a">
         <name>.text.DL_UART_getPendingInterrupt</name>
         <load_address>0x3164</load_address>
         <readonly>true</readonly>
         <executable>true</executable>
         <run_address>0x3164</run_address>
         <size>0x12</size>
         <alignment>0x2</alignment>
         <input_file_ref idref="fl-8"/>
      </object_component>
      <object_component id="oc-b6">
         <name>.text.DL_UART_getPendingInterrupt</name>
         <load_address>0x3176</load_address>
         <readonly>true</readonly>
         <executable>true</executable>
         <run_address>0x3176</run_address>
         <size>0x12</size>
         <alignment>0x2</alignment>
         <input_file_ref idref="fl-f"/>
      </object_component>
      <object_component id="oc-181">
         <name>.text.DL_UART_setClockConfig</name>
         <load_address>0x3188</load_address>
         <readonly>true</readonly>
         <executable>true</executable>
         <run_address>0x3188</run_address>
         <size>0x12</size>
         <alignment>0x2</alignment>
         <input_file_ref idref="fl-23"/>
      </object_component>
      <object_component id="oc-b8">
         <name>.text:TI_memcpy_small</name>
         <load_address>0x319a</load_address>
         <readonly>true</readonly>
         <executable>true</executable>
         <run_address>0x319a</run_address>
         <size>0x12</size>
         <alignment>0x1</alignment>
         <input_file_ref idref="fl-126"/>
      </object_component>
      <object_component id="oc-20">
         <name>.text:decompress:none</name>
         <load_address>0x31ac</load_address>
         <readonly>true</readonly>
         <executable>true</executable>
         <run_address>0x31ac</run_address>
         <size>0x12</size>
         <alignment>0x2</alignment>
         <input_file_ref idref="fl-43"/>
      </object_component>
      <object_component id="oc-158">
         <name>.text.DL_SYSCTL_disableHFXT</name>
         <load_address>0x31c0</load_address>
         <readonly>true</readonly>
         <executable>true</executable>
         <run_address>0x31c0</run_address>
         <size>0x10</size>
         <alignment>0x4</alignment>
         <input_file_ref idref="fl-2"/>
      </object_component>
      <object_component id="oc-129">
         <name>.text.DL_Timer_setCaptureCompareValue</name>
         <load_address>0x31d0</load_address>
         <readonly>true</readonly>
         <executable>true</executable>
         <run_address>0x31d0</run_address>
         <size>0x10</size>
         <alignment>0x4</alignment>
         <input_file_ref idref="fl-22"/>
      </object_component>
      <object_component id="oc-116">
         <name>.text.SYSCFG_DL_SYSTICK_init</name>
         <load_address>0x31e0</load_address>
         <readonly>true</readonly>
         <executable>true</executable>
         <run_address>0x31e0</run_address>
         <size>0x10</size>
         <alignment>0x4</alignment>
         <input_file_ref idref="fl-2"/>
      </object_component>
      <object_component id="oc-1c4">
         <name>.text.wcslen</name>
         <load_address>0x31f0</load_address>
         <readonly>true</readonly>
         <executable>true</executable>
         <run_address>0x31f0</run_address>
         <size>0x10</size>
         <alignment>0x2</alignment>
         <input_file_ref idref="fl-52"/>
      </object_component>
      <object_component id="oc-1b4">
         <name>.text.__aeabi_memset</name>
         <load_address>0x3200</load_address>
         <readonly>true</readonly>
[...]
         <value>0x2a7d</value>
         <object_component_ref idref="oc-f8"/>
      </symbol>
      <symbol id="sm-184">
         <name>AT8236_BOUT_Stop</name>
         <value>0x2aa5</value>
         <object_component_ref idref="oc-f7"/>
      </symbol>
      <symbol id="sm-185">
         <name>AT8236_AOUT_FD</name>
         <value>0x20f5</value>
         <object_component_ref idref="oc-f0"/>
      </symbol>
      <symbol id="sm-186">
         <name>AT8236_BOUT_FD</name>
         <value>0x2151</value>
         <object_component_ref idref="oc-f5"/>
      </symbol>
      <symbol id="sm-18f">
         <name>BLE05_Init</name>
         <value>0x2cbd</value>
         <object_component_ref idref="oc-ea"/>
      </symbol>
      <symbol id="sm-1a9">
         <name>OpenMV_Init</name>
         <value>0x2819</value>
         <object_component_ref idref="oc-ee"/>
      </symbol>
      <symbol id="sm-1aa">
         <name>i</name>
         <value>0x20200102</value>
      </symbol>
      <symbol id="sm-1ab">
         <name>UART3_IRQHandler</name>
         <value>0x26f9</value>
         <object_component_ref idref="oc-39"/>
      </symbol>
      <symbol id="sm-1ac">
         <name>usart_ch</name>
         <value>0x20200103</value>
      </symbol>
      <symbol id="sm-1bb">
         <name>Command_Init</name>
         <value>0x2e73</value>
         <object_component_ref idref="oc-120"/>
      </symbol>
      <symbol id="sm-1bc">
         <name>Command_GetLength</name>
         <value>0x2d5b</value>
         <object_component_ref idref="oc-dd"/>
      </symbol>
      <symbol id="sm-1bd">
         <name>Command_GetRemain</name>
         <value>0x2e59</value>
         <object_component_ref idref="oc-a4"/>
      </symbol>
      <symbol id="sm-1be">
         <name>Command_Write</name>
         <value>0x18b9</value>
         <object_component_ref idref="oc-6c"/>
      </symbol>
      <symbol id="sm-1cd">
         <name>delay_ms</name>
         <value>0x2e3d</value>
         <object_component_ref idref="oc-f6"/>
      </symbol>
      <symbol id="sm-1ce">
         <name>SysTick_Handler</name>
         <value>0x2c51</value>
         <object_component_ref idref="oc-34"/>
      </symbol>
      <symbol id="sm-202">
         <name>USART_Init</name>
         <value>0x284d</value>
         <object_component_ref idref="oc-11d"/>
      </symbol>
      <symbol id="sm-203">
         <name>USART_SendChar</name>
         <value>0x29a1</value>
         <object_component_ref idref="oc-19b"/>
      </symbol>
      <symbol id="sm-204">
         <name>USART_SendString</name>
         <value>0x2585</value>
         <object_component_ref idref="oc-128"/>
      </symbol>
      <symbol id="sm-205">
         <name>USART_Printf</name>
         <value>0x287f</value>
         <object_component_ref idref="oc-ef"/>
      </symbol>
      <symbol id="sm-206">
         <name>usart0_ch</name>
         <value>0x20200684</value>
         <object_component_ref idref="oc-86"/>
      </symbol>
      <symbol id="sm-207">
         <name>usart2_ch</name>
         <value>0x20200686</value>
         <object_component_ref idref="oc-82"/>
      </symbol>
      <symbol id="sm-208">
         <name>usart1_ch</name>
         <value>0x20200685</value>
         <object_component_ref idref="oc-7c"/>
      </symbol>
      <symbol id="sm-209">
         <name>usart2_str</name>
         <value>0x20200560</value>
         <object_component_ref idref="oc-84"/>
      </symbol>
      <symbol id="sm-20a">
         <name>usart2_str_index</name>
         <value>0x2020067c</value>
         <object_component_ref idref="oc-85"/>
      </symbol>
      <symbol id="sm-20b">
         <name>usart2_str_received</name>
         <value>0x20200680</value>
         <object_component_ref idref="oc-83"/>
      </symbol>
      <symbol id="sm-20c">
         <name>usart1_str</name>
         <value>0x20200460</value>
         <object_component_ref idref="oc-7e"/>
      </symbol>
      <symbol id="sm-20d">
         <name>usart1_str_index</name>
         <value>0x20200674</value>
         <object_component_ref idref="oc-7f"/>
      </symbol>
      <symbol id="sm-20e">
         <name>usart1_str_received</name>
         <value>0x20200678</value>
         <object_component_ref idref="oc-7d"/>
      </symbol>
      <symbol id="sm-20f">
         <name>usart0_str</name>
         <value>0x20200360</value>
         <object_component_ref idref="oc-88"/>
      </symbol>
      <symbol id="sm-210">
         <name>usart0_str_index</name>
         <value>0x2020066c</value>
         <object_component_ref idref="oc-89"/>
      </symbol>
      <symbol id="sm-211">
         <name>usart0_str_received</name>
         <value>0x20200670</value>
         <object_component_ref idref="oc-87"/>
      </symbol>
      <symbol id="sm-212">
         <name>UART0_IRQHandler</name>
         <value>0x28e1</value>
         <object_component_ref idref="oc-44"/>
      </symbol>
      <symbol id="sm-213">
         <name>UART_IRQHandler</name>
         <value>0x1ce1</value>
         <object_component_ref idref="oc-7b"/>
      </symbol>
      <symbol id="sm-214">
         <name>UART1_IRQHandler</name>
         <value>0x2911</value>
         <object_component_ref idref="oc-3e"/>
      </symbol>
      <symbol id="sm-215">
         <name>UART2_IRQHandler</name>
         <value>0x2941</value>
         <object_component_ref idref="oc-43"/>
      </symbol>
      <symbol id="sm-21f">
         <name>Test_AT8236</name>
         <value>0x2095</value>
         <object_component_ref idref="oc-c2"/>
      </symbol>
      <symbol id="sm-228">
         <name>__TI_ATRegion0_src_addr</name>
         <value>0x0</value>
      </symbol>
      <symbol id="sm-229">
         <name>__TI_ATRegion0_trg_addr</name>
         <value>0x0</value>
      </symbol>
      <symbol id="sm-22a">
         <name>__TI_ATRegion0_region_sz</name>
         <value>0x0</value>
      </symbol>
      <symbol id="sm-22b">
         <name>__TI_ATRegion1_src_addr</name>
         <value>0x0</value>
      </symbol>
      <symbol id="sm-22c">
         <name>__TI_ATRegion1_trg_addr</name>
         <value>0x0</value>
      </symbol>
      <symbol id="sm-22d">
         <name>__TI_ATRegion1_region_sz</name>
         <value>0x0</value>
      </symbol>
      <symbol id="sm-22e">
         <name>__TI_ATRegion2_src_addr</name>
         <value>0x0</value>
      </symbol>
      <symbol id="sm-22f">
         <name>__TI_ATRegion2_trg_addr</name>
         <value>0x0</value>
      </symbol>
      <symbol id="sm-230">
         <name>__TI_ATRegion2_region_sz</name>
         <value>0x0</value>
      </symbol>
      <symbol id="sm-239">
         <name>DL_Common_delayCycles</name>
         <value>0x322b</value>
         <object_component_ref idref="oc-133"/>
      </symbol>
      <symbol id="sm-243">
         <name>DL_I2C_setClockConfig</name>
         <value>0x2be3</value>
         <object_component_ref idref="oc-172"/>
      </symbol>
      <symbol id="sm-25a">
         <name>DL_Timer_setClockConfig</name>
         <value>0x2e05</value>
         <object_component_ref idref="oc-163"/>
      </symbol>
      <symbol id="sm-25b">
         <name>DL_Timer_setCaptureCompareValue</name>
         <value>0x31d1</value>
         <object_component_ref idref="oc-129"/>
      </symbol>
      <symbol id="sm-25c">
         <name>DL_Timer_setCaptCompUpdateMethod</name>
         <value>0x2de9</value>
         <object_component_ref idref="oc-167"/>
      </symbol>
      <symbol id="sm-25d">
         <name>DL_Timer_setCaptureCompareOutCtl</name>
         <value>0x2fdd</value>
         <object_component_ref idref="oc-166"/>
      </symbol>
      <symbol id="sm-25e">
         <name>DL_Timer_initFourCCPWMMode</name>
         <value>0x151d</value>
         <object_component_ref idref="oc-164"/>
      </symbol>
      <symbol id="sm-26b">
         <name>DL_UART_init</name>
         <value>0x24f9</value>
         <object_component_ref idref="oc-187"/>
      </symbol>
      <symbol id="sm-26c">
         <name>DL_UART_setClockConfig</name>
         <value>0x3189</value>
         <object_component_ref idref="oc-181"/>
      </symbol>
      <symbol id="sm-27a">
         <name>DL_SYSCTL_configSYSPLL</name>
         <value>0x1705</value>
         <object_component_ref idref="oc-15a"/>
      </symbol>
      <symbol id="sm-27b">
         <name>DL_SYSCTL_switchMCLKfromSYSOSCtoHSCLK</name>
         <value>0x2541</value>
         <object_component_ref idref="oc-161"/>
      </symbol>
      <symbol id="sm-28c">
         <name>vsprintf</name>
         <value>0x2a51</value>
         <object_component_ref idref="oc-122"/>
      </symbol>
      <symbol id="sm-298">
         <name>_c_int00_noargs</name>
         <value>0x2b95</value>
         <object_component_ref idref="oc-60"/>
      </symbol>
      <symbol id="sm-299">
         <name>__stack</name>
         <value>0x20207e00</value>
         <object_component_ref idref="oc-1a"/>
      </symbol>
      <symbol id="sm-2a5">
         <name>__TI_auto_init_nobinit_nopinit</name>
         <value>0x2735</value>
         <object_component_ref idref="oc-cb"/>
      </symbol>
      <symbol id="sm-2ad">
         <name>_system_pre_init</name>
         <value>0x3293</value>
         <object_component_ref idref="oc-93"/>
      </symbol>
      <symbol id="sm-2b8">
         <name>__TI_zero_init_nomemset</name>
         <value>0x3099</value>
         <object_component_ref idref="oc-57"/>
      </symbol>
      <symbol id="sm-2c1">
         <name>__TI_decompress_none</name>
         <value>0x31ad</value>
         <object_component_ref idref="oc-20"/>
      </symbol>
      <symbol id="sm-2cc">
         <name>__TI_decompress_lzss</name>
         <value>0x1c65</value>
         <object_component_ref idref="oc-1c"/>
      </symbol>
      <symbol id="sm-315">
         <name>__TI_printfi</name>
         <value>0xc1</value>
         <object_component_ref idref="oc-1b0"/>
      </symbol>
      <symbol id="sm-320">
         <name>__aeabi_errno_addr</name>
         <value>0x3271</value>
         <object_component_ref idref="oc-1c8"/>
      </symbol>
      <symbol id="sm-321">
         <name>__aeabi_errno</name>
         <value>0x20200668</value>
         <object_component_ref idref="oc-1ee"/>
      </symbol>
      <symbol id="sm-32b">
         <name>abort</name>
         <value>0x3281</value>
         <object_component_ref idref="oc-c4"/>
      </symbol>
      <symbol id="sm-335">
         <name>__TI_ltoa</name>
         <value>0x22b9</value>
         <object_component_ref idref="oc-208"/>
      </symbol>
      <symbol id="sm-341">
         <name>atoi</name>
         <value>0x2605</value>
         <object_component_ref idref="oc-1c0"/>
      </symbol>
      <symbol id="sm-34b">
         <name>memccpy</name>
         <value>0x2c99</value>
         <object_component_ref idref="oc-1b5"/>
      </symbol>
      <symbol id="sm-356">
         <name>frexp</name>
         <value>0x21ad</value>
         <object_component_ref idref="oc-1fc"/>
      </symbol>
      <symbol id="sm-357">
         <name>frexpl</name>
         <value>0x21ad</value>
         <object_component_ref idref="oc-1fc"/>
      </symbol>
      <symbol id="sm-361">
         <name>scalbn</name>
         <value>0x17e1</value>
         <object_component_ref idref="oc-200"/>
      </symbol>
      <symbol id="sm-362">
         <name>ldexp</name>
         <value>0x17e1</value>
         <object_component_ref idref="oc-200"/>
      </symbol>
      <symbol id="sm-363">
         <name>scalbnl</name>
         <value>0x17e1</value>
         <object_component_ref idref="oc-200"/>
      </symbol>
      <symbol id="sm-364">
         <name>ldexpl</name>
         <value>0x17e1</value>
         <object_component_ref idref="oc-200"/>
      </symbol>
      <symbol id="sm-36d">
         <name>wcslen</name>
         <value>0x31f1</value>
         <object_component_ref idref="oc-1c4"/>
      </symbol>
      <symbol id="sm-373">
         <name>__aeabi_ctype_table_</name>
         <value>0x32a0</value>
         <object_component_ref idref="oc-1e7"/>
      </symbol>
      <symbol id="sm-374">
         <name>__aeabi_ctype_table_C</name>
         <value>0x32a0</value>
         <object_component_ref idref="oc-1e7"/>
      </symbol>
      <symbol id="sm-37f">
         <name>HOSTexit</name>
         <value>0x328b</value>
         <object_component_ref idref="oc-fb"/>
      </symbol>
      <symbol id="sm-380">
         <name>C$$EXIT</name>
         <value>0x328a</value>
         <object_component_ref idref="oc-fb"/>
      </symbol>
      <symbol id="sm-395">
         <name>__aeabi_dadd</name>
         <value>0x102b</value>
         <object_component_ref idref="oc-225"/>
      </symbol>
      <symbol id="sm-396">
         <name>__adddf3</name>
         <value>0x102b</value>
         <object_component_ref idref="oc-225"/>
      </symbol>
      <symbol id="sm-397">
         <name>__aeabi_dsub</name>
         <value>0x1021</value>
         <object_component_ref idref="oc-225"/>
      </symbol>
      <symbol id="sm-398">
         <name>__subdf3</name>
         <value>0x1021</value>
         <object_component_ref idref="oc-225"/>
      </symbol>
      <symbol id="sm-3a1">
         <name>__aeabi_dmul</name>
         <value>0x1621</value>
         <object_component_ref idref="oc-211"/>
      </symbol>
      <symbol id="sm-3a2">
         <name>__muldf3</name>
         <value>0x1621</value>
         <object_component_ref idref="oc-211"/>
      </symbol>
      <symbol id="sm-3a8">
         <name>__muldsi3</name>
         <value>0x2771</value>
         <object_component_ref idref="oc-1f2"/>
      </symbol>
      <symbol id="sm-3ae">
         <name>__aeabi_ddiv</name>
         <value>0x1411</value>
         <object_component_ref idref="oc-221"/>
      </symbol>
      <symbol id="sm-3af">
         <name>__divdf3</name>
         <value>0x1411</value>
         <object_component_ref idref="oc-221"/>
      </symbol>
      <symbol id="sm-3b5">
         <name>__aeabi_d2iz</name>
         <value>0x24ad</value>
         <object_component_ref idref="oc-204"/>
      </symbol>
      <symbol id="sm-3b6">
         <name>__fixdfsi</name>
         <value>0x24ad</value>
         <object_component_ref idref="oc-204"/>
      </symbol>
      <symbol id="sm-3bc">
         <name>__aeabi_i2d</name>
         <value>0x2a25</value>
         <object_component_ref idref="oc-20c"/>
      </symbol>
      <symbol id="sm-3bd">
         <name>__floatsidf</name>
         <value>0x2a25</value>
         <object_component_ref idref="oc-20c"/>
      </symbol>
      <symbol id="sm-3c3">
         <name>__aeabi_lmul</name>
         <value>0x2c75</value>
         <object_component_ref idref="oc-1cd"/>
      </symbol>
      <symbol id="sm-3c4">
         <name>__muldi3</name>
         <value>0x2c75</value>
         <object_component_ref idref="oc-1cd"/>
      </symbol>
      <symbol id="sm-3ca">
         <name>__aeabi_dcmpeq</name>
         <value>0x1f71</value>
         <object_component_ref idref="oc-1d7"/>
      </symbol>
      <symbol id="sm-3cb">
         <name>__aeabi_dcmplt</name>
         <value>0x1f85</value>
         <object_component_ref idref="oc-1d7"/>
      </symbol>
      <symbol id="sm-3cc">
         <name>__aeabi_dcmple</name>
         <value>0x1f99</value>
         <object_component_ref idref="oc-1d7"/>
      </symbol>
      <symbol id="sm-3cd">
         <name>__aeabi_dcmpge</name>
         <value>0x1fad</value>
         <object_component_ref idref="oc-1d7"/>
      </symbol>
      <symbol id="sm-3ce">
         <name>__aeabi_dcmpgt</name>
         <value>0x1fc1</value>
         <object_component_ref idref="oc-1d7"/>
      </symbol>
      <symbol id="sm-3d4">
         <name>__aeabi_idiv</name>
         <value>0x2369</value>
         <object_component_ref idref="oc-23c"/>
      </symbol>
      <symbol id="sm-3d5">
         <name>__aeabi_idivmod</name>
         <value>0x2369</value>
         <object_component_ref idref="oc-23c"/>
      </symbol>
      <symbol id="sm-3db">
         <name>__aeabi_memcpy</name>
         <value>0x3279</value>
         <object_component_ref idref="oc-50"/>
      </symbol>
      <symbol id="sm-3dc">
         <name>__aeabi_memcpy4</name>
         <value>0x3279</value>
         <object_component_ref idref="oc-50"/>
      </symbol>
      <symbol id="sm-3dd">
         <name>__aeabi_memcpy8</name>
         <value>0x3279</value>
         <object_component_ref idref="oc-50"/>
      </symbol>
      <symbol id="sm-3e4">
         <name>__aeabi_memset</name>
         <value>0x3201</value>
         <object_component_ref idref="oc-1b4"/>
      </symbol>
      <symbol id="sm-3e5">
         <name>__aeabi_memset4</name>
         <value>0x3201</value>
         <object_component_ref idref="oc-1b4"/>
      </symbol>
      <symbol id="sm-3e6">
         <name>__aeabi_memset8</name>
         <value>0x3201</value>
         <object_component_ref idref="oc-1b4"/>
      </symbol>
      <symbol id="sm-3ec">
         <name>__aeabi_uidiv</name>
         <value>0x25c5</value>
         <object_component_ref idref="oc-1ba"/>
      </symbol>
      <symbol id="sm-3ed">
         <name>__aeabi_uidivmod</name>
         <value>0x25c5</value>
         <object_component_ref idref="oc-1ba"/>
      </symbol>
      <symbol id="sm-3f3">
         <name>__aeabi_uldivmod</name>
         <value>0x313d</value>
         <object_component_ref idref="oc-1d2"/>
      </symbol>
      <symbol id="sm-3f9">
         <name>__udivmoddi4</name>
         <value>0x1a1d</value>
         <object_component_ref idref="oc-1f7"/>
      </symbol>
      <symbol id="sm-3ff">
         <name>__aeabi_llsl</name>
         <value>0x2d3d</value>
         <object_component_ref idref="oc-230"/>
      </symbol>
      <symbol id="sm-400">
         <name>__ashldi3</name>
         <value>0x2d3d</value>
         <object_component_ref idref="oc-230"/>
      </symbol>
      <symbol id="sm-40e">
         <name>__ledf2</name>
         <value>0x1ea1</value>
         <object_component_ref idref="oc-219"/>
      </symbol>
      <symbol id="sm-40f">
         <name>__gedf2</name>
         <value>0x1d59</value>
         <object_component_ref idref="oc-21f"/>
      </symbol>
      <symbol id="sm-410">
         <name>__cmpdf2</name>
         <value>0x1ea1</value>
         <object_component_ref idref="oc-219"/>
      </symbol>
      <symbol id="sm-411">
         <name>__eqdf2</name>
         <value>0x1ea1</value>
         <object_component_ref idref="oc-219"/>
      </symbol>
      <symbol id="sm-412">
         <name>__ltdf2</name>
         <value>0x1ea1</value>
         <object_component_ref idref="oc-219"/>
      </symbol>
      <symbol id="sm-413">
         <name>__nedf2</name>
         <value>0x1ea1</value>
         <object_component_ref idref="oc-219"/>
      </symbol>
      <symbol id="sm-414">
         <name>__gtdf2</name>
         <value>0x1d59</value>
         <object_component_ref idref="oc-21f"/>
      </symbol>
      <symbol id="sm-420">
         <name>__aeabi_idiv0</name>
         <value>0x11b3</value>
         <object_component_ref idref="oc-1e1"/>
      </symbol>
      <symbol id="sm-421">
         <name>__aeabi_ldiv0</name>
         <value>0x1abf</value>
         <object_component_ref idref="oc-22f"/>
      </symbol>
      <symbol id="sm-42b">
         <name>TI_memcpy_small</name>
         <value>0x319b</value>
         <object_component_ref idref="oc-b8"/>
      </symbol>
      <symbol id="sm-434">
         <name>TI_memset_small</name>
         <value>0x321d</value>
         <object_component_ref idref="oc-df"/>
      </symbol>
      <symbol id="sm-435">
         <name>__TI_static_base__</name>
         <value>0x0</value>
      </symbol>
      <symbol id="sm-439">
         <name>__mpu_init</name>
         <value>0x0</value>
      </symbol>
      <symbol id="sm-43a">
         <name>_system_post_cinit</name>
         <value>0x0</value>
      </symbol>
   </symbol_table>
   <title>Link successful</title>
</link_info>
