******************************************************************************
            TI ARM Clang Linker PC v4.0.2                      
******************************************************************************
>> Linked Fri Jul 18 11:37:21 2025

OUTPUT FILE NAME:   <temple.out>
ENTRY POINT SYMBOL: "_c_int00_noargs"  address: 00001479


MEMORY CONFIGURATION

         name            origin    length      used     unused   attr    fill
----------------------  --------  ---------  --------  --------  ----  --------
  FLASH                 00000000   00020000  00001c68  0001e398  R  X
  SRAM                  20200000   00008000  000008bf  00007741  RW X
  BCR_CONFIG            41c00000   000000ff  00000000  000000ff  R   
  BSL_CONFIG            41c00100   00000080  00000000  00000080  R   


SEGMENT ALLOCATION MAP

run origin  load origin   length   init length attrs members
----------  ----------- ---------- ----------- ----- -------
00000000    00000000    00001c68   00001c68    r-x
  00000000    00000000    000000c0   000000c0    r-- .intvecs
  000000c0    000000c0    00001ad0   00001ad0    r-x .text
  00001b90    00001b90    000000a8   000000a8    r-- .rodata
  00001c38    00001c38    00000030   00000030    r-- .cinit
20200000    20200000    000006c2   00000000    rw-
  20200000    20200000    000004a5   00000000    rw- .bss
  202004a8    202004a8    0000021a   00000000    rw- .data
20207e00    20207e00    00000200   00000000    rw-
  20207e00    20207e00    00000200   00000000    rw- .stack


SECTION ALLOCATION MAP

 output                                  attributes/
section   page    origin      length       input sections
--------  ----  ----------  ----------   ----------------
.intvecs   0    00000000    000000c0     
                  00000000    000000c0     startup_mspm0g350x_ticlang.o (.intvecs)

.text      0    000000c0    00001ad0     
                  000000c0    00000224     ti_msp_dl_config.o (.text.SYSCFG_DL_GPIO_init)
                  000002e4    00000170     app_encoder.o (.text.GROUP1_IRQHandler)
                  00000454    00000104     driverlib.a : dl_timer.o (.text.DL_Timer_initFourCCPWMMode)
                  00000558    000000f8     ti_msp_dl_config.o (.text.SYSCFG_DL_initPower)
                  00000650    000000e8     driverlib.a : dl_timer.o (.text.DL_Timer_initTimerMode)
                  00000738    000000dc                 : dl_sysctl_mspm0g1x0x_g3x0x.o (.text.DL_SYSCTL_configSYSPLL)
                  00000814    000000b4     command.o (.text.Command_Write)
                  000008c8    00000090     ti_msp_dl_config.o (.text.SYSCFG_DL_AIN_init)
                  00000958    00000090     ti_msp_dl_config.o (.text.SYSCFG_DL_BIN_init)
                  000009e8    00000084     ti_msp_dl_config.o (.text.__NVIC_SetPriority)
                  00000a6c    0000007c     libc.a : copy_decompress_lzss.c.obj (.text:decompress:lzss)
                  00000ae8    00000076     usart.o (.text.UART_IRQHandler)
                  00000b5e    00000002     --HOLE-- [fill = 0]
                  00000b60    00000074     ti_msp_dl_config.o (.text.SYSCFG_DL_init)
                  00000bd4    0000006c     ti_msp_dl_config.o (.text.SYSCFG_DL_BEEZ_init)
                  00000c40    00000068     ti_msp_dl_config.o (.text.SYSCFG_DL_Servo_1_init)
                  00000ca8    00000060     ti_msp_dl_config.o (.text.SYSCFG_DL_ADC_VOLTAGE_init)
                  00000d08    00000060     ti_msp_dl_config.o (.text.SYSCFG_DL_BLE05_init)
                  00000d68    00000060     ti_msp_dl_config.o (.text.SYSCFG_DL_CKP_init)
                  00000dc8    00000060     ti_msp_dl_config.o (.text.SYSCFG_DL_OPENMV_init)
                  00000e28    00000058     ti_msp_dl_config.o (.text.SYSCFG_DL_JY61P_init)
                  00000e80    00000050     ti_msp_dl_config.o (.text.SysTick_Config)
                  00000ed0    0000004c     ti_msp_dl_config.o (.text.DL_ADC12_initSingleSample)
                  00000f1c    0000004c     ti_msp_dl_config.o (.text.DL_UART_setBaudRateDivisor)
                  00000f68    0000004a     ti_msp_dl_config.o (.text.DL_ADC12_configConversionMem)
                  00000fb2    00000002     --HOLE-- [fill = 0]
                  00000fb4    00000048     driverlib.a : dl_uart.o (.text.DL_UART_init)
                  00000ffc    00000048     ti_msp_dl_config.o (.text.SYSCFG_DL_SYSCTL_init)
                  00001044    00000044     driverlib.a : dl_spi.o (.text.DL_SPI_init)
                  00001088    00000044                 : dl_sysctl_mspm0g1x0x_g3x0x.o (.text.DL_SYSCTL_switchMCLKfromSYSOSCtoHSCLK)
                  000010cc    00000040                 : dl_adc12.o (.text.DL_ADC12_setClockConfig)
                  0000110c    00000040     ti_msp_dl_config.o (.text.SYSCFG_DL_TIMER_Senor_Update_init)
                  0000114c    00000040     ti_msp_dl_config.o (.text.SYSCFG_DL_W25Q128_init)
                  0000118c    0000003c     ti_msp_dl_config.o (.text.DL_GPIO_initPeripheralInputFunctionFeatures)
                  000011c8    0000003c     ti_msp_dl_config.o (.text.DL_Timer_setCounterControl)
                  00001204    0000003c     app_openmv.o (.text.UART3_IRQHandler)
                  00001240    0000003c     libc.a : autoinit.c.obj (.text:__TI_auto_init_nobinit_nopinit)
                  0000127c    00000038     ti_msp_dl_config.o (.text.DL_GPIO_initPeripheralOutputFunctionFeatures)
                  000012b4    00000038     app_ckp.o (.text.UART0_IRQHandler)
                  000012ec    00000034     ti_msp_dl_config.o (.text.DL_GPIO_initDigitalInputFeatures)
                  00001320    00000030     ti_msp_dl_config.o (.text.DL_SPI_setFIFOThreshold)
                  00001350    00000030     usart.o (.text.UART1_IRQHandler)
                  00001380    00000030     usart.o (.text.UART2_IRQHandler)
                  000013b0    00000028     ti_msp_dl_config.o (.text.DL_Common_updateReg)
                  000013d8    00000028     ti_msp_dl_config.o (.text.DL_I2C_setControllerRXFIFOThreshold)
                  00001400    00000028     ti_msp_dl_config.o (.text.DL_I2C_setControllerTXFIFOThreshold)
                  00001428    00000028     ti_msp_dl_config.o (.text.DL_UART_setRXFIFOThreshold)
                  00001450    00000028     ti_msp_dl_config.o (.text.DL_UART_setTXFIFOThreshold)
                  00001478    00000028     libc.a : boot_cortex_m.c.obj (.text:_c_int00_noargs)
                  000014a0    00000026     ti_msp_dl_config.o (.text.DL_I2C_setAnalogGlitchFilterPulseWidth)
                  000014c6    00000026     driverlib.a : dl_i2c.o (.text.DL_I2C_setClockConfig)
                  000014ec    00000024     ti_msp_dl_config.o (.text.DL_SPI_setBitRateSerialClockDivider)
                  00001510    00000024     delay.o (.text.SysTick_Handler)
                  00001534    00000020     ti_msp_dl_config.o (.text.DL_GPIO_initPeripheralInputFunction)
                  00001554    00000020     ti_msp_dl_config.o (.text.DL_SYSCTL_setFlashWaitState)
                  00001574    0000001e     ti_msp_dl_config.o (.text.DL_ADC12_setPowerDownMode)
                  00001592    0000001e     ti_msp_dl_config.o (.text.DL_UART_setOversampling)
                  000015b0    0000001c     command.o (.text.Command_GetLength)
                  000015cc    0000001c     app_encoder.o (.text.DL_GPIO_clearInterruptStatus)
                  000015e8    0000001c     ti_msp_dl_config.o (.text.DL_GPIO_clearInterruptStatus)
                  00001604    0000001c     ti_msp_dl_config.o (.text.DL_GPIO_enableHiZ)
                  00001620    0000001c     ti_msp_dl_config.o (.text.DL_GPIO_enableInterrupt)
                  0000163c    0000001c     ti_msp_dl_config.o (.text.DL_GPIO_initPeripheralOutputFunction)
                  00001658    0000001c     ti_msp_dl_config.o (.text.DL_GPIO_setLowerPinsPolarity)
                  00001674    0000001c     ti_msp_dl_config.o (.text.DL_SYSCTL_setSYSOSCFreq)
                  00001690    0000001c     ti_msp_dl_config.o (.text.DL_SYSCTL_setULPCLKDivider)
                  000016ac    0000001c     ti_msp_dl_config.o (.text.DL_Timer_enableInterrupt)
                  000016c8    0000001c     driverlib.a : dl_timer.o (.text.DL_Timer_setCaptCompUpdateMethod)
                  000016e4    0000001c                 : dl_timer.o (.text.DL_Timer_setClockConfig)
                  00001700    0000001c     ti_msp_dl_config.o (.text.DL_UART_enableInterrupt)
                  0000171c    0000001a     command.o (.text.Command_GetRemain)
                  00001736    00000002     --HOLE-- [fill = 0]
                  00001738    00000018     ti_msp_dl_config.o (.text.DL_ADC12_enablePower)
                  00001750    00000018     ti_msp_dl_config.o (.text.DL_ADC12_reset)
                  00001768    00000018     ti_msp_dl_config.o (.text.DL_ADC12_setSampleTime0)
                  00001780    00000018     ti_msp_dl_config.o (.text.DL_GPIO_enableOutput)
                  00001798    00000018     ti_msp_dl_config.o (.text.DL_GPIO_enablePower)
                  000017b0    00000018     app_encoder.o (.text.DL_GPIO_getEnabledInterruptStatus)
                  000017c8    00000018     ti_msp_dl_config.o (.text.DL_GPIO_initDigitalOutput)
                  000017e0    00000018     ti_msp_dl_config.o (.text.DL_GPIO_reset)
                  000017f8    00000018     ti_msp_dl_config.o (.text.DL_GPIO_setPins)
                  00001810    00000018     ti_msp_dl_config.o (.text.DL_I2C_enableAnalogGlitchFilter)
                  00001828    00000018     ti_msp_dl_config.o (.text.DL_I2C_enableController)
                  00001840    00000018     ti_msp_dl_config.o (.text.DL_I2C_enableControllerClockStretching)
                  00001858    00000018     ti_msp_dl_config.o (.text.DL_I2C_enablePower)
                  00001870    00000018     ti_msp_dl_config.o (.text.DL_I2C_reset)
                  00001888    00000018     ti_msp_dl_config.o (.text.DL_I2C_setTimerPeriod)
                  000018a0    00000018     ti_msp_dl_config.o (.text.DL_SPI_enable)
                  000018b8    00000018     ti_msp_dl_config.o (.text.DL_SPI_enablePower)
                  000018d0    00000018     ti_msp_dl_config.o (.text.DL_SPI_reset)
                  000018e8    00000018     ti_msp_dl_config.o (.text.DL_SYSCTL_setBORThreshold)
                  00001900    00000018     ti_msp_dl_config.o (.text.DL_Timer_enablePower)
                  00001918    00000018     ti_msp_dl_config.o (.text.DL_Timer_reset)
                  00001930    00000018     driverlib.a : dl_timer.o (.text.DL_Timer_setCaptureCompareOutCtl)
                  00001948    00000018     ti_msp_dl_config.o (.text.DL_UART_enableFIFOs)
                  00001960    00000018     ti_msp_dl_config.o (.text.DL_UART_enablePower)
                  00001978    00000018     ti_msp_dl_config.o (.text.DL_UART_reset)
                  00001990    00000016     ti_msp_dl_config.o (.text.DL_ADC12_enableConversions)
                  000019a6    00000016     app_encoder.o (.text.DL_GPIO_readPins)
                  000019bc    00000016     ti_msp_dl_config.o (.text.DL_UART_enable)
                  000019d2    00000014     ti_msp_dl_config.o (.text.DL_GPIO_clearPins)
                  000019e6    00000002     --HOLE-- [fill = 0]
                  000019e8    00000014     ti_msp_dl_config.o (.text.DL_I2C_resetControllerTransfer)
                  000019fc    00000014     ti_msp_dl_config.o (.text.DL_SYSCTL_disableSYSPLL)
                  00001a10    00000014     ti_msp_dl_config.o (.text.DL_Timer_enableClock)
                  00001a24    00000014     ti_msp_dl_config.o (.text.DL_Timer_setCCPDirection)
                  00001a38    00000014     app_ckp.o (.text.DL_UART_receiveData)
                  00001a4c    00000014     app_openmv.o (.text.DL_UART_receiveData)
                  00001a60    00000014     usart.o (.text.DL_UART_receiveData)
                  00001a74    00000012     driverlib.a : dl_spi.o (.text.DL_SPI_setClockConfig)
                  00001a86    00000012     app_ckp.o (.text.DL_UART_getPendingInterrupt)
                  00001a98    00000012     app_openmv.o (.text.DL_UART_getPendingInterrupt)
                  00001aaa    00000012     usart.o (.text.DL_UART_getPendingInterrupt)
                  00001abc    00000012     driverlib.a : dl_uart.o (.text.DL_UART_setClockConfig)
                  00001ace    00000012     libc.a : memcpy16.S.obj (.text:TI_memcpy_small)
                  00001ae0    00000012            : copy_decompress_none.c.obj (.text:decompress:none)
                  00001af2    00000002     --HOLE-- [fill = 0]
                  00001af4    00000010     ti_msp_dl_config.o (.text.DL_SYSCTL_disableHFXT)
                  00001b04    00000010     driverlib.a : dl_timer.o (.text.DL_Timer_setCaptureCompareValue)
                  00001b14    00000010     ti_msp_dl_config.o (.text.SYSCFG_DL_SYSTICK_init)
                  00001b24    00000010     main.o (.text.main)
                  00001b34    00000010     libc.a : copy_zero_init.c.obj (.text:decompress:ZI)
                  00001b44    0000000e            : memset16.S.obj (.text:TI_memset_small)
                  00001b52    00000002     --HOLE-- [fill = 0]
                  00001b54    0000000c     libclang_rt.builtins.a : aeabi_memset.S.obj (.text.__aeabi_memclr)
                  00001b60    0000000a     driverlib.a : dl_common.o (.text.DL_Common_delayCycles)
                  00001b6a    00000002     --HOLE-- [fill = 0]
                  00001b6c    00000008     libclang_rt.builtins.a : aeabi_memcpy.S.obj (.text.__aeabi_memcpy)
                  00001b74    00000006     libc.a : exit.c.obj (.text:abort)
                  00001b7a    00000004     startup_mspm0g350x_ticlang.o (.text.Default_Handler)
                  00001b7e    00000004     libsysbm.a : hostexit.c.obj (.text.HOSTexit)
                  00001b82    00000004     startup_mspm0g350x_ticlang.o (.text.Reset_Handler)
                  00001b86    00000004     libc.a : pre_init.c.obj (.text._system_pre_init)
                  00001b8a    00000006     --HOLE-- [fill = 0]

.cinit     0    00001c38    00000030     
                  00001c38    0000000c     (__TI_handler_table)
                  00001c44    00000009     (.cinit..data.load) [load image, compression = lzss]
                  00001c4d    00000003     --HOLE-- [fill = 0]
                  00001c50    00000008     (.cinit..bss.load) [load image, compression = zero_init]
                  00001c58    00000010     (__TI_cinit_table)

.rodata    0    00001b90    000000a8     
                  00001b90    00000028     ti_msp_dl_config.o (.rodata.gSYSPLLConfig)
                  00001bb8    00000014     ti_msp_dl_config.o (.rodata.gTIMER_Senor_UpdateTimerConfig)
                  00001bcc    0000000a     ti_msp_dl_config.o (.rodata.gBLE05Config)
                  00001bd6    0000000a     ti_msp_dl_config.o (.rodata.gCKPConfig)
                  00001be0    0000000a     ti_msp_dl_config.o (.rodata.gOPENMVConfig)
                  00001bea    0000000a     ti_msp_dl_config.o (.rodata.gW25Q128_config)
                  00001bf4    00000008     ti_msp_dl_config.o (.rodata.gADC_VOLTAGEClockConfig)
                  00001bfc    00000008     ti_msp_dl_config.o (.rodata.gAINConfig)
                  00001c04    00000008     ti_msp_dl_config.o (.rodata.gBEEZConfig)
                  00001c0c    00000008     ti_msp_dl_config.o (.rodata.gBINConfig)
                  00001c14    00000008     ti_msp_dl_config.o (.rodata.gServo_1Config)
                  00001c1c    00000003     ti_msp_dl_config.o (.rodata.gAINClockConfig)
                  00001c1f    00000003     ti_msp_dl_config.o (.rodata.gBEEZClockConfig)
                  00001c22    00000003     ti_msp_dl_config.o (.rodata.gBINClockConfig)
                  00001c25    00000003     ti_msp_dl_config.o (.rodata.gServo_1ClockConfig)
                  00001c28    00000003     ti_msp_dl_config.o (.rodata.gTIMER_Senor_UpdateClockConfig)
                  00001c2b    00000002     ti_msp_dl_config.o (.rodata.gBLE05ClockConfig)
                  00001c2d    00000002     ti_msp_dl_config.o (.rodata.gCKPClockConfig)
                  00001c2f    00000002     ti_msp_dl_config.o (.rodata.gJY61PClockConfig)
                  00001c31    00000002     ti_msp_dl_config.o (.rodata.gOPENMVClockConfig)
                  00001c33    00000002     ti_msp_dl_config.o (.rodata.gW25Q128_clockConfig)
                  00001c35    00000003     --HOLE-- [fill = 0]

.init_array 
*          0    00000000    00000000     UNINITIALIZED

.binit     0    00000000    00000000     

.bss       0    20200000    000004a5     UNINITIALIZED
                  20200000    00000102     (.common:CKP_received)
                  20200102    00000102     (.common:openmv_received)
                  20200204    000000bc     (.common:gBEEZBackup)
                  202002c0    000000bc     (.common:gServo_1Backup)
                  2020037c    000000a0     (.common:gAINBackup)
                  2020041c    00000030     (.common:gOPENMVBackup)
                  2020044c    00000028     (.common:gW25Q128Backup)
                  20200474    00000008     (.common:CKP)
                  2020047c    00000008     (.common:OpenMV)
                  20200484    00000004     (.common:Encoder_L_CNT)
                  20200488    00000004     (.common:Encoder_L_INT)
                  2020048c    00000004     (.common:Encoder_L_Port)
                  20200490    00000004     (.common:Encoder_L_State)
                  20200494    00000004     (.common:Encoder_R_CNT)
                  20200498    00000004     (.common:Encoder_R_INT)
                  2020049c    00000004     (.common:Encoder_R_Port)
                  202004a0    00000004     (.common:Encoder_R_State)
                  202004a4    00000001     (.common:usart_ch)

.data      0    202004a8    0000021a     UNINITIALIZED
                  202004a8    00000100     usart.o (.data.usart1_str)
                  202005a8    00000100     usart.o (.data.usart2_str)
                  202006a8    00000008     delay.o (.data.systicks)
                  202006b0    00000004     usart.o (.data.usart1_str_index)
                  202006b4    00000004     usart.o (.data.usart1_str_received)
                  202006b8    00000004     usart.o (.data.usart2_str_index)
                  202006bc    00000004     usart.o (.data.usart2_str_received)
                  202006c0    00000001     usart.o (.data.usart1_ch)
                  202006c1    00000001     usart.o (.data.usart2_ch)

.stack     0    20207e00    00000200     UNINITIALIZED
                  20207e00    00000004     libc.a : boot_cortex_m.c.obj (.stack)
                  20207e04    000001fc     --HOLE--

__llvm_prf_cnts 
*          0    20200000    00000000     UNINITIALIZED

__llvm_prf_bits 
*          0    20200000    00000000     UNINITIALIZED

MODULE SUMMARY

       Module                         code   ro data   rw data
       ------                         ----   -------   -------
    .\
       ti_msp_dl_config.o             4176   165       624    
       startup_mspm0g350x_ticlang.o   8      192       0      
       main.o                         16     0         0      
    +--+------------------------------+------+---------+---------+
       Total:                         4200   357       624    
                                                              
    .\app\Button\
       app_button.o                   0      0         266    
    +--+------------------------------+------+---------+---------+
       Total:                         0      0         266    
                                                              
    .\app\CKP\
       app_ckp.o                      94     0         267    
    +--+------------------------------+------+---------+---------+
       Total:                         94     0         267    
                                                              
    .\app\Encoder\
       app_encoder.o                  442    0         32     
    +--+------------------------------+------+---------+---------+
       Total:                         442    0         32     
                                                              
    .\app\OpenMV\
       app_openmv.o                   98     0         0      
    +--+------------------------------+------+---------+---------+
       Total:                         98     0         0      
                                                              
    .\lib\command\
       command.o                      234    0         0      
    +--+------------------------------+------+---------+---------+
       Total:                         234    0         0      
                                                              
    .\lib\delay\
       delay.o                        36     0         8      
    +--+------------------------------+------+---------+---------+
       Total:                         36     0         8      
                                                              
    .\lib\usart\
       usart.o                        252    0         530    
    +--+------------------------------+------+---------+---------+
       Total:                         252    0         530    
                                                              
    C:/TI/mspm0_sdk_2_04_00_06/source/ti/driverlib/lib/ticlang/m0p/mspm0g1x0x_g3x0x/driverlib.a
       dl_timer.o                     588    0         0      
       dl_sysctl_mspm0g1x0x_g3x0x.o   288    0         0      
       dl_uart.o                      90     0         0      
       dl_spi.o                       86     0         0      
       dl_adc12.o                     64     0         0      
       dl_i2c.o                       38     0         0      
       dl_common.o                    10     0         0      
    +--+------------------------------+------+---------+---------+
       Total:                         1164   0         0      
                                                              
    D:\CCS\ccs\tools\compiler\ti-cgt-armllvm_4.0.2.LTS\lib\armv6m-ti-none-eabi/c/libc.a
       copy_decompress_lzss.c.obj     124    0         0      
       autoinit.c.obj                 60     0         0      
       boot_cortex_m.c.obj            40     0         0      
       copy_decompress_none.c.obj     18     0         0      
       memcpy16.S.obj                 18     0         0      
       copy_zero_init.c.obj           16     0         0      
       memset16.S.obj                 14     0         0      
       exit.c.obj                     6      0         0      
       pre_init.c.obj                 4      0         0      
    +--+------------------------------+------+---------+---------+
       Total:                         300    0         0      
                                                              
    D:\CCS\ccs\tools\compiler\ti-cgt-armllvm_4.0.2.LTS\lib\armv6m-ti-none-eabi/c/libsysbm.a
       hostexit.c.obj                 4      0         0      
    +--+------------------------------+------+---------+---------+
       Total:                         4      0         0      
                                                              
    D:\CCS\ccs\tools\compiler\ti-cgt-armllvm_4.0.2.LTS\lib\armv6m-ti-none-eabi/libclang_rt.builtins.a
       aeabi_memset.S.obj             12     0         0      
       aeabi_memcpy.S.obj             8      0         0      
    +--+------------------------------+------+---------+---------+
       Total:                         20     0         0      
                                                              
       Stack:                         0      0         512    
       Linker Generated:              0      45        0      
    +--+------------------------------+------+---------+---------+
       Grand Total:                   6844   402       2239   


LINKER GENERATED COPY TABLES

__TI_cinit_table @ 00001c58 records: 2, size/record: 8, table size: 16
	.data: load addr=00001c44, load size=00000009 bytes, run addr=202004a8, run size=0000021a bytes, compression=lzss
	.bss: load addr=00001c50, load size=00000008 bytes, run addr=20200000, run size=000004a5 bytes, compression=zero_init


LINKER GENERATED HANDLER TABLE

__TI_handler_table @ 00001c38 records: 3, size/record: 4, table size: 12
	index: 0, handler: __TI_decompress_lzss
	index: 1, handler: __TI_decompress_none
	index: 2, handler: __TI_zero_init


GLOBAL SYMBOLS: SORTED ALPHABETICALLY BY Name 

address   name                                 
-------   ----                                 
00001b7b  ADC0_IRQHandler                      
00001b7b  ADC1_IRQHandler                      
00001b7b  AES_IRQHandler                       
00001b7e  C$$EXIT                              
00001b7b  CANFD0_IRQHandler                    
20200474  CKP                                  
20200000  CKP_received                         
000015b1  Command_GetLength                    
0000171d  Command_GetRemain                    
00000815  Command_Write                        
00001b7b  DAC0_IRQHandler                      
000010cd  DL_ADC12_setClockConfig              
00001b61  DL_Common_delayCycles                
000014c7  DL_I2C_setClockConfig                
00001045  DL_SPI_init                          
00001a75  DL_SPI_setClockConfig                
00000739  DL_SYSCTL_configSYSPLL               
00001089  DL_SYSCTL_switchMCLKfromSYSOSCtoHSCLK
00000455  DL_Timer_initFourCCPWMMode           
00000651  DL_Timer_initTimerMode               
000016c9  DL_Timer_setCaptCompUpdateMethod     
00001931  DL_Timer_setCaptureCompareOutCtl     
00001b05  DL_Timer_setCaptureCompareValue      
000016e5  DL_Timer_setClockConfig              
00000fb5  DL_UART_init                         
00001abd  DL_UART_setClockConfig               
00001b7b  DMA_IRQHandler                       
00001b7b  Default_Handler                      
20200484  Encoder_L_CNT                        
20200488  Encoder_L_INT                        
2020048c  Encoder_L_Port                       
20200490  Encoder_L_State                      
20200494  Encoder_R_CNT                        
20200498  Encoder_R_INT                        
2020049c  Encoder_R_Port                       
202004a0  Encoder_R_State                      
00001b7b  GROUP0_IRQHandler                    
000002e5  GROUP1_IRQHandler                    
00001b7f  HOSTexit                             
00001b7b  HardFault_Handler                    
00001b7b  I2C0_IRQHandler                      
00001b7b  I2C1_IRQHandler                      
00001b7b  NMI_Handler                          
2020047c  OpenMV                               
00001b7b  PendSV_Handler                       
00001b7b  RTC_IRQHandler                       
00001b83  Reset_Handler                        
00001b7b  SPI0_IRQHandler                      
00001b7b  SPI1_IRQHandler                      
00001b7b  SVC_Handler                          
00000ca9  SYSCFG_DL_ADC_VOLTAGE_init           
000008c9  SYSCFG_DL_AIN_init                   
00000bd5  SYSCFG_DL_BEEZ_init                  
00000959  SYSCFG_DL_BIN_init                   
00000d09  SYSCFG_DL_BLE05_init                 
00000d69  SYSCFG_DL_CKP_init                   
000000c1  SYSCFG_DL_GPIO_init                  
00000e29  SYSCFG_DL_JY61P_init                 
00000dc9  SYSCFG_DL_OPENMV_init                
00000ffd  SYSCFG_DL_SYSCTL_init                
00001b15  SYSCFG_DL_SYSTICK_init               
00000c41  SYSCFG_DL_Servo_1_init               
0000110d  SYSCFG_DL_TIMER_Senor_Update_init    
0000114d  SYSCFG_DL_W25Q128_init               
00000b61  SYSCFG_DL_init                       
00000559  SYSCFG_DL_initPower                  
00001511  SysTick_Handler                      
00001b7b  TIMA0_IRQHandler                     
00001b7b  TIMA1_IRQHandler                     
00001b7b  TIMG0_IRQHandler                     
00001b7b  TIMG12_IRQHandler                    
00001b7b  TIMG6_IRQHandler                     
00001b7b  TIMG7_IRQHandler                     
00001b7b  TIMG8_IRQHandler                     
00001acf  TI_memcpy_small                      
00001b45  TI_memset_small                      
000012b5  UART0_IRQHandler                     
00001351  UART1_IRQHandler                     
00001381  UART2_IRQHandler                     
00001205  UART3_IRQHandler                     
00000ae9  UART_IRQHandler                      
20208000  __STACK_END                          
00000200  __STACK_SIZE                         
00000000  __TI_ATRegion0_region_sz             
00000000  __TI_ATRegion0_src_addr              
00000000  __TI_ATRegion0_trg_addr              
00000000  __TI_ATRegion1_region_sz             
00000000  __TI_ATRegion1_src_addr              
00000000  __TI_ATRegion1_trg_addr              
00000000  __TI_ATRegion2_region_sz             
00000000  __TI_ATRegion2_src_addr              
00000000  __TI_ATRegion2_trg_addr              
00001c58  __TI_CINIT_Base                      
00001c68  __TI_CINIT_Limit                     
00001c68  __TI_CINIT_Warm                      
00001c38  __TI_Handler_Table_Base              
00001c44  __TI_Handler_Table_Limit             
00001241  __TI_auto_init_nobinit_nopinit       
00000a6d  __TI_decompress_lzss                 
00001ae1  __TI_decompress_none                 
ffffffff  __TI_pprof_out_hndl                  
ffffffff  __TI_prof_data_size                  
ffffffff  __TI_prof_data_start                 
00000000  __TI_static_base__                   
00001b35  __TI_zero_init                       
00001b55  __aeabi_memclr                       
00001b55  __aeabi_memclr4                      
00001b55  __aeabi_memclr8                      
00001b6d  __aeabi_memcpy                       
00001b6d  __aeabi_memcpy4                      
00001b6d  __aeabi_memcpy8                      
ffffffff  __binit__                            
UNDEFED   __mpu_init                           
20207e00  __stack                              
20200000  __start___llvm_prf_bits              
20200000  __start___llvm_prf_cnts              
20200000  __stop___llvm_prf_bits               
20200000  __stop___llvm_prf_cnts               
00001479  _c_int00_noargs                      
UNDEFED   _system_post_cinit                   
00001b87  _system_pre_init                     
00001b75  abort                                
ffffffff  binit                                
2020037c  gAINBackup                           
20200204  gBEEZBackup                          
2020041c  gOPENMVBackup                        
202002c0  gServo_1Backup                       
2020044c  gW25Q128Backup                       
00000000  interruptVectors                     
00001b25  main                                 
20200102  openmv_received                      
202006c0  usart1_ch                            
202004a8  usart1_str                           
202006b0  usart1_str_index                     
202006b4  usart1_str_received                  
202006c1  usart2_ch                            
202005a8  usart2_str                           
202006b8  usart2_str_index                     
202006bc  usart2_str_received                  
202004a4  usart_ch                             


GLOBAL SYMBOLS: SORTED BY Symbol Address 

address   name                                 
-------   ----                                 
00000000  __TI_ATRegion0_region_sz             
00000000  __TI_ATRegion0_src_addr              
00000000  __TI_ATRegion0_trg_addr              
00000000  __TI_ATRegion1_region_sz             
00000000  __TI_ATRegion1_src_addr              
00000000  __TI_ATRegion1_trg_addr              
00000000  __TI_ATRegion2_region_sz             
00000000  __TI_ATRegion2_src_addr              
00000000  __TI_ATRegion2_trg_addr              
00000000  __TI_static_base__                   
00000000  interruptVectors                     
000000c1  SYSCFG_DL_GPIO_init                  
00000200  __STACK_SIZE                         
000002e5  GROUP1_IRQHandler                    
00000455  DL_Timer_initFourCCPWMMode           
00000559  SYSCFG_DL_initPower                  
00000651  DL_Timer_initTimerMode               
00000739  DL_SYSCTL_configSYSPLL               
00000815  Command_Write                        
000008c9  SYSCFG_DL_AIN_init                   
00000959  SYSCFG_DL_BIN_init                   
00000a6d  __TI_decompress_lzss                 
00000ae9  UART_IRQHandler                      
00000b61  SYSCFG_DL_init                       
00000bd5  SYSCFG_DL_BEEZ_init                  
00000c41  SYSCFG_DL_Servo_1_init               
00000ca9  SYSCFG_DL_ADC_VOLTAGE_init           
00000d09  SYSCFG_DL_BLE05_init                 
00000d69  SYSCFG_DL_CKP_init                   
00000dc9  SYSCFG_DL_OPENMV_init                
00000e29  SYSCFG_DL_JY61P_init                 
00000fb5  DL_UART_init                         
00000ffd  SYSCFG_DL_SYSCTL_init                
00001045  DL_SPI_init                          
00001089  DL_SYSCTL_switchMCLKfromSYSOSCtoHSCLK
000010cd  DL_ADC12_setClockConfig              
0000110d  SYSCFG_DL_TIMER_Senor_Update_init    
0000114d  SYSCFG_DL_W25Q128_init               
00001205  UART3_IRQHandler                     
00001241  __TI_auto_init_nobinit_nopinit       
000012b5  UART0_IRQHandler                     
00001351  UART1_IRQHandler                     
00001381  UART2_IRQHandler                     
00001479  _c_int00_noargs                      
000014c7  DL_I2C_setClockConfig                
00001511  SysTick_Handler                      
000015b1  Command_GetLength                    
000016c9  DL_Timer_setCaptCompUpdateMethod     
000016e5  DL_Timer_setClockConfig              
0000171d  Command_GetRemain                    
00001931  DL_Timer_setCaptureCompareOutCtl     
00001a75  DL_SPI_setClockConfig                
00001abd  DL_UART_setClockConfig               
00001acf  TI_memcpy_small                      
00001ae1  __TI_decompress_none                 
00001b05  DL_Timer_setCaptureCompareValue      
00001b15  SYSCFG_DL_SYSTICK_init               
00001b25  main                                 
00001b35  __TI_zero_init                       
00001b45  TI_memset_small                      
00001b55  __aeabi_memclr                       
00001b55  __aeabi_memclr4                      
00001b55  __aeabi_memclr8                      
00001b61  DL_Common_delayCycles                
00001b6d  __aeabi_memcpy                       
00001b6d  __aeabi_memcpy4                      
00001b6d  __aeabi_memcpy8                      
00001b75  abort                                
00001b7b  ADC0_IRQHandler                      
00001b7b  ADC1_IRQHandler                      
00001b7b  AES_IRQHandler                       
00001b7b  CANFD0_IRQHandler                    
00001b7b  DAC0_IRQHandler                      
00001b7b  DMA_IRQHandler                       
00001b7b  Default_Handler                      
00001b7b  GROUP0_IRQHandler                    
00001b7b  HardFault_Handler                    
00001b7b  I2C0_IRQHandler                      
00001b7b  I2C1_IRQHandler                      
00001b7b  NMI_Handler                          
00001b7b  PendSV_Handler                       
00001b7b  RTC_IRQHandler                       
00001b7b  SPI0_IRQHandler                      
00001b7b  SPI1_IRQHandler                      
00001b7b  SVC_Handler                          
00001b7b  TIMA0_IRQHandler                     
00001b7b  TIMA1_IRQHandler                     
00001b7b  TIMG0_IRQHandler                     
00001b7b  TIMG12_IRQHandler                    
00001b7b  TIMG6_IRQHandler                     
00001b7b  TIMG7_IRQHandler                     
00001b7b  TIMG8_IRQHandler                     
00001b7e  C$$EXIT                              
00001b7f  HOSTexit                             
00001b83  Reset_Handler                        
00001b87  _system_pre_init                     
00001c38  __TI_Handler_Table_Base              
00001c44  __TI_Handler_Table_Limit             
00001c58  __TI_CINIT_Base                      
00001c68  __TI_CINIT_Limit                     
00001c68  __TI_CINIT_Warm                      
20200000  CKP_received                         
20200000  __start___llvm_prf_bits              
20200000  __start___llvm_prf_cnts              
20200000  __stop___llvm_prf_bits               
20200000  __stop___llvm_prf_cnts               
20200102  openmv_received                      
20200204  gBEEZBackup                          
202002c0  gServo_1Backup                       
2020037c  gAINBackup                           
2020041c  gOPENMVBackup                        
2020044c  gW25Q128Backup                       
20200474  CKP                                  
2020047c  OpenMV                               
20200484  Encoder_L_CNT                        
20200488  Encoder_L_INT                        
2020048c  Encoder_L_Port                       
20200490  Encoder_L_State                      
20200494  Encoder_R_CNT                        
20200498  Encoder_R_INT                        
2020049c  Encoder_R_Port                       
202004a0  Encoder_R_State                      
202004a4  usart_ch                             
202004a8  usart1_str                           
202005a8  usart2_str                           
202006b0  usart1_str_index                     
202006b4  usart1_str_received                  
202006b8  usart2_str_index                     
202006bc  usart2_str_received                  
202006c0  usart1_ch                            
202006c1  usart2_ch                            
20207e00  __stack                              
20208000  __STACK_END                          
ffffffff  __TI_pprof_out_hndl                  
ffffffff  __TI_prof_data_size                  
ffffffff  __TI_prof_data_start                 
ffffffff  __binit__                            
ffffffff  binit                                
UNDEFED   __mpu_init                           
UNDEFED   _system_post_cinit                   

[140 symbols]
