******************************************************************************
            TI ARM Clang Linker PC v4.0.2                      
******************************************************************************
>> Linked Tue Jun  3 19:21:22 2025

OUTPUT FILE NAME:   <Patrol Car.out>
ENTRY POINT SYMBOL: "_c_int00_noargs"  address: 00003c65


MEMORY CONFIGURATION

         name            origin    length      used     unused   attr    fill
----------------------  --------  ---------  --------  --------  ----  --------
  FLASH                 00000000   00020000  000046a8  0001b958  R  X
  SRAM                  20200000   00008000  00000942  000076be  RW X
  BCR_CONFIG            41c00000   000000ff  00000000  000000ff  R   
  BSL_CONFIG            41c00100   00000080  00000000  00000080  R   


SEGMENT ALLOCATION MAP

run origin  load origin   length   init length attrs members
----------  ----------- ---------- ----------- ----- -------
00000000    00000000    000044c8   000044c8    r-x
  00000000    00000000    000000c0   000000c0    r-- .intvecs
  000000c0    000000c0    00004408   00004408    r-x .text
000044d0    000044d0    000001e0   000001e0    r--
  000044d0    000044d0    000001b0   000001b0    r-- .rodata
  00004680    00004680    00000030   00000030    r-- .cinit
20200000    20200000    00000745   00000000    rw-
  20200000    20200000    000003e5   00000000    rw- .bss
  202003e8    202003e8    0000035d   00000000    rw- .data
20207e00    20207e00    00000200   00000000    rw-
  20207e00    20207e00    00000200   00000000    rw- .stack


SECTION ALLOCATION MAP

 output                                  attributes/
section   page    origin      length       input sections
--------  ----  ----------  ----------   ----------------
.intvecs   0    00000000    000000c0     
                  00000000    000000c0     startup_mspm0g350x_ticlang.o (.intvecs)

.text      0    000000c0    00004408     
                  000000c0    000009d0     libc.a : _printfi.c.obj (.text:__TI_printfi)
                  00000a90    00000220            : _printfi.c.obj (.text._pconv_a)
                  00000cb0    00000214     ti_msp_dl_config.o (.text.SYSCFG_DL_GPIO_init)
                  00000ec4    000001dc     libc.a : _printfi.c.obj (.text._pconv_g)
                  000010a0    000001b8     jy62.o (.text.JY62_CalculateAngles)
                  00001258    00000192     libclang_rt.builtins.a : adddf3.S.obj (.text.adddf3_subdf3)
                  000013ea    00000002                            : aeabi_div0.c.obj (.text.__aeabi_idiv0)
                  000013ec    00000168     encoder.o (.text.GROUP1_IRQHandler)
                  00001554    0000013c     libc.a : _printfi.c.obj (.text.fcvt)
                  00001690    00000120            : _printfi.c.obj (.text._pconv_e)
                  000017b0    0000011c     pid.o (.text.PID_Compute_dir)
                  000018cc    0000011c     libc.a : e_fmodf.c.obj (.text.fmodf)
                  000019e8    0000010c     libclang_rt.builtins.a : divdf3.S.obj (.text.__divdf3)
                  00001af4    00000104     driverlib.a : dl_timer.o (.text.DL_Timer_initFourCCPWMMode)
                  00001bf8    00000104     jy62.o (.text.UART0_IRQHandler)
                  00001cfc    000000e8     driverlib.a : dl_timer.o (.text.DL_Timer_initTimerMode)
                  00001de4    000000e4     libclang_rt.builtins.a : muldf3.S.obj (.text.__muldf3)
                  00001ec8    000000e0     tracking.o (.text.HW_Detect)
                  00001fa8    000000dc     pid.o (.text.PID_Compute)
                  00002084    000000d8     libc.a : s_scalbn.c.obj (.text.scalbn)
                  0000215c    000000d8     libclang_rt.builtins.a : addsf3.S.obj (.text)
                  00002234    000000d4     ti_msp_dl_config.o (.text.SYSCFG_DL_initPower)
                  00002308    000000b4     key.o (.text.Key_Init)
                  000023bc    000000ac     tb6612.o (.text.SetPWM_R)
                  00002468    000000a4     motor.o (.text.Motor_Proc)
                  0000250c    000000a2     libclang_rt.builtins.a : udivmoddi4.S.obj (.text)
                  000025ae    00000002                            : aeabi_div0.c.obj (.text.__aeabi_ldiv0)
                  000025b0    0000009c     motor.o (.text.Motor_Init)
                  0000264c    0000009c     tb6612.o (.text.SetPWM_L)
                  000026e8    0000008c     motor.o (.text.Motor_Control_L)
                  00002774    0000008c     motor.o (.text.Motor_Control_R)
                  00002800    0000008c     libclang_rt.builtins.a : mulsf3.S.obj (.text.__mulsf3)
                  0000288c    00000084     buzzer.o (.text.Buzzer_Proc)
                  00002910    00000084     ti_msp_dl_config.o (.text.__NVIC_SetPriority)
                  00002994    00000082     libclang_rt.builtins.a : divsf3.S.obj (.text.__divsf3)
                  00002a16    00000002     --HOLE-- [fill = 0]
                  00002a18    0000007c     jy62.o (.text.JY62_Init)
                  00002a94    0000007c     libc.a : copy_decompress_lzss.c.obj (.text:decompress:lzss)
                  00002b10    00000076     usart.o (.text.UART_IRQHandler)
                  00002b86    00000002     --HOLE-- [fill = 0]
                  00002b88    00000074     libclang_rt.builtins.a : comparedf2.c.obj (.text.__gedf2)
                  00002bfc    0000006c     ti_msp_dl_config.o (.text.SYSCFG_DL_PWM_R_init)
                  00002c68    00000068     encoder.o (.text.Encoder_Init)
                  00002cd0    00000068     ti_msp_dl_config.o (.text.SYSCFG_DL_HC_06_init)
                  00002d38    00000068     ti_msp_dl_config.o (.text.SYSCFG_DL_JY62_init)
                  00002da0    00000068     libclang_rt.builtins.a : comparedf2.c.obj (.text.__ledf2)
                  00002e08    00000066     libc.a : _printfi.c.obj (.text._mcpy)
                  00002e6e    00000002     --HOLE-- [fill = 0]
                  00002e70    00000064     ti_msp_dl_config.o (.text.SYSCFG_DL_PWM_Buzzer_init)
                  00002ed4    00000064     ti_msp_dl_config.o (.text.SYSCFG_DL_PWM_L_init)
                  00002f38    00000062     libclang_rt.builtins.a : aeabi_dcmp.S.obj (.text.__aeabi_dcmp)
                  00002f9a    00000002     --HOLE-- [fill = 0]
                  00002f9c    00000062                            : aeabi_fcmp.S.obj (.text.__aeabi_fcmp)
                  00002ffe    00000002     --HOLE-- [fill = 0]
                  00003000    0000005c     ti_msp_dl_config.o (.text.SYSCFG_DL_init)
                  0000305c    0000005c     libc.a : s_frexp.c.obj (.text.frexp)
                  000030b8    00000058            : _ltoa.c.obj (.text.__TI_ltoa)
                  00003110    00000058            : _printfi.c.obj (.text._pconv_f)
                  00003168    00000056     libclang_rt.builtins.a : aeabi_idivmod.S.obj (.text.__aeabi_idivmod)
                  000031be    00000052     libc.a : _printfi.c.obj (.text._ecpy)
                  00003210    00000050     jy62.o (.text.JY62_UpdateAngles)
                  00003260    00000050     ti_msp_dl_config.o (.text.SysTick_Config)
                  000032b0    0000004c     ti_msp_dl_config.o (.text.DL_UART_setBaudRateDivisor)
                  000032fc    0000004a     libclang_rt.builtins.a : fixdfsi.S.obj (.text.__fixdfsi)
                  00003346    00000002     --HOLE-- [fill = 0]
                  00003348    00000048     driverlib.a : dl_uart.o (.text.DL_UART_init)
                  00003390    00000044     jy62.o (.text.JY62_GetRawData)
                  000033d4    00000044     control.o (.text.Modules_Init)
                  00003418    00000040     ti_msp_dl_config.o (.text.SYSCFG_DL_TIMER_Encoder_Read_init)
                  00003458    00000040     ti_msp_dl_config.o (.text.SYSCFG_DL_TIMER_Proc_init)
                  00003498    00000040     ti_msp_dl_config.o (.text.SYSCFG_DL_TIMER_Tracking_Read_init)
                  000034d8    00000040     encoder.o (.text.TIMG6_IRQHandler)
                  00003518    00000040     usart.o (.text.USART_SendString)
                  00003558    00000040     libclang_rt.builtins.a : aeabi_uidivmod.S.obj (.text.__aeabi_uidivmod)
                  00003598    00000040                            : extendsfdf2.S.obj (.text.__extendsfdf2)
                  000035d8    00000040     libc.a : atoi.c.obj (.text.atoi)
                  00003618    0000003e     pid.o (.text.PID_Limmit)
                  00003656    00000002     --HOLE-- [fill = 0]
                  00003658    0000003c     ti_msp_dl_config.o (.text.DL_Timer_setCounterControl)
                  00003694    0000003c     libclang_rt.builtins.a : floatsisf.S.obj (.text.__floatsisf)
                  000036d0    0000003c                            : comparesf2.S.obj (.text.__gtsf2)
                  0000370c    0000003c     libc.a : autoinit.c.obj (.text:__TI_auto_init_nobinit_nopinit)
                  00003748    0000003a     libclang_rt.builtins.a : comparesf2.S.obj (.text.__eqsf2)
                  00003782    00000002     --HOLE-- [fill = 0]
                  00003784    0000003a                            : muldsi3.S.obj (.text.__muldsi3)
                  000037be    00000002     --HOLE-- [fill = 0]
                  000037c0    00000038     ti_msp_dl_config.o (.text.DL_GPIO_initPeripheralOutputFunctionFeatures)
                  000037f8    00000038     pid.o (.text.PID_Init)
                  00003830    00000038     libclang_rt.builtins.a : fixsfsi.S.obj (.text.__fixsfsi)
                  00003868    00000038     main.o (.text.main)
                  000038a0    00000034     ti_msp_dl_config.o (.text.DL_GPIO_initDigitalInputFeatures)
                  000038d4    00000034     control.o (.text.My_Key_Init)
                  00003908    00000032     usart.o (.text.USART_Init)
                  0000393a    00000032     usart.o (.text.USART_Printf)
                  0000396c    00000032     libclang_rt.builtins.a : fixunssfsi.S.obj (.text.__fixunssfsi)
                  0000399e    00000002     --HOLE-- [fill = 0]
                  000039a0    00000030     usart.o (.text.UART1_IRQHandler)
                  000039d0    00000030     usart.o (.text.UART2_IRQHandler)
                  00003a00    00000030     usart.o (.text.UART3_IRQHandler)
                  00003a30    00000030     libc.a : _printfi.c.obj (.text._fcpy)
                  00003a60    0000002c     usart.o (.text.USART_SendChar)
                  00003a8c    0000002c     usart.o (.text.__NVIC_ClearPendingIRQ)
                  00003ab8    0000002c     control.o (.text.__NVIC_EnableIRQ)
                  00003ae4    0000002c     encoder.o (.text.__NVIC_EnableIRQ)
                  00003b10    0000002c     tracking.o (.text.__NVIC_EnableIRQ)
                  00003b3c    0000002c     usart.o (.text.__NVIC_EnableIRQ)
                  00003b68    0000002c     libclang_rt.builtins.a : floatsidf.S.obj (.text.__floatsidf)
                  00003b94    0000002c     libc.a : vsprintf.c.obj (.text.vsprintf)
                  00003bc0    0000002a     ti_msp_dl_config.o (.text.SYSCFG_DL_SYSCTL_init)
                  00003bea    00000028     ti_msp_dl_config.o (.text.DL_Common_updateReg)
                  00003c12    00000002     --HOLE-- [fill = 0]
                  00003c14    00000028     ti_msp_dl_config.o (.text.DL_UART_setRXFIFOThreshold)
                  00003c3c    00000028     ti_msp_dl_config.o (.text.DL_UART_setTXFIFOThreshold)
                  00003c64    00000028     libc.a : boot_cortex_m.c.obj (.text:_c_int00_noargs)
                  00003c8c    00000024     delay.o (.text.SysTick_Handler)
                  00003cb0    00000024     libclang_rt.builtins.a : muldi3.S.obj (.text.__muldi3)
                  00003cd4    00000022     libc.a : memccpy.c.obj (.text.memccpy)
                  00003cf6    00000002     --HOLE-- [fill = 0]
                  00003cf8    00000020     ti_msp_dl_config.o (.text.DL_GPIO_initPeripheralInputFunction)
                  00003d18    00000020     driverlib.a : dl_uart.o (.text.DL_UART_transmitDataBlocking)
                  00003d38    00000020     hc_06.o (.text.HC06_Init)
                  00003d58    0000001e     ti_msp_dl_config.o (.text.DL_UART_setOversampling)
                  00003d76    00000002     --HOLE-- [fill = 0]
                  00003d78    0000001e     libclang_rt.builtins.a : ashldi3.S.obj (.text.__ashldi3)
                  00003d96    00000002     --HOLE-- [fill = 0]
                  00003d98    0000001c     buzzer.o (.text.Buzzer_Init)
                  00003db4    0000001c     encoder.o (.text.DL_GPIO_clearInterruptStatus)
                  00003dd0    0000001c     ti_msp_dl_config.o (.text.DL_GPIO_clearInterruptStatus)
                  00003dec    0000001c     ti_msp_dl_config.o (.text.DL_GPIO_enableInterrupt)
                  00003e08    0000001c     ti_msp_dl_config.o (.text.DL_GPIO_initPeripheralOutputFunction)
                  00003e24    0000001c     ti_msp_dl_config.o (.text.DL_GPIO_setLowerPinsInputFilter)
                  00003e40    0000001c     ti_msp_dl_config.o (.text.DL_GPIO_setLowerPinsPolarity)
                  00003e5c    0000001c     ti_msp_dl_config.o (.text.DL_GPIO_setUpperPinsInputFilter)
                  00003e78    0000001c     ti_msp_dl_config.o (.text.DL_SYSCTL_setSYSOSCFreq)
                  00003e94    0000001c     ti_msp_dl_config.o (.text.DL_Timer_enableInterrupt)
                  00003eb0    0000001c     driverlib.a : dl_timer.o (.text.DL_Timer_setCaptCompUpdateMethod)
                  00003ecc    0000001c                 : dl_timer.o (.text.DL_Timer_setClockConfig)
                  00003ee8    0000001c     ti_msp_dl_config.o (.text.DL_UART_enableInterrupt)
                  00003f04    0000001a     delay.o (.text.delay_ms)
                  00003f1e    00000002     --HOLE-- [fill = 0]
                  00003f20    00000018     ti_msp_dl_config.o (.text.DL_GPIO_enableOutput)
                  00003f38    00000018     ti_msp_dl_config.o (.text.DL_GPIO_enablePower)
                  00003f50    00000018     encoder.o (.text.DL_GPIO_getEnabledInterruptStatus)
                  00003f68    00000018     ti_msp_dl_config.o (.text.DL_GPIO_initDigitalOutput)
                  00003f80    00000018     ti_msp_dl_config.o (.text.DL_GPIO_reset)
                  00003f98    00000018     tb6612.o (.text.DL_GPIO_setPins)
                  00003fb0    00000018     ti_msp_dl_config.o (.text.DL_GPIO_setPins)
                  00003fc8    00000018     ti_msp_dl_config.o (.text.DL_GPIO_setUpperPinsPolarity)
                  00003fe0    00000018     ti_msp_dl_config.o (.text.DL_MathACL_enablePower)
                  00003ff8    00000018     ti_msp_dl_config.o (.text.DL_MathACL_reset)
                  00004010    00000018     ti_msp_dl_config.o (.text.DL_SYSCTL_setBORThreshold)
                  00004028    00000018     ti_msp_dl_config.o (.text.DL_Timer_enablePower)
                  00004040    00000018     ti_msp_dl_config.o (.text.DL_Timer_reset)
                  00004058    00000018     driverlib.a : dl_timer.o (.text.DL_Timer_setCaptureCompareOutCtl)
                  00004070    00000018     control.o (.text.DL_Timer_startCounter)
                  00004088    00000018     encoder.o (.text.DL_Timer_startCounter)
                  000040a0    00000018     jy62.o (.text.DL_UART_clearInterruptStatus)
                  000040b8    00000018     ti_msp_dl_config.o (.text.DL_UART_enableFIFOs)
                  000040d0    00000018     ti_msp_dl_config.o (.text.DL_UART_enablePower)
                  000040e8    00000018     usart.o (.text.DL_UART_isBusy)
                  00004100    00000018     ti_msp_dl_config.o (.text.DL_UART_reset)
                  00004118    00000018     libc.a : vsprintf.c.obj (.text._outs)
                  00004130    00000016     encoder.o (.text.DL_GPIO_readPins)
                  00004146    00000016     tracking.o (.text.DL_GPIO_readPins)
                  0000415c    00000016     ti_msp_dl_config.o (.text.DL_UART_enable)
                  00004172    00000016     usart.o (.text.DL_UART_transmitData)
                  00004188    00000016     pid.o (.text.PID_Reset)
                  0000419e    00000016     libc.a : copy_zero_init.c.obj (.text:decompress:ZI:__TI_zero_init_nomemset)
                  000041b4    00000014     buzzer.o (.text.Buzzer_Off)
                  000041c8    00000014     buzzer.o (.text.Buzzer_On)
                  000041dc    00000014     encoder.o (.text.DL_GPIO_clearPins)
                  000041f0    00000014     tb6612.o (.text.DL_GPIO_clearPins)
                  00004204    00000014     ti_msp_dl_config.o (.text.DL_GPIO_clearPins)
                  00004218    00000014     ti_msp_dl_config.o (.text.DL_SYSCTL_disableSYSPLL)
                  0000422c    00000014     ti_msp_dl_config.o (.text.DL_SYSCTL_enableMFCLK)
                  00004240    00000014     ti_msp_dl_config.o (.text.DL_Timer_enableClock)
                  00004254    00000014     ti_msp_dl_config.o (.text.DL_Timer_setCCPDirection)
                  00004268    00000014     jy62.o (.text.DL_UART_receiveData)
                  0000427c    00000014     usart.o (.text.DL_UART_receiveData)
                  00004290    00000014     tb6612.o (.text.Disable_TB6612)
                  000042a4    00000014     tb6612.o (.text.Enable_TB6612)
                  000042b8    00000014     tracking.o (.text.Tracking_Init)
                  000042cc    00000014     libclang_rt.builtins.a : aeabi_uldivmod.S.obj (.text.__aeabi_uldivmod)
                  000042e0    00000014     control.o (.text.key_long_pressed_cb)
                  000042f4    00000014     libc.a : _printfi.c.obj (.text.strchr)
                  00004308    00000012     encoder.o (.text.DL_Timer_getPendingInterrupt)
                  0000431a    00000012     jy62.o (.text.DL_UART_getPendingInterrupt)
                  0000432c    00000012     usart.o (.text.DL_UART_getPendingInterrupt)
                  0000433e    00000012     driverlib.a : dl_uart.o (.text.DL_UART_setClockConfig)
                  00004350    00000012     libc.a : memcpy16.S.obj (.text:TI_memcpy_small)
                  00004362    00000012            : copy_decompress_none.c.obj (.text:decompress:none)
                  00004374    00000010     ti_msp_dl_config.o (.text.DL_SYSCTL_disableHFXT)
                  00004384    00000010     driverlib.a : dl_timer.o (.text.DL_Timer_setCaptureCompareValue)
                  00004394    00000010     pid.o (.text.PID_ChangeSP)
                  000043a4    00000010     control.o (.text.key_pressed_cb)
                  000043b4    00000010     libc.a : wcslen.c.obj (.text.wcslen)
                  000043c4    0000000e     libclang_rt.builtins.a : aeabi_memset.S.obj (.text.__aeabi_memset)
                  000043d2    0000000e     libc.a : _printfi.c.obj (.text.strlen)
                  000043e0    0000000e            : memset16.S.obj (.text:TI_memset_small)
                  000043ee    00000002     --HOLE-- [fill = 0]
                  000043f0    0000000c     encoder.o (.text.Encoder_Get_L_Speed)
                  000043fc    0000000c     encoder.o (.text.Encoder_Get_R_Speed)
                  00004408    0000000c     jy62.o (.text.JY62_Get_Yaw)
                  00004414    0000000c     ti_msp_dl_config.o (.text.SYSCFG_DL_SYSTICK_init)
                  00004420    0000000c     control.o (.text.TIMG7_IRQHandler)
                  0000442c    0000000c     tracking.o (.text.Tracking_Angle)
                  00004438    0000000c     libclang_rt.builtins.a : aeabi_memset.S.obj (.text.__aeabi_memclr)
                  00004444    0000000c     delay.o (.text.get_ticks)
                  00004450    0000000a     driverlib.a : dl_common.o (.text.DL_Common_delayCycles)
                  0000445a    0000000a     libc.a : _printfi.c.obj (.text.OUTLINED_FUNCTION_0)
                  00004464    00000010     libclang_rt.builtins.a : adddf3.S.obj (.tramp.__aeabi_dsub.1)
                  00004474    0000000a     libc.a : _printfi.c.obj (.text.OUTLINED_FUNCTION_1)
                  0000447e    0000000a            : vsprintf.c.obj (.text._outc)
                  00004488    00000008     tracking.o (.text.TIMA0_IRQHandler)
                  00004490    00000008     libc.a : aeabi_portable.c.obj (.text.__aeabi_errno_addr)
                  00004498    00000008     libclang_rt.builtins.a : aeabi_memcpy.S.obj (.text.__aeabi_memcpy)
                  000044a0    00000006     libc.a : exit.c.obj (.text:abort)
                  000044a6    00000004     startup_mspm0g350x_ticlang.o (.text.Default_Handler)
                  000044aa    00000004     libsysbm.a : hostexit.c.obj (.text.HOSTexit)
                  000044ae    00000004     startup_mspm0g350x_ticlang.o (.text.Reset_Handler)
                  000044b2    00000002     --HOLE-- [fill = 0]
                  000044b4    00000010     libc.a : boot_cortex_m.c.obj (.tramp._c_int00_noargs.1)
                  000044c4    00000004            : pre_init.c.obj (.text._system_pre_init)

.cinit     0    00004680    00000030     
                  00004680    0000000c     (__TI_handler_table)
                  0000468c    00000009     (.cinit..data.load) [load image, compression = lzss]
                  00004695    00000003     --HOLE-- [fill = 0]
                  00004698    00000008     (.cinit..bss.load) [load image, compression = zero_init]
                  000046a0    00000010     (__TI_cinit_table)

.rodata    0    000044d0    000001b0     
                  000044d0    00000101     libc.a : aeabi_ctype.S.obj (.rodata:__aeabi_ctype_table_)
                  000045d1    00000003     ti_msp_dl_config.o (.rodata.gPWM_BuzzerClockConfig)
                  000045d4    00000014     ti_msp_dl_config.o (.rodata.gTIMER_Encoder_ReadTimerConfig)
                  000045e8    00000014     ti_msp_dl_config.o (.rodata.gTIMER_ProcTimerConfig)
                  000045fc    00000014     ti_msp_dl_config.o (.rodata.gTIMER_Tracking_ReadTimerConfig)
                  00004610    00000011     libc.a : _printfi.c.obj (.rodata.str1.10348868589481759720.1)
                  00004621    00000011            : _printfi.c.obj (.rodata.str1.15363888844622738466.1)
                  00004632    0000000a     ti_msp_dl_config.o (.rodata.gHC_06Config)
                  0000463c    0000000a     ti_msp_dl_config.o (.rodata.gJY62Config)
                  00004646    00000002     ti_msp_dl_config.o (.rodata.gHC_06ClockConfig)
                  00004648    00000008     libc.a : e_fmodf.c.obj (.rodata.cst8)
                  00004650    00000008     ti_msp_dl_config.o (.rodata.gPWM_BuzzerConfig)
                  00004658    00000008     ti_msp_dl_config.o (.rodata.gPWM_LConfig)
                  00004660    00000008     ti_msp_dl_config.o (.rodata.gPWM_RConfig)
                  00004668    00000004     main.o (.rodata.str1.15159059442110792349.1)
                  0000466c    00000003     ti_msp_dl_config.o (.rodata.gPWM_LClockConfig)
                  0000466f    00000003     ti_msp_dl_config.o (.rodata.gPWM_RClockConfig)
                  00004672    00000003     ti_msp_dl_config.o (.rodata.gTIMER_Encoder_ReadClockConfig)
                  00004675    00000003     ti_msp_dl_config.o (.rodata.gTIMER_ProcClockConfig)
                  00004678    00000003     ti_msp_dl_config.o (.rodata.gTIMER_Tracking_ReadClockConfig)
                  0000467b    00000002     ti_msp_dl_config.o (.rodata.gJY62ClockConfig)
                  0000467d    00000003     --HOLE-- [fill = 0]

.init_array 
*          0    00000000    00000000     UNINITIALIZED

.binit     0    00000000    00000000     

.bss       0    20200000    000003e5     UNINITIALIZED
                  20200000    000000bc     (.common:gPWM_BuzzerBackup)
                  202000bc    000000bc     (.common:gTIMER_Tracking_ReadBackup)
                  20200178    000000a0     (.common:gTIMER_Encoder_ReadBackup)
                  20200218    000000a0     (.common:gTIMER_ProcBackup)
                  202002b8    0000004c     (.common:Key1)
                  20200304    00000020     (.common:pid_direction)
                  20200324    00000020     (.common:pid_l_speed)
                  20200344    00000020     (.common:pid_r_speed)
                  20200364    00000020     (.common:pid_tracking)
                  20200384    0000000c     jy62.o (.bss.rawBuffer)
                  20200390    00000008     (.common:HC_06)
                  20200398    00000008     (.common:JY62)
                  202003a0    00000004     tracking.o (.bss.Tracking_value)
                  202003a4    00000004     motor.o (.bss.duty_diff)
                  202003a8    00000004     motor.o (.bss.duty_l)
                  202003ac    00000004     motor.o (.bss.duty_r)
                  202003b0    00000004     motor.o (.bss.omeg_l)
                  202003b4    00000004     motor.o (.bss.omeg_r)
                  202003b8    00000004     motor.o (.bss.target_speed_l)
                  202003bc    00000004     motor.o (.bss.target_speed_r)
                  202003c0    00000004     (.common:Encoder_L_CNT)
                  202003c4    00000004     (.common:Encoder_L_INT)
                  202003c8    00000004     (.common:Encoder_L_Port)
                  202003cc    00000004     (.common:Encoder_L_VEL)
                  202003d0    00000004     (.common:Encoder_R_CNT)
                  202003d4    00000004     (.common:Encoder_R_INT)
                  202003d8    00000004     (.common:Encoder_R_Port)
                  202003dc    00000004     (.common:Encoder_R_VEL)
                  202003e0    00000004     (.common:mode)
                  202003e4    00000001     (.common:tracking_flag)

.data      0    202003e8    0000035d     UNINITIALIZED
                  202003e8    00000100     usart.o (.data.usart1_str)
                  202004e8    00000100     usart.o (.data.usart2_str)
                  202005e8    00000100     usart.o (.data.usart3_str)
                  202006e8    00000014     buzzer.o (.data.buzzer)
                  202006fc    00000010     jy62.o (.data.anglesData)
                  2020070c    00000010     jy62.o (.data.jy62Debug)
                  2020071c    00000004     libc.a : aeabi_portable.c.obj (.data.__aeabi_errno)
                  20200720    00000008     delay.o (.data.systicks)
                  20200728    00000004     usart.o (.data.usart1_str_index)
                  2020072c    00000004     usart.o (.data.usart1_str_received)
                  20200730    00000004     usart.o (.data.usart2_str_index)
                  20200734    00000004     usart.o (.data.usart2_str_received)
                  20200738    00000004     usart.o (.data.usart3_str_index)
                  2020073c    00000004     usart.o (.data.usart3_str_received)
                  20200740    00000001     jy62.o (.data.RxState)
                  20200741    00000001     jy62.o (.data.dataIndex)
                  20200742    00000001     usart.o (.data.usart1_ch)
                  20200743    00000001     usart.o (.data.usart2_ch)
                  20200744    00000001     usart.o (.data.usart3_ch)

.stack     0    20207e00    00000200     UNINITIALIZED
                  20207e00    00000004     libc.a : boot_cortex_m.c.obj (.stack)
                  20207e04    000001fc     --HOLE--

__llvm_prf_cnts 
*          0    20200000    00000000     UNINITIALIZED

__llvm_prf_bits 
*          0    20200000    00000000     UNINITIALIZED

MODULE SUMMARY

       Module                         code    ro data   rw data
       ------                         ----    -------   -------
    .\
       ti_msp_dl_config.o             2962    126       696    
       startup_mspm0g350x_ticlang.o   8       192       0      
       main.o                         56      4         96     
    +--+------------------------------+-------+---------+---------+
       Total:                         3026    322       792    
                                                               
    .\app\buzzer\
       buzzer.o                       200     0         20     
    +--+------------------------------+-------+---------+---------+
       Total:                         200     0         20     
                                                               
    .\app\control\
       control.o                      236     0         0      
    +--+------------------------------+-------+---------+---------+
       Total:                         236     0         0      
                                                               
    .\app\encoder\
       encoder.o                      732     0         32     
    +--+------------------------------+-------+---------+---------+
       Total:                         732     0         32     
                                                               
    .\app\hc_06\
       hc_06.o                        32      0         0      
    +--+------------------------------+-------+---------+---------+
       Total:                         32      0         0      
                                                               
    .\app\jy62\
       jy62.o                         1046    0         46     
    +--+------------------------------+-------+---------+---------+
       Total:                         1046    0         46     
                                                               
    .\app\motor\
       motor.o                        600     0         157    
    +--+------------------------------+-------+---------+---------+
       Total:                         600     0         157    
                                                               
    .\app\tb6612\
       tb6612.o                       412     0         0      
    +--+------------------------------+-------+---------+---------+
       Total:                         412     0         0      
                                                               
    .\app\tracking\
       tracking.o                     330     0         4      
    +--+------------------------------+-------+---------+---------+
       Total:                         330     0         4      
                                                               
    .\lib\delay\
       delay.o                        74      0         8      
    +--+------------------------------+-------+---------+---------+
       Total:                         74      0         8      
                                                               
    .\lib\key\
       key.o                          180     0         0      
    +--+------------------------------+-------+---------+---------+
       Total:                         180     0         0      
                                                               
    .\lib\pid\
       pid.o                          660     0         0      
    +--+------------------------------+-------+---------+---------+
       Total:                         660     0         0      
                                                               
    .\lib\usart\
       usart.o                        642     0         795    
    +--+------------------------------+-------+---------+---------+
       Total:                         642     0         795    
                                                               
    C:/TI/mspm0_sdk_2_04_00_06/source/ti/driverlib/lib/ticlang/m0p/mspm0g1x0x_g3x0x/driverlib.a
       dl_timer.o                     588     0         0      
       dl_uart.o                      122     0         0      
       dl_common.o                    10      0         0      
    +--+------------------------------+-------+---------+---------+
       Total:                         720     0         0      
                                                               
    D:\CCS\ccs\tools\compiler\ti-cgt-armllvm_4.0.2.LTS\lib\armv6m-ti-none-eabi/c/libc.a
       _printfi.c.obj                 4510    34        0      
       e_fmodf.c.obj                  284     8         0      
       aeabi_ctype.S.obj              0       257       0      
       s_scalbn.c.obj                 216     0         0      
       copy_decompress_lzss.c.obj     124     0         0      
       s_frexp.c.obj                  92      0         0      
       _ltoa.c.obj                    88      0         0      
       vsprintf.c.obj                 78      0         0      
       atoi.c.obj                     64      0         0      
       autoinit.c.obj                 60      0         0      
       boot_cortex_m.c.obj            56      0         0      
       memccpy.c.obj                  34      0         0      
       copy_zero_init.c.obj           22      0         0      
       copy_decompress_none.c.obj     18      0         0      
       memcpy16.S.obj                 18      0         0      
       wcslen.c.obj                   16      0         0      
       memset16.S.obj                 14      0         0      
       aeabi_portable.c.obj           8       0         4      
       exit.c.obj                     6       0         0      
       pre_init.c.obj                 4       0         0      
    +--+------------------------------+-------+---------+---------+
       Total:                         5712    299       4      
                                                               
    D:\CCS\ccs\tools\compiler\ti-cgt-armllvm_4.0.2.LTS\lib\armv6m-ti-none-eabi/c/libsysbm.a
       hostexit.c.obj                 4       0         0      
    +--+------------------------------+-------+---------+---------+
       Total:                         4       0         0      
                                                               
    D:\CCS\ccs\tools\compiler\ti-cgt-armllvm_4.0.2.LTS\lib\armv6m-ti-none-eabi/libclang_rt.builtins.a
       adddf3.S.obj                   418     0         0      
       divdf3.S.obj                   268     0         0      
       muldf3.S.obj                   228     0         0      
       comparedf2.c.obj               220     0         0      
       addsf3.S.obj                   216     0         0      
       udivmoddi4.S.obj               162     0         0      
       mulsf3.S.obj                   140     0         0      
       divsf3.S.obj                   130     0         0      
       comparesf2.S.obj               118     0         0      
       aeabi_dcmp.S.obj               98      0         0      
       aeabi_fcmp.S.obj               98      0         0      
       aeabi_idivmod.S.obj            86      0         0      
       fixdfsi.S.obj                  74      0         0      
       aeabi_uidivmod.S.obj           64      0         0      
       extendsfdf2.S.obj              64      0         0      
       floatsisf.S.obj                60      0         0      
       muldsi3.S.obj                  58      0         0      
       fixsfsi.S.obj                  56      0         0      
       fixunssfsi.S.obj               50      0         0      
       floatsidf.S.obj                44      0         0      
       muldi3.S.obj                   36      0         0      
       ashldi3.S.obj                  30      0         0      
       aeabi_memset.S.obj             26      0         0      
       aeabi_uldivmod.S.obj           20      0         0      
       aeabi_memcpy.S.obj             8       0         0      
       aeabi_div0.c.obj               4       0         0      
    +--+------------------------------+-------+---------+---------+
       Total:                         2776    0         0      
                                                               
       Stack:                         0       0         512    
       Linker Generated:              0       45        0      
    +--+------------------------------+-------+---------+---------+
       Grand Total:                   17382   666       2370   


LINKER GENERATED COPY TABLES

__TI_cinit_table @ 000046a0 records: 2, size/record: 8, table size: 16
	.data: load addr=0000468c, load size=00000009 bytes, run addr=202003e8, run size=0000035d bytes, compression=lzss
	.bss: load addr=00004698, load size=00000008 bytes, run addr=20200000, run size=000003e5 bytes, compression=zero_init


LINKER GENERATED HANDLER TABLE

__TI_handler_table @ 00004680 records: 3, size/record: 4, table size: 12
	index: 0, handler: __TI_decompress_lzss
	index: 1, handler: __TI_decompress_none
	index: 2, handler: __TI_zero_init


FAR CALL TRAMPOLINES

callee name               trampoline name
   callee addr  tramp addr   call addr  call info
--------------  -----------  ---------  ----------------
__aeabi_dsub              $Tramp$TT$L$PI$$__aeabi_dsub
   00001259     00004464     00004462   libc.a : _printfi.c.obj (.text.OUTLINED_FUNCTION_0)
_c_int00_noargs           $Tramp$TT$L$PI$$_c_int00_noargs
   00003c65     000044b4     000044ae   startup_mspm0g350x_ticlang.o (.text.Reset_Handler)

[2 trampolines]
[2 trampoline calls]


GLOBAL SYMBOLS: SORTED ALPHABETICALLY BY Name 

address   name                              
-------   ----                              
000044a7  ADC0_IRQHandler                   
000044a7  ADC1_IRQHandler                   
000044a7  AES_IRQHandler                    
00003d99  Buzzer_Init                       
000041b5  Buzzer_Off                        
000041c9  Buzzer_On                         
0000288d  Buzzer_Proc                       
000044aa  C$$EXIT                           
000044a7  CANFD0_IRQHandler                 
000044a7  DAC0_IRQHandler                   
00004451  DL_Common_delayCycles             
00001af5  DL_Timer_initFourCCPWMMode        
00001cfd  DL_Timer_initTimerMode            
00003eb1  DL_Timer_setCaptCompUpdateMethod  
00004059  DL_Timer_setCaptureCompareOutCtl  
00004385  DL_Timer_setCaptureCompareValue   
00003ecd  DL_Timer_setClockConfig           
00003349  DL_UART_init                      
0000433f  DL_UART_setClockConfig            
00003d19  DL_UART_transmitDataBlocking      
000044a7  DMA_IRQHandler                    
000044a7  Default_Handler                   
00004291  Disable_TB6612                    
000042a5  Enable_TB6612                     
000043f1  Encoder_Get_L_Speed               
000043fd  Encoder_Get_R_Speed               
00002c69  Encoder_Init                      
202003c0  Encoder_L_CNT                     
202003c4  Encoder_L_INT                     
202003c8  Encoder_L_Port                    
202003cc  Encoder_L_VEL                     
202003d0  Encoder_R_CNT                     
202003d4  Encoder_R_INT                     
202003d8  Encoder_R_Port                    
202003dc  Encoder_R_VEL                     
000044a7  GROUP0_IRQHandler                 
000013ed  GROUP1_IRQHandler                 
00003d39  HC06_Init                         
20200390  HC_06                             
000044ab  HOSTexit                          
00001ec9  HW_Detect                         
000044a7  HardFault_Handler                 
000044a7  I2C0_IRQHandler                   
000044a7  I2C1_IRQHandler                   
20200398  JY62                              
000010a1  JY62_CalculateAngles              
00003391  JY62_GetRawData                   
00004409  JY62_Get_Yaw                      
00002a19  JY62_Init                         
00003211  JY62_UpdateAngles                 
202002b8  Key1                              
00002309  Key_Init                          
000033d5  Modules_Init                      
000026e9  Motor_Control_L                   
00002775  Motor_Control_R                   
000025b1  Motor_Init                        
00002469  Motor_Proc                        
000038d5  My_Key_Init                       
000044a7  NMI_Handler                       
00004395  PID_ChangeSP                      
00001fa9  PID_Compute                       
000017b1  PID_Compute_dir                   
000037f9  PID_Init                          
00003619  PID_Limmit                        
00004189  PID_Reset                         
000044a7  PendSV_Handler                    
000044a7  RTC_IRQHandler                    
000044af  Reset_Handler                     
000044a7  SPI0_IRQHandler                   
000044a7  SPI1_IRQHandler                   
000044a7  SVC_Handler                       
00000cb1  SYSCFG_DL_GPIO_init               
00002cd1  SYSCFG_DL_HC_06_init              
00002d39  SYSCFG_DL_JY62_init               
00002e71  SYSCFG_DL_PWM_Buzzer_init         
00002ed5  SYSCFG_DL_PWM_L_init              
00002bfd  SYSCFG_DL_PWM_R_init              
00003bc1  SYSCFG_DL_SYSCTL_init             
00004415  SYSCFG_DL_SYSTICK_init            
00003419  SYSCFG_DL_TIMER_Encoder_Read_init 
00003459  SYSCFG_DL_TIMER_Proc_init         
00003499  SYSCFG_DL_TIMER_Tracking_Read_init
00003001  SYSCFG_DL_init                    
00002235  SYSCFG_DL_initPower               
0000264d  SetPWM_L                          
000023bd  SetPWM_R                          
00003c8d  SysTick_Handler                   
00004489  TIMA0_IRQHandler                  
000044a7  TIMA1_IRQHandler                  
000044a7  TIMG0_IRQHandler                  
000044a7  TIMG12_IRQHandler                 
000034d9  TIMG6_IRQHandler                  
00004421  TIMG7_IRQHandler                  
000044a7  TIMG8_IRQHandler                  
00004351  TI_memcpy_small                   
000043e1  TI_memset_small                   
0000442d  Tracking_Angle                    
000042b9  Tracking_Init                     
00001bf9  UART0_IRQHandler                  
000039a1  UART1_IRQHandler                  
000039d1  UART2_IRQHandler                  
00003a01  UART3_IRQHandler                  
00002b11  UART_IRQHandler                   
00003909  USART_Init                        
0000393b  USART_Printf                      
00003a61  USART_SendChar                    
00003519  USART_SendString                  
20208000  __STACK_END                       
00000200  __STACK_SIZE                      
00000000  __TI_ATRegion0_region_sz          
00000000  __TI_ATRegion0_src_addr           
00000000  __TI_ATRegion0_trg_addr           
00000000  __TI_ATRegion1_region_sz          
00000000  __TI_ATRegion1_src_addr           
00000000  __TI_ATRegion1_trg_addr           
00000000  __TI_ATRegion2_region_sz          
00000000  __TI_ATRegion2_src_addr           
00000000  __TI_ATRegion2_trg_addr           
000046a0  __TI_CINIT_Base                   
000046b0  __TI_CINIT_Limit                  
000046b0  __TI_CINIT_Warm                   
00004680  __TI_Handler_Table_Base           
0000468c  __TI_Handler_Table_Limit          
0000370d  __TI_auto_init_nobinit_nopinit    
00002a95  __TI_decompress_lzss              
00004363  __TI_decompress_none              
000030b9  __TI_ltoa                         
ffffffff  __TI_pprof_out_hndl               
000000c1  __TI_printfi                      
ffffffff  __TI_prof_data_size               
ffffffff  __TI_prof_data_start              
00000000  __TI_static_base__                
0000419f  __TI_zero_init_nomemset           
00001263  __adddf3                          
00002167  __addsf3                          
000044d0  __aeabi_ctype_table_              
000044d0  __aeabi_ctype_table_C             
000032fd  __aeabi_d2iz                      
00001263  __aeabi_dadd                      
00002f39  __aeabi_dcmpeq                    
00002f75  __aeabi_dcmpge                    
00002f89  __aeabi_dcmpgt                    
00002f61  __aeabi_dcmple                    
00002f4d  __aeabi_dcmplt                    
000019e9  __aeabi_ddiv                      
00001de5  __aeabi_dmul                      
00001259  __aeabi_dsub                      
2020071c  __aeabi_errno                     
00004491  __aeabi_errno_addr                
00003599  __aeabi_f2d                       
00003831  __aeabi_f2iz                      
0000396d  __aeabi_f2uiz                     
00002167  __aeabi_fadd                      
00002f9d  __aeabi_fcmpeq                    
00002fd9  __aeabi_fcmpge                    
00002fed  __aeabi_fcmpgt                    
00002fc5  __aeabi_fcmple                    
00002fb1  __aeabi_fcmplt                    
00002995  __aeabi_fdiv                      
00002801  __aeabi_fmul                      
0000215d  __aeabi_fsub                      
00003b69  __aeabi_i2d                       
00003695  __aeabi_i2f                       
00003169  __aeabi_idiv                      
000013eb  __aeabi_idiv0                     
00003169  __aeabi_idivmod                   
000025af  __aeabi_ldiv0                     
00003d79  __aeabi_llsl                      
00003cb1  __aeabi_lmul                      
00004439  __aeabi_memclr                    
00004439  __aeabi_memclr4                   
00004439  __aeabi_memclr8                   
00004499  __aeabi_memcpy                    
00004499  __aeabi_memcpy4                   
00004499  __aeabi_memcpy8                   
000043c5  __aeabi_memset                    
000043c5  __aeabi_memset4                   
000043c5  __aeabi_memset8                   
00003559  __aeabi_uidiv                     
00003559  __aeabi_uidivmod                  
000042cd  __aeabi_uldivmod                  
00003d79  __ashldi3                         
ffffffff  __binit__                         
00002da1  __cmpdf2                          
00003749  __cmpsf2                          
000019e9  __divdf3                          
00002995  __divsf3                          
00002da1  __eqdf2                           
00003749  __eqsf2                           
00003599  __extendsfdf2                     
000032fd  __fixdfsi                         
00003831  __fixsfsi                         
0000396d  __fixunssfsi                      
00003b69  __floatsidf                       
00003695  __floatsisf                       
00002b89  __gedf2                           
000036d1  __gesf2                           
00002b89  __gtdf2                           
000036d1  __gtsf2                           
00002da1  __ledf2                           
00003749  __lesf2                           
00002da1  __ltdf2                           
00003749  __ltsf2                           
UNDEFED   __mpu_init                        
00001de5  __muldf3                          
00003cb1  __muldi3                          
00003785  __muldsi3                         
00002801  __mulsf3                          
00002da1  __nedf2                           
00003749  __nesf2                           
20207e00  __stack                           
20200000  __start___llvm_prf_bits           
20200000  __start___llvm_prf_cnts           
20200000  __stop___llvm_prf_bits            
20200000  __stop___llvm_prf_cnts            
00001259  __subdf3                          
0000215d  __subsf3                          
0000250d  __udivmoddi4                      
00003c65  _c_int00_noargs                   
UNDEFED   _system_post_cinit                
000044c5  _system_pre_init                  
000044a1  abort                             
000035d9  atoi                              
ffffffff  binit                             
00003f05  delay_ms                          
000018cd  fmodf                             
0000305d  frexp                             
0000305d  frexpl                            
20200000  gPWM_BuzzerBackup                 
20200178  gTIMER_Encoder_ReadBackup         
20200218  gTIMER_ProcBackup                 
202000bc  gTIMER_Tracking_ReadBackup        
00004445  get_ticks                         
00000000  interruptVectors                  
000042e1  key_long_pressed_cb               
000043a5  key_pressed_cb                    
00002085  ldexp                             
00002085  ldexpl                            
00003869  main                              
00003cd5  memccpy                           
202003e0  mode                              
20200304  pid_direction                     
20200324  pid_l_speed                       
20200344  pid_r_speed                       
20200364  pid_tracking                      
00002085  scalbn                            
00002085  scalbnl                           
202003e4  tracking_flag                     
20200742  usart1_ch                         
202003e8  usart1_str                        
20200728  usart1_str_index                  
2020072c  usart1_str_received               
20200743  usart2_ch                         
202004e8  usart2_str                        
20200730  usart2_str_index                  
20200734  usart2_str_received               
20200744  usart3_ch                         
202005e8  usart3_str                        
20200738  usart3_str_index                  
2020073c  usart3_str_received               
00003b95  vsprintf                          
000043b5  wcslen                            


GLOBAL SYMBOLS: SORTED BY Symbol Address 

address   name                              
-------   ----                              
00000000  __TI_ATRegion0_region_sz          
00000000  __TI_ATRegion0_src_addr           
00000000  __TI_ATRegion0_trg_addr           
00000000  __TI_ATRegion1_region_sz          
00000000  __TI_ATRegion1_src_addr           
00000000  __TI_ATRegion1_trg_addr           
00000000  __TI_ATRegion2_region_sz          
00000000  __TI_ATRegion2_src_addr           
00000000  __TI_ATRegion2_trg_addr           
00000000  __TI_static_base__                
00000000  interruptVectors                  
000000c1  __TI_printfi                      
00000200  __STACK_SIZE                      
00000cb1  SYSCFG_DL_GPIO_init               
000010a1  JY62_CalculateAngles              
00001259  __aeabi_dsub                      
00001259  __subdf3                          
00001263  __adddf3                          
00001263  __aeabi_dadd                      
000013eb  __aeabi_idiv0                     
000013ed  GROUP1_IRQHandler                 
000017b1  PID_Compute_dir                   
000018cd  fmodf                             
000019e9  __aeabi_ddiv                      
000019e9  __divdf3                          
00001af5  DL_Timer_initFourCCPWMMode        
00001bf9  UART0_IRQHandler                  
00001cfd  DL_Timer_initTimerMode            
00001de5  __aeabi_dmul                      
00001de5  __muldf3                          
00001ec9  HW_Detect                         
00001fa9  PID_Compute                       
00002085  ldexp                             
00002085  ldexpl                            
00002085  scalbn                            
00002085  scalbnl                           
0000215d  __aeabi_fsub                      
0000215d  __subsf3                          
00002167  __addsf3                          
00002167  __aeabi_fadd                      
00002235  SYSCFG_DL_initPower               
00002309  Key_Init                          
000023bd  SetPWM_R                          
00002469  Motor_Proc                        
0000250d  __udivmoddi4                      
000025af  __aeabi_ldiv0                     
000025b1  Motor_Init                        
0000264d  SetPWM_L                          
000026e9  Motor_Control_L                   
00002775  Motor_Control_R                   
00002801  __aeabi_fmul                      
00002801  __mulsf3                          
0000288d  Buzzer_Proc                       
00002995  __aeabi_fdiv                      
00002995  __divsf3                          
00002a19  JY62_Init                         
00002a95  __TI_decompress_lzss              
00002b11  UART_IRQHandler                   
00002b89  __gedf2                           
00002b89  __gtdf2                           
00002bfd  SYSCFG_DL_PWM_R_init              
00002c69  Encoder_Init                      
00002cd1  SYSCFG_DL_HC_06_init              
00002d39  SYSCFG_DL_JY62_init               
00002da1  __cmpdf2                          
00002da1  __eqdf2                           
00002da1  __ledf2                           
00002da1  __ltdf2                           
00002da1  __nedf2                           
00002e71  SYSCFG_DL_PWM_Buzzer_init         
00002ed5  SYSCFG_DL_PWM_L_init              
00002f39  __aeabi_dcmpeq                    
00002f4d  __aeabi_dcmplt                    
00002f61  __aeabi_dcmple                    
00002f75  __aeabi_dcmpge                    
00002f89  __aeabi_dcmpgt                    
00002f9d  __aeabi_fcmpeq                    
00002fb1  __aeabi_fcmplt                    
00002fc5  __aeabi_fcmple                    
00002fd9  __aeabi_fcmpge                    
00002fed  __aeabi_fcmpgt                    
00003001  SYSCFG_DL_init                    
0000305d  frexp                             
0000305d  frexpl                            
000030b9  __TI_ltoa                         
00003169  __aeabi_idiv                      
00003169  __aeabi_idivmod                   
00003211  JY62_UpdateAngles                 
000032fd  __aeabi_d2iz                      
000032fd  __fixdfsi                         
00003349  DL_UART_init                      
00003391  JY62_GetRawData                   
000033d5  Modules_Init                      
00003419  SYSCFG_DL_TIMER_Encoder_Read_init 
00003459  SYSCFG_DL_TIMER_Proc_init         
00003499  SYSCFG_DL_TIMER_Tracking_Read_init
000034d9  TIMG6_IRQHandler                  
00003519  USART_SendString                  
00003559  __aeabi_uidiv                     
00003559  __aeabi_uidivmod                  
00003599  __aeabi_f2d                       
00003599  __extendsfdf2                     
000035d9  atoi                              
00003619  PID_Limmit                        
00003695  __aeabi_i2f                       
00003695  __floatsisf                       
000036d1  __gesf2                           
000036d1  __gtsf2                           
0000370d  __TI_auto_init_nobinit_nopinit    
00003749  __cmpsf2                          
00003749  __eqsf2                           
00003749  __lesf2                           
00003749  __ltsf2                           
00003749  __nesf2                           
00003785  __muldsi3                         
000037f9  PID_Init                          
00003831  __aeabi_f2iz                      
00003831  __fixsfsi                         
00003869  main                              
000038d5  My_Key_Init                       
00003909  USART_Init                        
0000393b  USART_Printf                      
0000396d  __aeabi_f2uiz                     
0000396d  __fixunssfsi                      
000039a1  UART1_IRQHandler                  
000039d1  UART2_IRQHandler                  
00003a01  UART3_IRQHandler                  
00003a61  USART_SendChar                    
00003b69  __aeabi_i2d                       
00003b69  __floatsidf                       
00003b95  vsprintf                          
00003bc1  SYSCFG_DL_SYSCTL_init             
00003c65  _c_int00_noargs                   
00003c8d  SysTick_Handler                   
00003cb1  __aeabi_lmul                      
00003cb1  __muldi3                          
00003cd5  memccpy                           
00003d19  DL_UART_transmitDataBlocking      
00003d39  HC06_Init                         
00003d79  __aeabi_llsl                      
00003d79  __ashldi3                         
00003d99  Buzzer_Init                       
00003eb1  DL_Timer_setCaptCompUpdateMethod  
00003ecd  DL_Timer_setClockConfig           
00003f05  delay_ms                          
00004059  DL_Timer_setCaptureCompareOutCtl  
00004189  PID_Reset                         
0000419f  __TI_zero_init_nomemset           
000041b5  Buzzer_Off                        
000041c9  Buzzer_On                         
00004291  Disable_TB6612                    
000042a5  Enable_TB6612                     
000042b9  Tracking_Init                     
000042cd  __aeabi_uldivmod                  
000042e1  key_long_pressed_cb               
0000433f  DL_UART_setClockConfig            
00004351  TI_memcpy_small                   
00004363  __TI_decompress_none              
00004385  DL_Timer_setCaptureCompareValue   
00004395  PID_ChangeSP                      
000043a5  key_pressed_cb                    
000043b5  wcslen                            
000043c5  __aeabi_memset                    
000043c5  __aeabi_memset4                   
000043c5  __aeabi_memset8                   
000043e1  TI_memset_small                   
000043f1  Encoder_Get_L_Speed               
000043fd  Encoder_Get_R_Speed               
00004409  JY62_Get_Yaw                      
00004415  SYSCFG_DL_SYSTICK_init            
00004421  TIMG7_IRQHandler                  
0000442d  Tracking_Angle                    
00004439  __aeabi_memclr                    
00004439  __aeabi_memclr4                   
00004439  __aeabi_memclr8                   
00004445  get_ticks                         
00004451  DL_Common_delayCycles             
00004489  TIMA0_IRQHandler                  
00004491  __aeabi_errno_addr                
00004499  __aeabi_memcpy                    
00004499  __aeabi_memcpy4                   
00004499  __aeabi_memcpy8                   
000044a1  abort                             
000044a7  ADC0_IRQHandler                   
000044a7  ADC1_IRQHandler                   
000044a7  AES_IRQHandler                    
000044a7  CANFD0_IRQHandler                 
000044a7  DAC0_IRQHandler                   
000044a7  DMA_IRQHandler                    
000044a7  Default_Handler                   
000044a7  GROUP0_IRQHandler                 
000044a7  HardFault_Handler                 
000044a7  I2C0_IRQHandler                   
000044a7  I2C1_IRQHandler                   
000044a7  NMI_Handler                       
000044a7  PendSV_Handler                    
000044a7  RTC_IRQHandler                    
000044a7  SPI0_IRQHandler                   
000044a7  SPI1_IRQHandler                   
000044a7  SVC_Handler                       
000044a7  TIMA1_IRQHandler                  
000044a7  TIMG0_IRQHandler                  
000044a7  TIMG12_IRQHandler                 
000044a7  TIMG8_IRQHandler                  
000044aa  C$$EXIT                           
000044ab  HOSTexit                          
000044af  Reset_Handler                     
000044c5  _system_pre_init                  
000044d0  __aeabi_ctype_table_              
000044d0  __aeabi_ctype_table_C             
00004680  __TI_Handler_Table_Base           
0000468c  __TI_Handler_Table_Limit          
000046a0  __TI_CINIT_Base                   
000046b0  __TI_CINIT_Limit                  
000046b0  __TI_CINIT_Warm                   
20200000  __start___llvm_prf_bits           
20200000  __start___llvm_prf_cnts           
20200000  __stop___llvm_prf_bits            
20200000  __stop___llvm_prf_cnts            
20200000  gPWM_BuzzerBackup                 
202000bc  gTIMER_Tracking_ReadBackup        
20200178  gTIMER_Encoder_ReadBackup         
20200218  gTIMER_ProcBackup                 
202002b8  Key1                              
20200304  pid_direction                     
20200324  pid_l_speed                       
20200344  pid_r_speed                       
20200364  pid_tracking                      
20200390  HC_06                             
20200398  JY62                              
202003c0  Encoder_L_CNT                     
202003c4  Encoder_L_INT                     
202003c8  Encoder_L_Port                    
202003cc  Encoder_L_VEL                     
202003d0  Encoder_R_CNT                     
202003d4  Encoder_R_INT                     
202003d8  Encoder_R_Port                    
202003dc  Encoder_R_VEL                     
202003e0  mode                              
202003e4  tracking_flag                     
202003e8  usart1_str                        
202004e8  usart2_str                        
202005e8  usart3_str                        
2020071c  __aeabi_errno                     
20200728  usart1_str_index                  
2020072c  usart1_str_received               
20200730  usart2_str_index                  
20200734  usart2_str_received               
20200738  usart3_str_index                  
2020073c  usart3_str_received               
20200742  usart1_ch                         
20200743  usart2_ch                         
20200744  usart3_ch                         
20207e00  __stack                           
20208000  __STACK_END                       
ffffffff  __TI_pprof_out_hndl               
ffffffff  __TI_prof_data_size               
ffffffff  __TI_prof_data_start              
ffffffff  __binit__                         
ffffffff  binit                             
UNDEFED   __mpu_init                        
UNDEFED   _system_post_cinit                

[262 symbols]
