<?xml version="1.0" encoding="ISO-8859-1" ?>
<link_info>
   <banner>TI ARM Clang Linker PC v4.0.2.LTS</banner>
   <copyright>Copyright (c) 1996-2018 Texas Instruments Incorporated</copyright>
   <command_line>D:\CCS\ccs\tools\compiler\ti-cgt-armllvm_4.0.2.LTS\bin\tiarmlnk -ID:\CCS\ccs\tools\compiler\ti-cgt-armllvm_4.0.2.LTS\lib -o Patrol Car.out -mPatrol Car.map -iC:/TI/mspm0_sdk_2_04_00_06/source -iD:/NUEDC/project_3_Car_Learning/Patrol Car -iD:/NUEDC/project_3_Car_Learning/Patrol Car/Debug/syscfg -iD:/CCS/ccs/tools/compiler/ti-cgt-armllvm_4.0.2.LTS/lib --diag_wrap=off --display_error_number --warn_sections --xml_link_info=Patrol Car_linkInfo.xml --rom_model ./main.o ./ti_msp_dl_config.o ./startup_mspm0g350x_ticlang.o ./app/buzzer/buzzer.o ./app/control/control.o ./app/encoder/encoder.o ./app/hc_06/hc_06.o ./app/jy62/jy62.o ./app/motor/motor.o ./app/mpu6050/mpu6050.o ./app/tb6612/tb6612.o ./app/tracking/tracking.o ./lib/delay/delay.o ./lib/key/key.o ./lib/pid/pid.o ./lib/usart/usart.o -l./device_linker.cmd -ldevice.cmd.genlibs -llibc.a --start-group -llibc++.a -llibc++abi.a -llibc.a -llibsys.a -llibsysbm.a -llibclang_rt.builtins.a -llibclang_rt.profile.a --end-group --cg_opt_level=0</command_line>
   <link_time>0x683edab2</link_time>
   <link_errors>0x0</link_errors>
   <output_file>D:\NUEDC\project_3_Car_Learning\Patrol Car\Debug\Patrol Car.out</output_file>
   <entry_point>
      <name>_c_int00_noargs</name>
      <address>0x3c65</address>
   </entry_point>
   <input_file_list>
      <input_file id="fl-1">
         <path>D:\NUEDC\project_3_Car_Learning\Patrol Car\Debug\.\</path>
         <kind>object</kind>
         <file>main.o</file>
         <name>main.o</name>
      </input_file>
      <input_file id="fl-2">
         <path>D:\NUEDC\project_3_Car_Learning\Patrol Car\Debug\.\</path>
         <kind>object</kind>
         <file>ti_msp_dl_config.o</file>
         <name>ti_msp_dl_config.o</name>
      </input_file>
      <input_file id="fl-3">
         <path>D:\NUEDC\project_3_Car_Learning\Patrol Car\Debug\.\</path>
         <kind>object</kind>
         <file>startup_mspm0g350x_ticlang.o</file>
         <name>startup_mspm0g350x_ticlang.o</name>
      </input_file>
      <input_file id="fl-4">
         <path>D:\NUEDC\project_3_Car_Learning\Patrol Car\Debug\.\app\buzzer\</path>
         <kind>object</kind>
         <file>buzzer.o</file>
         <name>buzzer.o</name>
      </input_file>
      <input_file id="fl-5">
         <path>D:\NUEDC\project_3_Car_Learning\Patrol Car\Debug\.\app\control\</path>
         <kind>object</kind>
         <file>control.o</file>
         <name>control.o</name>
      </input_file>
      <input_file id="fl-6">
         <path>D:\NUEDC\project_3_Car_Learning\Patrol Car\Debug\.\app\encoder\</path>
         <kind>object</kind>
         <file>encoder.o</file>
         <name>encoder.o</name>
      </input_file>
      <input_file id="fl-7">
         <path>D:\NUEDC\project_3_Car_Learning\Patrol Car\Debug\.\app\hc_06\</path>
         <kind>object</kind>
         <file>hc_06.o</file>
         <name>hc_06.o</name>
      </input_file>
      <input_file id="fl-8">
         <path>D:\NUEDC\project_3_Car_Learning\Patrol Car\Debug\.\app\jy62\</path>
         <kind>object</kind>
         <file>jy62.o</file>
         <name>jy62.o</name>
      </input_file>
      <input_file id="fl-9">
         <path>D:\NUEDC\project_3_Car_Learning\Patrol Car\Debug\.\app\motor\</path>
         <kind>object</kind>
         <file>motor.o</file>
         <name>motor.o</name>
      </input_file>
      <input_file id="fl-a">
         <path>D:\NUEDC\project_3_Car_Learning\Patrol Car\Debug\.\app\mpu6050\</path>
         <kind>object</kind>
         <file>mpu6050.o</file>
         <name>mpu6050.o</name>
      </input_file>
      <input_file id="fl-b">
         <path>D:\NUEDC\project_3_Car_Learning\Patrol Car\Debug\.\app\tb6612\</path>
         <kind>object</kind>
         <file>tb6612.o</file>
         <name>tb6612.o</name>
      </input_file>
      <input_file id="fl-c">
         <path>D:\NUEDC\project_3_Car_Learning\Patrol Car\Debug\.\app\tracking\</path>
         <kind>object</kind>
         <file>tracking.o</file>
         <name>tracking.o</name>
      </input_file>
      <input_file id="fl-d">
         <path>D:\NUEDC\project_3_Car_Learning\Patrol Car\Debug\.\lib\delay\</path>
         <kind>object</kind>
         <file>delay.o</file>
         <name>delay.o</name>
      </input_file>
      <input_file id="fl-e">
         <path>D:\NUEDC\project_3_Car_Learning\Patrol Car\Debug\.\lib\key\</path>
         <kind>object</kind>
         <file>key.o</file>
         <name>key.o</name>
      </input_file>
      <input_file id="fl-f">
         <path>D:\NUEDC\project_3_Car_Learning\Patrol Car\Debug\.\lib\pid\</path>
         <kind>object</kind>
         <file>pid.o</file>
         <name>pid.o</name>
      </input_file>
      <input_file id="fl-10">
         <path>D:\NUEDC\project_3_Car_Learning\Patrol Car\Debug\.\lib\usart\</path>
         <kind>object</kind>
         <file>usart.o</file>
         <name>usart.o</name>
      </input_file>
      <input_file id="fl-1e">
         <path>D:\NUEDC\project_3_Car_Learning\Patrol Car\Debug\</path>
         <kind>object</kind>
         <file>&lt;internal&gt;</file>
         <name>&lt;internal&gt;</name>
      </input_file>
      <input_file id="fl-1f">
         <path>C:\TI\mspm0_sdk_2_04_00_06\source\ti\driverlib\lib\ticlang\m0p\mspm0g1x0x_g3x0x\</path>
         <kind>archive</kind>
         <file>driverlib.a</file>
         <name>dl_common.o</name>
      </input_file>
      <input_file id="fl-20">
         <path>C:\TI\mspm0_sdk_2_04_00_06\source\ti\driverlib\lib\ticlang\m0p\mspm0g1x0x_g3x0x\</path>
         <kind>archive</kind>
         <file>driverlib.a</file>
         <name>dl_timer.o</name>
      </input_file>
      <input_file id="fl-21">
         <path>C:\TI\mspm0_sdk_2_04_00_06\source\ti\driverlib\lib\ticlang\m0p\mspm0g1x0x_g3x0x\</path>
         <kind>archive</kind>
         <file>driverlib.a</file>
         <name>dl_uart.o</name>
      </input_file>
      <input_file id="fl-38">
         <path>D:\CCS\ccs\tools\compiler\ti-cgt-armllvm_4.0.2.LTS\lib\armv6m-ti-none-eabi\c\</path>
         <kind>archive</kind>
         <file>libc.a</file>
         <name>vsprintf.c.obj</name>
      </input_file>
      <input_file id="fl-39">
         <path>D:\CCS\ccs\tools\compiler\ti-cgt-armllvm_4.0.2.LTS\lib\armv6m-ti-none-eabi\c\</path>
         <kind>archive</kind>
         <file>libc.a</file>
         <name>e_fmodf.c.obj</name>
      </input_file>
      <input_file id="fl-3a">
         <path>D:\CCS\ccs\tools\compiler\ti-cgt-armllvm_4.0.2.LTS\lib\armv6m-ti-none-eabi\c\</path>
         <kind>archive</kind>
         <file>libc.a</file>
         <name>boot_cortex_m.c.obj</name>
      </input_file>
      <input_file id="fl-3b">
         <path>D:\CCS\ccs\tools\compiler\ti-cgt-armllvm_4.0.2.LTS\lib\armv6m-ti-none-eabi\c\</path>
         <kind>archive</kind>
         <file>libc.a</file>
         <name>mathacl_init.c.obj</name>
      </input_file>
      <input_file id="fl-3c">
         <path>D:\CCS\ccs\tools\compiler\ti-cgt-armllvm_4.0.2.LTS\lib\armv6m-ti-none-eabi\c\</path>
         <kind>archive</kind>
         <file>libc.a</file>
         <name>autoinit.c.obj</name>
      </input_file>
      <input_file id="fl-3d">
         <path>D:\CCS\ccs\tools\compiler\ti-cgt-armllvm_4.0.2.LTS\lib\armv6m-ti-none-eabi\c\</path>
         <kind>archive</kind>
         <file>libc.a</file>
         <name>pre_init.c.obj</name>
      </input_file>
      <input_file id="fl-3e">
         <path>D:\CCS\ccs\tools\compiler\ti-cgt-armllvm_4.0.2.LTS\lib\armv6m-ti-none-eabi\c\</path>
         <kind>archive</kind>
         <file>libc.a</file>
         <name>cpy_tbl.c.obj</name>
      </input_file>
      <input_file id="fl-3f">
         <path>D:\CCS\ccs\tools\compiler\ti-cgt-armllvm_4.0.2.LTS\lib\armv6m-ti-none-eabi\c\</path>
         <kind>archive</kind>
         <file>libc.a</file>
         <name>copy_zero_init.c.obj</name>
      </input_file>
      <input_file id="fl-40">
         <path>D:\CCS\ccs\tools\compiler\ti-cgt-armllvm_4.0.2.LTS\lib\armv6m-ti-none-eabi\c\</path>
         <kind>archive</kind>
         <file>libc.a</file>
         <name>copy_decompress_none.c.obj</name>
      </input_file>
      <input_file id="fl-41">
         <path>D:\CCS\ccs\tools\compiler\ti-cgt-armllvm_4.0.2.LTS\lib\armv6m-ti-none-eabi\c\</path>
         <kind>archive</kind>
         <file>libc.a</file>
         <name>copy_decompress_lzss.c.obj</name>
      </input_file>
      <input_file id="fl-42">
         <path>D:\CCS\ccs\tools\compiler\ti-cgt-armllvm_4.0.2.LTS\lib\armv6m-ti-none-eabi\c\</path>
         <kind>archive</kind>
         <file>libc.a</file>
         <name>_printfi.c.obj</name>
      </input_file>
      <input_file id="fl-43">
         <path>D:\CCS\ccs\tools\compiler\ti-cgt-armllvm_4.0.2.LTS\lib\armv6m-ti-none-eabi\c\</path>
         <kind>archive</kind>
         <file>libc.a</file>
         <name>aeabi_portable.c.obj</name>
      </input_file>
      <input_file id="fl-44">
         <path>D:\CCS\ccs\tools\compiler\ti-cgt-armllvm_4.0.2.LTS\lib\armv6m-ti-none-eabi\c\</path>
         <kind>archive</kind>
         <file>libc.a</file>
         <name>exit.c.obj</name>
      </input_file>
      <input_file id="fl-45">
         <path>D:\CCS\ccs\tools\compiler\ti-cgt-armllvm_4.0.2.LTS\lib\armv6m-ti-none-eabi\c\</path>
         <kind>archive</kind>
         <file>libc.a</file>
         <name>_lock.c.obj</name>
      </input_file>
      <input_file id="fl-46">
         <path>D:\CCS\ccs\tools\compiler\ti-cgt-armllvm_4.0.2.LTS\lib\armv6m-ti-none-eabi\c\</path>
         <kind>archive</kind>
         <file>libc.a</file>
         <name>_ltoa.c.obj</name>
      </input_file>
      <input_file id="fl-47">
         <path>D:\CCS\ccs\tools\compiler\ti-cgt-armllvm_4.0.2.LTS\lib\armv6m-ti-none-eabi\c\</path>
         <kind>archive</kind>
         <file>libc.a</file>
         <name>args_main.c.obj</name>
      </input_file>
      <input_file id="fl-48">
         <path>D:\CCS\ccs\tools\compiler\ti-cgt-armllvm_4.0.2.LTS\lib\armv6m-ti-none-eabi\c\</path>
         <kind>archive</kind>
         <file>libc.a</file>
         <name>assert.c.obj</name>
      </input_file>
      <input_file id="fl-49">
         <path>D:\CCS\ccs\tools\compiler\ti-cgt-armllvm_4.0.2.LTS\lib\armv6m-ti-none-eabi\c\</path>
         <kind>archive</kind>
         <file>libc.a</file>
         <name>atoi.c.obj</name>
      </input_file>
      <input_file id="fl-4a">
         <path>D:\CCS\ccs\tools\compiler\ti-cgt-armllvm_4.0.2.LTS\lib\armv6m-ti-none-eabi\c\</path>
         <kind>archive</kind>
         <file>libc.a</file>
         <name>defs.c.obj</name>
      </input_file>
      <input_file id="fl-4b">
         <path>D:\CCS\ccs\tools\compiler\ti-cgt-armllvm_4.0.2.LTS\lib\armv6m-ti-none-eabi\c\</path>
         <kind>archive</kind>
         <file>libc.a</file>
         <name>memccpy.c.obj</name>
      </input_file>
      <input_file id="fl-4c">
         <path>D:\CCS\ccs\tools\compiler\ti-cgt-armllvm_4.0.2.LTS\lib\armv6m-ti-none-eabi\c\</path>
         <kind>archive</kind>
         <file>libc.a</file>
         <name>memory.c.obj</name>
      </input_file>
      <input_file id="fl-4d">
         <path>D:\CCS\ccs\tools\compiler\ti-cgt-armllvm_4.0.2.LTS\lib\armv6m-ti-none-eabi\c\</path>
         <kind>archive</kind>
         <file>libc.a</file>
         <name>s_frexp.c.obj</name>
      </input_file>
      <input_file id="fl-4e">
         <path>D:\CCS\ccs\tools\compiler\ti-cgt-armllvm_4.0.2.LTS\lib\armv6m-ti-none-eabi\c\</path>
         <kind>archive</kind>
         <file>libc.a</file>
         <name>s_scalbn.c.obj</name>
      </input_file>
      <input_file id="fl-4f">
         <path>D:\CCS\ccs\tools\compiler\ti-cgt-armllvm_4.0.2.LTS\lib\armv6m-ti-none-eabi\c\</path>
         <kind>archive</kind>
         <file>libc.a</file>
         <name>wcslen.c.obj</name>
      </input_file>
      <input_file id="fl-50">
         <path>D:\CCS\ccs\tools\compiler\ti-cgt-armllvm_4.0.2.LTS\lib\armv6m-ti-none-eabi\c\</path>
         <kind>archive</kind>
         <file>libc.a</file>
         <name>sprintf.c.obj</name>
      </input_file>
      <input_file id="fl-51">
         <path>D:\CCS\ccs\tools\compiler\ti-cgt-armllvm_4.0.2.LTS\lib\armv6m-ti-none-eabi\c\</path>
         <kind>archive</kind>
         <file>libc.a</file>
         <name>fflush.c.obj</name>
      </input_file>
      <input_file id="fl-52">
         <path>D:\CCS\ccs\tools\compiler\ti-cgt-armllvm_4.0.2.LTS\lib\armv6m-ti-none-eabi\c\</path>
         <kind>archive</kind>
         <file>libc.a</file>
         <name>fputs.c.obj</name>
      </input_file>
      <input_file id="fl-53">
         <path>D:\CCS\ccs\tools\compiler\ti-cgt-armllvm_4.0.2.LTS\lib\armv6m-ti-none-eabi\c\</path>
         <kind>archive</kind>
         <file>libc.a</file>
         <name>_io_perm.c.obj</name>
      </input_file>
      <input_file id="fl-54">
         <path>D:\CCS\ccs\tools\compiler\ti-cgt-armllvm_4.0.2.LTS\lib\armv6m-ti-none-eabi\c\</path>
         <kind>archive</kind>
         <file>libc.a</file>
         <name>setvbuf.c.obj</name>
      </input_file>
      <input_file id="fl-55">
         <path>D:\CCS\ccs\tools\compiler\ti-cgt-armllvm_4.0.2.LTS\lib\armv6m-ti-none-eabi\c\</path>
         <kind>archive</kind>
         <file>libc.a</file>
         <name>aeabi_ctype.S.obj</name>
      </input_file>
      <input_file id="fl-56">
         <path>D:\CCS\ccs\tools\compiler\ti-cgt-armllvm_4.0.2.LTS\lib\armv6m-ti-none-eabi\c\</path>
         <kind>archive</kind>
         <file>libc.a</file>
         <name>fopen.c.obj</name>
      </input_file>
      <input_file id="fl-57">
         <path>D:\CCS\ccs\tools\compiler\ti-cgt-armllvm_4.0.2.LTS\lib\armv6m-ti-none-eabi\c\</path>
         <kind>archive</kind>
         <file>libc.a</file>
         <name>fseek.c.obj</name>
      </input_file>
      <input_file id="fl-58">
         <path>D:\CCS\ccs\tools\compiler\ti-cgt-armllvm_4.0.2.LTS\lib\armv6m-ti-none-eabi\c\</path>
         <kind>archive</kind>
         <file>libc.a</file>
         <name>fclose.c.obj</name>
      </input_file>
      <input_file id="fl-f8">
         <path>D:\CCS\ccs\tools\compiler\ti-cgt-armllvm_4.0.2.LTS\lib\armv6m-ti-none-eabi\c\</path>
         <kind>archive</kind>
         <file>libsysbm.a</file>
         <name>hostexit.c.obj</name>
      </input_file>
      <input_file id="fl-f9">
         <path>D:\CCS\ccs\tools\compiler\ti-cgt-armllvm_4.0.2.LTS\lib\armv6m-ti-none-eabi\c\</path>
         <kind>archive</kind>
         <file>libsysbm.a</file>
         <name>write.c.obj</name>
      </input_file>
      <input_file id="fl-fa">
         <path>D:\CCS\ccs\tools\compiler\ti-cgt-armllvm_4.0.2.LTS\lib\armv6m-ti-none-eabi\c\</path>
         <kind>archive</kind>
         <file>libsysbm.a</file>
         <name>host_device.c.obj</name>
      </input_file>
      <input_file id="fl-fb">
         <path>D:\CCS\ccs\tools\compiler\ti-cgt-armllvm_4.0.2.LTS\lib\armv6m-ti-none-eabi\c\</path>
         <kind>archive</kind>
         <file>libsysbm.a</file>
         <name>remove.c.obj</name>
      </input_file>
      <input_file id="fl-fc">
         <path>D:\CCS\ccs\tools\compiler\ti-cgt-armllvm_4.0.2.LTS\lib\armv6m-ti-none-eabi\c\</path>
         <kind>archive</kind>
         <file>libsysbm.a</file>
         <name>open.c.obj</name>
      </input_file>
      <input_file id="fl-fd">
         <path>D:\CCS\ccs\tools\compiler\ti-cgt-armllvm_4.0.2.LTS\lib\armv6m-ti-none-eabi\c\</path>
         <kind>archive</kind>
         <file>libsysbm.a</file>
         <name>lseek.c.obj</name>
      </input_file>
      <input_file id="fl-fe">
         <path>D:\CCS\ccs\tools\compiler\ti-cgt-armllvm_4.0.2.LTS\lib\armv6m-ti-none-eabi\c\</path>
         <kind>archive</kind>
         <file>libsysbm.a</file>
         <name>close.c.obj</name>
      </input_file>
      <input_file id="fl-ff">
         <path>D:\CCS\ccs\tools\compiler\ti-cgt-armllvm_4.0.2.LTS\lib\armv6m-ti-none-eabi\c\</path>
         <kind>archive</kind>
         <file>libsysbm.a</file>
         <name>unlink.c.obj</name>
      </input_file>
      <input_file id="fl-100">
         <path>D:\CCS\ccs\tools\compiler\ti-cgt-armllvm_4.0.2.LTS\lib\armv6m-ti-none-eabi\c\</path>
         <kind>archive</kind>
         <file>libsysbm.a</file>
         <name>hostclose.c.obj</name>
      </input_file>
      <input_file id="fl-101">
         <path>D:\CCS\ccs\tools\compiler\ti-cgt-armllvm_4.0.2.LTS\lib\armv6m-ti-none-eabi\c\</path>
         <kind>archive</kind>
         <file>libsysbm.a</file>
         <name>hostlseek.c.obj</name>
      </input_file>
      <input_file id="fl-102">
         <path>D:\CCS\ccs\tools\compiler\ti-cgt-armllvm_4.0.2.LTS\lib\armv6m-ti-none-eabi\c\</path>
         <kind>archive</kind>
         <file>libsysbm.a</file>
         <name>hostopen.c.obj</name>
      </input_file>
      <input_file id="fl-103">
         <path>D:\CCS\ccs\tools\compiler\ti-cgt-armllvm_4.0.2.LTS\lib\armv6m-ti-none-eabi\c\</path>
         <kind>archive</kind>
         <file>libsysbm.a</file>
         <name>hostread.c.obj</name>
      </input_file>
      <input_file id="fl-104">
         <path>D:\CCS\ccs\tools\compiler\ti-cgt-armllvm_4.0.2.LTS\lib\armv6m-ti-none-eabi\c\</path>
         <kind>archive</kind>
         <file>libsysbm.a</file>
         <name>hostrename.c.obj</name>
      </input_file>
      <input_file id="fl-105">
         <path>D:\CCS\ccs\tools\compiler\ti-cgt-armllvm_4.0.2.LTS\lib\armv6m-ti-none-eabi\c\</path>
         <kind>archive</kind>
         <file>libsysbm.a</file>
         <name>hostunlink.c.obj</name>
      </input_file>
      <input_file id="fl-106">
         <path>D:\CCS\ccs\tools\compiler\ti-cgt-armllvm_4.0.2.LTS\lib\armv6m-ti-none-eabi\c\</path>
         <kind>archive</kind>
         <file>libsysbm.a</file>
         <name>hostwrite.c.obj</name>
      </input_file>
      <input_file id="fl-107">
         <path>D:\CCS\ccs\tools\compiler\ti-cgt-armllvm_4.0.2.LTS\lib\armv6m-ti-none-eabi\c\</path>
         <kind>archive</kind>
         <file>libsysbm.a</file>
         <name>trgmsg.c.obj</name>
      </input_file>
      <input_file id="fl-108">
         <path>D:\CCS\ccs\tools\compiler\ti-cgt-armllvm_4.0.2.LTS\lib\armv6m-ti-none-eabi\</path>
         <kind>archive</kind>
         <file>libclang_rt.builtins.a</file>
         <name>addsf3.S.obj</name>
      </input_file>
      <input_file id="fl-109">
         <path>D:\CCS\ccs\tools\compiler\ti-cgt-armllvm_4.0.2.LTS\lib\armv6m-ti-none-eabi\</path>
         <kind>archive</kind>
         <file>libclang_rt.builtins.a</file>
         <name>adddf3.S.obj</name>
      </input_file>
      <input_file id="fl-10a">
         <path>D:\CCS\ccs\tools\compiler\ti-cgt-armllvm_4.0.2.LTS\lib\armv6m-ti-none-eabi\</path>
         <kind>archive</kind>
         <file>libclang_rt.builtins.a</file>
         <name>muldf3.S.obj</name>
      </input_file>
      <input_file id="fl-10b">
         <path>D:\CCS\ccs\tools\compiler\ti-cgt-armllvm_4.0.2.LTS\lib\armv6m-ti-none-eabi\</path>
         <kind>archive</kind>
         <file>libclang_rt.builtins.a</file>
         <name>muldsi3.S.obj</name>
      </input_file>
      <input_file id="fl-10c">
         <path>D:\CCS\ccs\tools\compiler\ti-cgt-armllvm_4.0.2.LTS\lib\armv6m-ti-none-eabi\</path>
         <kind>archive</kind>
         <file>libclang_rt.builtins.a</file>
         <name>mulsf3.S.obj</name>
      </input_file>
      <input_file id="fl-10d">
         <path>D:\CCS\ccs\tools\compiler\ti-cgt-armllvm_4.0.2.LTS\lib\armv6m-ti-none-eabi\</path>
         <kind>archive</kind>
         <file>libclang_rt.builtins.a</file>
         <name>divsf3.S.obj</name>
      </input_file>
      <input_file id="fl-10e">
         <path>D:\CCS\ccs\tools\compiler\ti-cgt-armllvm_4.0.2.LTS\lib\armv6m-ti-none-eabi\</path>
         <kind>archive</kind>
         <file>libclang_rt.builtins.a</file>
         <name>divdf3.S.obj</name>
      </input_file>
      <input_file id="fl-10f">
         <path>D:\CCS\ccs\tools\compiler\ti-cgt-armllvm_4.0.2.LTS\lib\armv6m-ti-none-eabi\</path>
         <kind>archive</kind>
         <file>libclang_rt.builtins.a</file>
         <name>extendsfdf2.S.obj</name>
      </input_file>
      <input_file id="fl-110">
         <path>D:\CCS\ccs\tools\compiler\ti-cgt-armllvm_4.0.2.LTS\lib\armv6m-ti-none-eabi\</path>
         <kind>archive</kind>
         <file>libclang_rt.builtins.a</file>
         <name>fixdfsi.S.obj</name>
      </input_file>
      <input_file id="fl-111">
         <path>D:\CCS\ccs\tools\compiler\ti-cgt-armllvm_4.0.2.LTS\lib\armv6m-ti-none-eabi\</path>
         <kind>archive</kind>
         <file>libclang_rt.builtins.a</file>
         <name>fixunssfsi.S.obj</name>
      </input_file>
      <input_file id="fl-112">
         <path>D:\CCS\ccs\tools\compiler\ti-cgt-armllvm_4.0.2.LTS\lib\armv6m-ti-none-eabi\</path>
         <kind>archive</kind>
         <file>libclang_rt.builtins.a</file>
         <name>floatsidf.S.obj</name>
      </input_file>
      <input_file id="fl-113">
         <path>D:\CCS\ccs\tools\compiler\ti-cgt-armllvm_4.0.2.LTS\lib\armv6m-ti-none-eabi\</path>
         <kind>archive</kind>
         <file>libclang_rt.builtins.a</file>
         <name>floatsisf.S.obj</name>
      </input_file>
      <input_file id="fl-114">
         <path>D:\CCS\ccs\tools\compiler\ti-cgt-armllvm_4.0.2.LTS\lib\armv6m-ti-none-eabi\</path>
         <kind>archive</kind>
         <file>libclang_rt.builtins.a</file>
         <name>muldi3.S.obj</name>
      </input_file>
      <input_file id="fl-115">
         <path>D:\CCS\ccs\tools\compiler\ti-cgt-armllvm_4.0.2.LTS\lib\armv6m-ti-none-eabi\</path>
         <kind>archive</kind>
         <file>libclang_rt.builtins.a</file>
         <name>aeabi_dcmp.S.obj</name>
      </input_file>
      <input_file id="fl-116">
         <path>D:\CCS\ccs\tools\compiler\ti-cgt-armllvm_4.0.2.LTS\lib\armv6m-ti-none-eabi\</path>
         <kind>archive</kind>
         <file>libclang_rt.builtins.a</file>
         <name>aeabi_fcmp.S.obj</name>
      </input_file>
      <input_file id="fl-117">
         <path>D:\CCS\ccs\tools\compiler\ti-cgt-armllvm_4.0.2.LTS\lib\armv6m-ti-none-eabi\</path>
         <kind>archive</kind>
         <file>libclang_rt.builtins.a</file>
         <name>aeabi_idivmod.S.obj</name>
      </input_file>
      <input_file id="fl-118">
         <path>D:\CCS\ccs\tools\compiler\ti-cgt-armllvm_4.0.2.LTS\lib\armv6m-ti-none-eabi\</path>
         <kind>archive</kind>
         <file>libclang_rt.builtins.a</file>
         <name>aeabi_memcpy.S.obj</name>
      </input_file>
      <input_file id="fl-119">
         <path>D:\CCS\ccs\tools\compiler\ti-cgt-armllvm_4.0.2.LTS\lib\armv6m-ti-none-eabi\</path>
         <kind>archive</kind>
         <file>libclang_rt.builtins.a</file>
         <name>aeabi_memset.S.obj</name>
      </input_file>
      <input_file id="fl-11a">
         <path>D:\CCS\ccs\tools\compiler\ti-cgt-armllvm_4.0.2.LTS\lib\armv6m-ti-none-eabi\</path>
         <kind>archive</kind>
         <file>libclang_rt.builtins.a</file>
         <name>aeabi_uidivmod.S.obj</name>
      </input_file>
      <input_file id="fl-11b">
         <path>D:\CCS\ccs\tools\compiler\ti-cgt-armllvm_4.0.2.LTS\lib\armv6m-ti-none-eabi\</path>
         <kind>archive</kind>
         <file>libclang_rt.builtins.a</file>
         <name>aeabi_uldivmod.S.obj</name>
      </input_file>
      <input_file id="fl-11c">
         <path>D:\CCS\ccs\tools\compiler\ti-cgt-armllvm_4.0.2.LTS\lib\armv6m-ti-none-eabi\</path>
         <kind>archive</kind>
         <file>libclang_rt.builtins.a</file>
         <name>comparesf2.S.obj</name>
      </input_file>
      <input_file id="fl-11d">
         <path>D:\CCS\ccs\tools\compiler\ti-cgt-armllvm_4.0.2.LTS\lib\armv6m-ti-none-eabi\</path>
         <kind>archive</kind>
         <file>libclang_rt.builtins.a</file>
         <name>udivmoddi4.S.obj</name>
      </input_file>
      <input_file id="fl-11e">
         <path>D:\CCS\ccs\tools\compiler\ti-cgt-armllvm_4.0.2.LTS\lib\armv6m-ti-none-eabi\</path>
         <kind>archive</kind>
         <file>libclang_rt.builtins.a</file>
         <name>ashldi3.S.obj</name>
      </input_file>
      <input_file id="fl-11f">
         <path>D:\CCS\ccs\tools\compiler\ti-cgt-armllvm_4.0.2.LTS\lib\armv6m-ti-none-eabi\</path>
         <kind>archive</kind>
         <file>libclang_rt.builtins.a</file>
         <name>fixsfsi.S.obj</name>
      </input_file>
      <input_file id="fl-120">
         <path>D:\CCS\ccs\tools\compiler\ti-cgt-armllvm_4.0.2.LTS\lib\armv6m-ti-none-eabi\</path>
         <kind>archive</kind>
         <file>libclang_rt.builtins.a</file>
         <name>comparedf2.c.obj</name>
      </input_file>
      <input_file id="fl-121">
         <path>D:\CCS\ccs\tools\compiler\ti-cgt-armllvm_4.0.2.LTS\lib\armv6m-ti-none-eabi\</path>
         <kind>archive</kind>
         <file>libclang_rt.builtins.a</file>
         <name>aeabi_div0.c.obj</name>
      </input_file>
      <input_file id="fl-122">
         <path>D:\CCS\ccs\tools\compiler\ti-cgt-armllvm_4.0.2.LTS\lib\armv6m-ti-none-eabi\c\</path>
         <kind>archive</kind>
         <file>libc.a</file>
         <name>getdevice.c.obj</name>
      </input_file>
      <input_file id="fl-123">
         <path>D:\CCS\ccs\tools\compiler\ti-cgt-armllvm_4.0.2.LTS\lib\armv6m-ti-none-eabi\c\</path>
         <kind>archive</kind>
         <file>libc.a</file>
         <name>memcpy16.S.obj</name>
      </input_file>
      <input_file id="fl-124">
         <path>D:\CCS\ccs\tools\compiler\ti-cgt-armllvm_4.0.2.LTS\lib\armv6m-ti-none-eabi\c\</path>
         <kind>archive</kind>
         <file>libc.a</file>
         <name>memset16.S.obj</name>
      </input_file>
      <input_file id="fl-125">
         <path>D:\CCS\ccs\tools\compiler\ti-cgt-armllvm_4.0.2.LTS\lib\armv6m-ti-none-eabi\c\</path>
         <kind>archive</kind>
         <file>libc.a</file>
         <name>strcmp-armv6m.S.obj</name>
      </input_file>
   </input_file_list>
   <object_component_list>
      <object_component id="oc-18">
         <name>.intvecs</name>
         <load_address>0x0</load_address>
         <readonly>true</readonly>
         <run_address>0x0</run_address>
         <size>0xc0</size>
         <alignment>0x4</alignment>
         <input_file_ref idref="fl-3"/>
      </object_component>
      <object_component id="oc-24a">
         <name>.text:__TI_printfi</name>
         <load_address>0xc0</load_address>
         <readonly>true</readonly>
         <executable>true</executable>
         <run_address>0xc0</run_address>
         <size>0x9d0</size>
         <alignment>0x4</alignment>
         <input_file_ref idref="fl-42"/>
      </object_component>
      <object_component id="oc-26d">
         <name>.text._pconv_a</name>
         <load_address>0xa90</load_address>
         <readonly>true</readonly>
         <executable>true</executable>
         <run_address>0xa90</run_address>
         <size>0x220</size>
         <alignment>0x4</alignment>
         <input_file_ref idref="fl-42"/>
      </object_component>
      <object_component id="oc-161">
         <name>.text.SYSCFG_DL_GPIO_init</name>
         <load_address>0xcb0</load_address>
         <readonly>true</readonly>
         <executable>true</executable>
         <run_address>0xcb0</run_address>
         <size>0x214</size>
         <alignment>0x4</alignment>
         <input_file_ref idref="fl-2"/>
      </object_component>
      <object_component id="oc-26e">
         <name>.text._pconv_g</name>
         <load_address>0xec4</load_address>
         <readonly>true</readonly>
         <executable>true</executable>
         <run_address>0xec4</run_address>
         <size>0x1dc</size>
         <alignment>0x4</alignment>
         <input_file_ref idref="fl-42"/>
      </object_component>
      <object_component id="oc-183">
         <name>.text.JY62_CalculateAngles</name>
         <load_address>0x10a0</load_address>
         <readonly>true</readonly>
         <executable>true</executable>
         <run_address>0x10a0</run_address>
         <size>0x1b8</size>
         <alignment>0x4</alignment>
         <input_file_ref idref="fl-8"/>
      </object_component>
      <object_component id="oc-2a6">
         <name>.text.adddf3_subdf3</name>
         <load_address>0x1258</load_address>
         <readonly>true</readonly>
         <executable>true</executable>
         <run_address>0x1258</run_address>
         <size>0x192</size>
         <alignment>0x4</alignment>
         <input_file_ref idref="fl-109"/>
      </object_component>
      <object_component id="oc-153">
         <name>.text.__aeabi_idiv0</name>
         <load_address>0x13ea</load_address>
         <readonly>true</readonly>
         <executable>true</executable>
         <run_address>0x13ea</run_address>
         <size>0x2</size>
         <alignment>0x2</alignment>
         <input_file_ref idref="fl-121"/>
      </object_component>
      <object_component id="oc-39">
         <name>.text.GROUP1_IRQHandler</name>
         <load_address>0x13ec</load_address>
         <readonly>true</readonly>
         <executable>true</executable>
         <run_address>0x13ec</run_address>
         <size>0x168</size>
         <alignment>0x4</alignment>
         <input_file_ref idref="fl-6"/>
      </object_component>
      <object_component id="oc-2aa">
         <name>.text.fcvt</name>
         <load_address>0x1554</load_address>
         <readonly>true</readonly>
         <executable>true</executable>
         <run_address>0x1554</run_address>
         <size>0x13c</size>
         <alignment>0x4</alignment>
         <input_file_ref idref="fl-42"/>
      </object_component>
      <object_component id="oc-270">
         <name>.text._pconv_e</name>
         <load_address>0x1690</load_address>
         <readonly>true</readonly>
         <executable>true</executable>
         <run_address>0x1690</run_address>
         <size>0x120</size>
         <alignment>0x4</alignment>
         <input_file_ref idref="fl-42"/>
      </object_component>
      <object_component id="oc-dd">
         <name>.text.PID_Compute_dir</name>
         <load_address>0x17b0</load_address>
         <readonly>true</readonly>
         <executable>true</executable>
         <run_address>0x17b0</run_address>
         <size>0x11c</size>
         <alignment>0x4</alignment>
         <input_file_ref idref="fl-f"/>
      </object_component>
      <object_component id="oc-138">
         <name>.text.fmodf</name>
         <load_address>0x18cc</load_address>
         <readonly>true</readonly>
         <executable>true</executable>
         <run_address>0x18cc</run_address>
         <size>0x11c</size>
         <alignment>0x4</alignment>
         <input_file_ref idref="fl-39"/>
      </object_component>
      <object_component id="oc-2a2">
         <name>.text.__divdf3</name>
         <load_address>0x19e8</load_address>
         <readonly>true</readonly>
         <executable>true</executable>
         <run_address>0x19e8</run_address>
         <size>0x10c</size>
         <alignment>0x4</alignment>
         <input_file_ref idref="fl-10e"/>
      </object_component>
      <object_component id="oc-1e0">
         <name>.text.DL_Timer_initFourCCPWMMode</name>
         <load_address>0x1af4</load_address>
         <readonly>true</readonly>
         <executable>true</executable>
         <run_address>0x1af4</run_address>
         <size>0x104</size>
         <alignment>0x4</alignment>
         <input_file_ref idref="fl-20"/>
      </object_component>
      <object_component id="oc-45">
         <name>.text.UART0_IRQHandler</name>
         <load_address>0x1bf8</load_address>
         <readonly>true</readonly>
         <executable>true</executable>
         <run_address>0x1bf8</run_address>
         <size>0x104</size>
         <alignment>0x4</alignment>
         <input_file_ref idref="fl-8"/>
      </object_component>
      <object_component id="oc-1ec">
         <name>.text.DL_Timer_initTimerMode</name>
         <load_address>0x1cfc</load_address>
         <readonly>true</readonly>
         <executable>true</executable>
         <run_address>0x1cfc</run_address>
         <size>0xe8</size>
         <alignment>0x4</alignment>
         <input_file_ref idref="fl-20"/>
      </object_component>
      <object_component id="oc-29a">
         <name>.text.__muldf3</name>
         <load_address>0x1de4</load_address>
         <readonly>true</readonly>
         <executable>true</executable>
         <run_address>0x1de4</run_address>
         <size>0xe4</size>
         <alignment>0x4</alignment>
         <input_file_ref idref="fl-10a"/>
      </object_component>
      <object_component id="oc-a0">
         <name>.text.HW_Detect</name>
         <load_address>0x1ec8</load_address>
         <readonly>true</readonly>
         <executable>true</executable>
         <run_address>0x1ec8</run_address>
         <size>0xe0</size>
         <alignment>0x4</alignment>
         <input_file_ref idref="fl-c"/>
      </object_component>
      <object_component id="oc-d3">
         <name>.text.PID_Compute</name>
         <load_address>0x1fa8</load_address>
         <readonly>true</readonly>
         <executable>true</executable>
         <run_address>0x1fa8</run_address>
         <size>0xdc</size>
         <alignment>0x4</alignment>
         <input_file_ref idref="fl-f"/>
      </object_component>
      <object_component id="oc-289">
         <name>.text.scalbn</name>
         <load_address>0x2084</load_address>
         <readonly>true</readonly>
         <executable>true</executable>
         <run_address>0x2084</run_address>
         <size>0xd8</size>
         <alignment>0x4</alignment>
         <input_file_ref idref="fl-4e"/>
      </object_component>
      <object_component id="oc-d8">
         <name>.text</name>
         <load_address>0x215c</load_address>
         <readonly>true</readonly>
         <executable>true</executable>
         <run_address>0x215c</run_address>
         <size>0xd8</size>
         <alignment>0x4</alignment>
         <input_file_ref idref="fl-108"/>
      </object_component>
      <object_component id="oc-160">
         <name>.text.SYSCFG_DL_initPower</name>
         <load_address>0x2234</load_address>
         <readonly>true</readonly>
         <executable>true</executable>
         <run_address>0x2234</run_address>
         <size>0xd4</size>
         <alignment>0x4</alignment>
         <input_file_ref idref="fl-2"/>
      </object_component>
      <object_component id="oc-216">
         <name>.text.Key_Init</name>
         <load_address>0x2308</load_address>
         <readonly>true</readonly>
         <executable>true</executable>
         <run_address>0x2308</run_address>
         <size>0xb4</size>
         <alignment>0x2</alignment>
         <input_file_ref idref="fl-e"/>
      </object_component>
      <object_component id="oc-148">
         <name>.text.SetPWM_R</name>
         <load_address>0x23bc</load_address>
         <readonly>true</readonly>
         <executable>true</executable>
         <run_address>0x23bc</run_address>
         <size>0xac</size>
         <alignment>0x4</alignment>
         <input_file_ref idref="fl-b"/>
      </object_component>
      <object_component id="oc-a3">
         <name>.text.Motor_Proc</name>
         <load_address>0x2468</load_address>
         <readonly>true</readonly>
         <executable>true</executable>
         <run_address>0x2468</run_address>
         <size>0xa4</size>
         <alignment>0x4</alignment>
         <input_file_ref idref="fl-9"/>
      </object_component>
      <object_component id="oc-280">
         <name>.text</name>
         <load_address>0x250c</load_address>
         <readonly>true</readonly>
         <executable>true</executable>
         <run_address>0x250c</run_address>
         <size>0xa2</size>
         <alignment>0x4</alignment>
         <input_file_ref idref="fl-11d"/>
      </object_component>
      <object_component id="oc-2ac">
         <name>.text.__aeabi_ldiv0</name>
         <load_address>0x25ae</load_address>
         <readonly>true</readonly>
         <executable>true</executable>
         <run_address>0x25ae</run_address>
         <size>0x2</size>
         <alignment>0x2</alignment>
         <input_file_ref idref="fl-121"/>
      </object_component>
      <object_component id="oc-175">
         <name>.text.Motor_Init</name>
         <load_address>0x25b0</load_address>
         <readonly>true</readonly>
         <executable>true</executable>
         <run_address>0x25b0</run_address>
         <size>0x9c</size>
         <alignment>0x4</alignment>
         <input_file_ref idref="fl-9"/>
      </object_component>
      <object_component id="oc-141">
         <name>.text.SetPWM_L</name>
         <load_address>0x264c</load_address>
         <readonly>true</readonly>
         <executable>true</executable>
         <run_address>0x264c</run_address>
         <size>0x9c</size>
         <alignment>0x4</alignment>
         <input_file_ref idref="fl-b"/>
      </object_component>
      <object_component id="oc-de">
         <name>.text.Motor_Control_L</name>
         <load_address>0x26e8</load_address>
         <readonly>true</readonly>
         <executable>true</executable>
         <run_address>0x26e8</run_address>
         <size>0x8c</size>
         <alignment>0x4</alignment>
         <input_file_ref idref="fl-9"/>
      </object_component>
      <object_component id="oc-df">
         <name>.text.Motor_Control_R</name>
         <load_address>0x2774</load_address>
         <readonly>true</readonly>
         <executable>true</executable>
         <run_address>0x2774</run_address>
         <size>0x8c</size>
         <alignment>0x4</alignment>
         <input_file_ref idref="fl-9"/>
      </object_component>
      <object_component id="oc-12c">
         <name>.text.__mulsf3</name>
         <load_address>0x2800</load_address>
         <readonly>true</readonly>
         <executable>true</executable>
         <run_address>0x2800</run_address>
         <size>0x8c</size>
         <alignment>0x4</alignment>
         <input_file_ref idref="fl-10c"/>
      </object_component>
      <object_component id="oc-a8">
         <name>.text.Buzzer_Proc</name>
         <load_address>0x288c</load_address>
         <readonly>true</readonly>
         <executable>true</executable>
         <run_address>0x288c</run_address>
         <size>0x84</size>
         <alignment>0x4</alignment>
         <input_file_ref idref="fl-4"/>
      </object_component>
      <object_component id="oc-1ee">
         <name>.text.__NVIC_SetPriority</name>
         <load_address>0x2910</load_address>
         <readonly>true</readonly>
         <executable>true</executable>
         <run_address>0x2910</run_address>
         <size>0x84</size>
         <alignment>0x4</alignment>
         <input_file_ref idref="fl-2"/>
      </object_component>
      <object_component id="oc-1ab">
         <name>.text.__divsf3</name>
         <load_address>0x2994</load_address>
         <readonly>true</readonly>
         <executable>true</executable>
         <run_address>0x2994</run_address>
         <size>0x82</size>
         <alignment>0x4</alignment>
         <input_file_ref idref="fl-10d"/>
      </object_component>
      <object_component id="oc-179">
         <name>.text.JY62_Init</name>
         <load_address>0x2a18</load_address>
         <readonly>true</readonly>
         <executable>true</executable>
         <run_address>0x2a18</run_address>
         <size>0x7c</size>
         <alignment>0x4</alignment>
         <input_file_ref idref="fl-8"/>
      </object_component>
      <object_component id="oc-1c">
         <name>.text:decompress:lzss</name>
         <load_address>0x2a94</load_address>
         <readonly>true</readonly>
         <executable>true</executable>
         <run_address>0x2a94</run_address>
         <size>0x7c</size>
         <alignment>0x4</alignment>
         <input_file_ref idref="fl-41"/>
      </object_component>
      <object_component id="oc-85">
         <name>.text.UART_IRQHandler</name>
         <load_address>0x2b10</load_address>
         <readonly>true</readonly>
         <executable>true</executable>
         <run_address>0x2b10</run_address>
         <size>0x76</size>
         <alignment>0x2</alignment>
         <input_file_ref idref="fl-10"/>
      </object_component>
      <object_component id="oc-1a9">
         <name>.text.__gedf2</name>
         <load_address>0x2b88</load_address>
         <readonly>true</readonly>
         <executable>true</executable>
         <run_address>0x2b88</run_address>
         <size>0x74</size>
         <alignment>0x4</alignment>
         <input_file_ref idref="fl-120"/>
      </object_component>
      <object_component id="oc-163">
         <name>.text.SYSCFG_DL_PWM_R_init</name>
         <load_address>0x2bfc</load_address>
         <readonly>true</readonly>
         <executable>true</executable>
         <run_address>0x2bfc</run_address>
         <size>0x6c</size>
         <alignment>0x4</alignment>
         <input_file_ref idref="fl-2"/>
      </object_component>
      <object_component id="oc-177">
         <name>.text.Encoder_Init</name>
         <load_address>0x2c68</load_address>
         <readonly>true</readonly>
         <executable>true</executable>
         <run_address>0x2c68</run_address>
         <size>0x68</size>
         <alignment>0x4</alignment>
         <input_file_ref idref="fl-6"/>
      </object_component>
      <object_component id="oc-168">
         <name>.text.SYSCFG_DL_HC_06_init</name>
         <load_address>0x2cd0</load_address>
         <readonly>true</readonly>
         <executable>true</executable>
         <run_address>0x2cd0</run_address>
         <size>0x68</size>
         <alignment>0x4</alignment>
         <input_file_ref idref="fl-2"/>
      </object_component>
      <object_component id="oc-169">
         <name>.text.SYSCFG_DL_JY62_init</name>
         <load_address>0x2d38</load_address>
         <readonly>true</readonly>
         <executable>true</executable>
         <run_address>0x2d38</run_address>
         <size>0x68</size>
         <alignment>0x4</alignment>
         <input_file_ref idref="fl-2"/>
      </object_component>
      <object_component id="oc-1a3">
         <name>.text.__ledf2</name>
         <load_address>0x2da0</load_address>
         <readonly>true</readonly>
         <executable>true</executable>
         <run_address>0x2da0</run_address>
         <size>0x68</size>
         <alignment>0x4</alignment>
         <input_file_ref idref="fl-120"/>
      </object_component>
      <object_component id="oc-2a1">
         <name>.text._mcpy</name>
         <load_address>0x2e08</load_address>
         <readonly>true</readonly>
         <executable>true</executable>
         <run_address>0x2e08</run_address>
         <size>0x66</size>
         <alignment>0x2</alignment>
         <input_file_ref idref="fl-42"/>
      </object_component>
      <object_component id="oc-164">
         <name>.text.SYSCFG_DL_PWM_Buzzer_init</name>
         <load_address>0x2e70</load_address>
         <readonly>true</readonly>
         <executable>true</executable>
         <run_address>0x2e70</run_address>
         <size>0x64</size>
         <alignment>0x4</alignment>
         <input_file_ref idref="fl-2"/>
      </object_component>
      <object_component id="oc-162">
         <name>.text.SYSCFG_DL_PWM_L_init</name>
         <load_address>0x2ed4</load_address>
         <readonly>true</readonly>
         <executable>true</executable>
         <run_address>0x2ed4</run_address>
         <size>0x64</size>
         <alignment>0x4</alignment>
         <input_file_ref idref="fl-2"/>
      </object_component>
      <object_component id="oc-130">
         <name>.text.__aeabi_dcmp</name>
         <load_address>0x2f38</load_address>
         <readonly>true</readonly>
         <executable>true</executable>
         <run_address>0x2f38</run_address>
         <size>0x62</size>
         <alignment>0x4</alignment>
         <input_file_ref idref="fl-115"/>
      </object_component>
      <object_component id="oc-13c">
         <name>.text.__aeabi_fcmp</name>
         <load_address>0x2f9c</load_address>
         <readonly>true</readonly>
         <executable>true</executable>
         <run_address>0x2f9c</run_address>
         <size>0x62</size>
         <alignment>0x4</alignment>
         <input_file_ref idref="fl-116"/>
      </object_component>
      <object_component id="oc-fc">
         <name>.text.SYSCFG_DL_init</name>
         <load_address>0x3000</load_address>
         <readonly>true</readonly>
         <executable>true</executable>
         <run_address>0x3000</run_address>
         <size>0x5c</size>
         <alignment>0x4</alignment>
         <input_file_ref idref="fl-2"/>
      </object_component>
      <object_component id="oc-285">
         <name>.text.frexp</name>
         <load_address>0x305c</load_address>
         <readonly>true</readonly>
         <executable>true</executable>
         <run_address>0x305c</run_address>
         <size>0x5c</size>
         <alignment>0x4</alignment>
         <input_file_ref idref="fl-4d"/>
      </object_component>
      <object_component id="oc-291">
         <name>.text.__TI_ltoa</name>
         <load_address>0x30b8</load_address>
         <readonly>true</readonly>
         <executable>true</executable>
         <run_address>0x30b8</run_address>
         <size>0x58</size>
         <alignment>0x2</alignment>
         <input_file_ref idref="fl-46"/>
      </object_component>
      <object_component id="oc-26f">
         <name>.text._pconv_f</name>
         <load_address>0x3110</load_address>
         <readonly>true</readonly>
         <executable>true</executable>
         <run_address>0x3110</run_address>
         <size>0x58</size>
         <alignment>0x2</alignment>
         <input_file_ref idref="fl-42"/>
      </object_component>
      <object_component id="oc-2b9">
         <name>.text.__aeabi_idivmod</name>
         <load_address>0x3168</load_address>
         <readonly>true</readonly>
         <executable>true</executable>
         <run_address>0x3168</run_address>
         <size>0x56</size>
         <alignment>0x4</alignment>
         <input_file_ref idref="fl-117"/>
      </object_component>
      <object_component id="oc-29f">
         <name>.text._ecpy</name>
         <load_address>0x31be</load_address>
         <readonly>true</readonly>
         <executable>true</executable>
         <run_address>0x31be</run_address>
         <size>0x52</size>
         <alignment>0x2</alignment>
         <input_file_ref idref="fl-42"/>
      </object_component>
      <object_component id="oc-107">
         <name>.text.JY62_UpdateAngles</name>
         <load_address>0x3210</load_address>
         <readonly>true</readonly>
         <executable>true</executable>
         <run_address>0x3210</run_address>
         <size>0x50</size>
         <alignment>0x4</alignment>
         <input_file_ref idref="fl-8"/>
      </object_component>
      <object_component id="oc-207">
         <name>.text.SysTick_Config</name>
         <load_address>0x3260</load_address>
         <readonly>true</readonly>
         <executable>true</executable>
         <run_address>0x3260</run_address>
         <size>0x50</size>
         <alignment>0x4</alignment>
         <input_file_ref idref="fl-2"/>
      </object_component>
      <object_component id="oc-1fd">
         <name>.text.DL_UART_setBaudRateDivisor</name>
         <load_address>0x32b0</load_address>
         <readonly>true</readonly>
         <executable>true</executable>
         <run_address>0x32b0</run_address>
         <size>0x4c</size>
         <alignment>0x4</alignment>
         <input_file_ref idref="fl-2"/>
      </object_component>
      <object_component id="oc-28d">
         <name>.text.__fixdfsi</name>
         <load_address>0x32fc</load_address>
         <readonly>true</readonly>
         <executable>true</executable>
         <run_address>0x32fc</run_address>
         <size>0x4a</size>
         <alignment>0x4</alignment>
         <input_file_ref idref="fl-110"/>
      </object_component>
      <object_component id="oc-1fb">
         <name>.text.DL_UART_init</name>
         <load_address>0x3348</load_address>
         <readonly>true</readonly>
         <executable>true</executable>
         <run_address>0x3348</run_address>
         <size>0x48</size>
         <alignment>0x4</alignment>
         <input_file_ref idref="fl-21"/>
      </object_component>
      <object_component id="oc-182">
         <name>.text.JY62_GetRawData</name>
         <load_address>0x3390</load_address>
         <readonly>true</readonly>
         <executable>true</executable>
         <run_address>0x3390</run_address>
         <size>0x44</size>
         <alignment>0x4</alignment>
         <input_file_ref idref="fl-8"/>
      </object_component>
      <object_component id="oc-101">
         <name>.text.Modules_Init</name>
         <load_address>0x33d4</load_address>
         <readonly>true</readonly>
         <executable>true</executable>
         <run_address>0x33d4</run_address>
         <size>0x44</size>
         <alignment>0x4</alignment>
         <input_file_ref idref="fl-5"/>
      </object_component>
      <object_component id="oc-165">
         <name>.text.SYSCFG_DL_TIMER_Encoder_Read_init</name>
         <load_address>0x3418</load_address>
         <readonly>true</readonly>
         <executable>true</executable>
         <run_address>0x3418</run_address>
         <size>0x40</size>
         <alignment>0x4</alignment>
         <input_file_ref idref="fl-2"/>
      </object_component>
      <object_component id="oc-167">
         <name>.text.SYSCFG_DL_TIMER_Proc_init</name>
         <load_address>0x3458</load_address>
         <readonly>true</readonly>
         <executable>true</executable>
         <run_address>0x3458</run_address>
         <size>0x40</size>
         <alignment>0x4</alignment>
         <input_file_ref idref="fl-2"/>
      </object_component>
      <object_component id="oc-166">
         <name>.text.SYSCFG_DL_TIMER_Tracking_Read_init</name>
         <load_address>0x3498</load_address>
         <readonly>true</readonly>
         <executable>true</executable>
         <run_address>0x3498</run_address>
         <size>0x40</size>
         <alignment>0x4</alignment>
         <input_file_ref idref="fl-2"/>
      </object_component>
      <object_component id="oc-4a">
         <name>.text.TIMG6_IRQHandler</name>
         <load_address>0x34d8</load_address>
         <readonly>true</readonly>
         <executable>true</executable>
         <run_address>0x34d8</run_address>
         <size>0x40</size>
         <alignment>0x4</alignment>
         <input_file_ref idref="fl-6"/>
      </object_component>
      <object_component id="oc-18b">
         <name>.text.USART_SendString</name>
         <load_address>0x3518</load_address>
         <readonly>true</readonly>
         <executable>true</executable>
         <run_address>0x3518</run_address>
         <size>0x40</size>
         <alignment>0x2</alignment>
         <input_file_ref idref="fl-10"/>
      </object_component>
      <object_component id="oc-ea">
         <name>.text.__aeabi_uidivmod</name>
         <load_address>0x3558</load_address>
         <readonly>true</readonly>
         <executable>true</executable>
         <run_address>0x3558</run_address>
         <size>0x40</size>
         <alignment>0x4</alignment>
         <input_file_ref idref="fl-11a"/>
      </object_component>
      <object_component id="oc-108">
         <name>.text.__extendsfdf2</name>
         <load_address>0x3598</load_address>
         <readonly>true</readonly>
         <executable>true</executable>
         <run_address>0x3598</run_address>
         <size>0x40</size>
         <alignment>0x4</alignment>
         <input_file_ref idref="fl-10f"/>
      </object_component>
      <object_component id="oc-257">
         <name>.text.atoi</name>
         <load_address>0x35d8</load_address>
         <readonly>true</readonly>
         <executable>true</executable>
         <run_address>0x35d8</run_address>
         <size>0x40</size>
         <alignment>0x4</alignment>
         <input_file_ref idref="fl-49"/>
      </object_component>
      <object_component id="oc-144">
         <name>.text.PID_Limmit</name>
         <load_address>0x3618</load_address>
         <readonly>true</readonly>
         <executable>true</executable>
         <run_address>0x3618</run_address>
         <size>0x3e</size>
         <alignment>0x2</alignment>
         <input_file_ref idref="fl-f"/>
      </object_component>
      <object_component id="oc-1e1">
         <name>.text.DL_Timer_setCounterControl</name>
         <load_address>0x3658</load_address>
         <readonly>true</readonly>
         <executable>true</executable>
         <run_address>0x3658</run_address>
         <size>0x3c</size>
         <alignment>0x4</alignment>
         <input_file_ref idref="fl-2"/>
      </object_component>
      <object_component id="oc-cf">
         <name>.text.__floatsisf</name>
         <load_address>0x3694</load_address>
         <readonly>true</readonly>
         <executable>true</executable>
         <run_address>0x3694</run_address>
         <size>0x3c</size>
         <alignment>0x4</alignment>
         <input_file_ref idref="fl-113"/>
      </object_component>
      <object_component id="oc-1b8">
         <name>.text.__gtsf2</name>
         <load_address>0x36d0</load_address>
         <readonly>true</readonly>
         <executable>true</executable>
         <run_address>0x36d0</run_address>
         <size>0x3c</size>
         <alignment>0x4</alignment>
         <input_file_ref idref="fl-11c"/>
      </object_component>
      <object_component id="oc-119">
         <name>.text:__TI_auto_init_nobinit_nopinit</name>
         <load_address>0x370c</load_address>
         <readonly>true</readonly>
         <executable>true</executable>
         <run_address>0x370c</run_address>
         <size>0x3c</size>
         <alignment>0x4</alignment>
         <input_file_ref idref="fl-3c"/>
      </object_component>
      <object_component id="oc-1b3">
         <name>.text.__eqsf2</name>
         <load_address>0x3748</load_address>
         <readonly>true</readonly>
         <executable>true</executable>
         <run_address>0x3748</run_address>
         <size>0x3a</size>
         <alignment>0x4</alignment>
         <input_file_ref idref="fl-11c"/>
      </object_component>
      <object_component id="oc-19e">
         <name>.text.__muldsi3</name>
         <load_address>0x3784</load_address>
         <readonly>true</readonly>
         <executable>true</executable>
         <run_address>0x3784</run_address>
         <size>0x3a</size>
         <alignment>0x4</alignment>
         <input_file_ref idref="fl-10b"/>
      </object_component>
      <object_component id="oc-1d3">
         <name>.text.DL_GPIO_initPeripheralOutputFunctionFeatures</name>
         <load_address>0x37c0</load_address>
         <readonly>true</readonly>
         <executable>true</executable>
         <run_address>0x37c0</run_address>
         <size>0x38</size>
         <alignment>0x4</alignment>
         <input_file_ref idref="fl-2"/>
      </object_component>
      <object_component id="oc-20e">
         <name>.text.PID_Init</name>
         <load_address>0x37f8</load_address>
         <readonly>true</readonly>
         <executable>true</executable>
         <run_address>0x37f8</run_address>
         <size>0x38</size>
         <alignment>0x2</alignment>
         <input_file_ref idref="fl-f"/>
      </object_component>
      <object_component id="oc-234">
         <name>.text.__fixsfsi</name>
         <load_address>0x3830</load_address>
         <readonly>true</readonly>
         <executable>true</executable>
         <run_address>0x3830</run_address>
         <size>0x38</size>
         <alignment>0x4</alignment>
         <input_file_ref idref="fl-11f"/>
      </object_component>
      <object_component id="oc-bc">
         <name>.text.main</name>
         <load_address>0x3868</load_address>
         <readonly>true</readonly>
         <executable>true</executable>
         <run_address>0x3868</run_address>
         <size>0x38</size>
         <alignment>0x4</alignment>
         <input_file_ref idref="fl-1"/>
      </object_component>
      <object_component id="oc-1d6">
         <name>.text.DL_GPIO_initDigitalInputFeatures</name>
         <load_address>0x38a0</load_address>
         <readonly>true</readonly>
         <executable>true</executable>
         <run_address>0x38a0</run_address>
         <size>0x34</size>
         <alignment>0x4</alignment>
         <input_file_ref idref="fl-2"/>
      </object_component>
      <object_component id="oc-17a">
         <name>.text.My_Key_Init</name>
         <load_address>0x38d4</load_address>
         <readonly>true</readonly>
         <executable>true</executable>
         <run_address>0x38d4</run_address>
         <size>0x34</size>
         <alignment>0x4</alignment>
         <input_file_ref idref="fl-5"/>
      </object_component>
      <object_component id="oc-20d">
         <name>.text.USART_Init</name>
         <load_address>0x3908</load_address>
         <readonly>true</readonly>
         <executable>true</executable>
         <run_address>0x3908</run_address>
         <size>0x32</size>
         <alignment>0x2</alignment>
         <input_file_ref idref="fl-10"/>
      </object_component>
      <object_component id="oc-10c">
         <name>.text.USART_Printf</name>
         <load_address>0x393a</load_address>
         <readonly>true</readonly>
         <executable>true</executable>
         <run_address>0x393a</run_address>
         <size>0x32</size>
         <alignment>0x2</alignment>
         <input_file_ref idref="fl-10"/>
      </object_component>
      <object_component id="oc-1bb">
         <name>.text.__fixunssfsi</name>
         <load_address>0x396c</load_address>
         <readonly>true</readonly>
         <executable>true</executable>
         <run_address>0x396c</run_address>
         <size>0x32</size>
         <alignment>0x4</alignment>
         <input_file_ref idref="fl-111"/>
      </object_component>
      <object_component id="oc-43">
         <name>.text.UART1_IRQHandler</name>
         <load_address>0x39a0</load_address>
         <readonly>true</readonly>
         <executable>true</executable>
         <run_address>0x39a0</run_address>
         <size>0x30</size>
         <alignment>0x4</alignment>
         <input_file_ref idref="fl-10"/>
      </object_component>
      <object_component id="oc-44">
         <name>.text.UART2_IRQHandler</name>
         <load_address>0x39d0</load_address>
         <readonly>true</readonly>
         <executable>true</executable>
         <run_address>0x39d0</run_address>
         <size>0x30</size>
         <alignment>0x4</alignment>
         <input_file_ref idref="fl-10"/>
      </object_component>
      <object_component id="oc-3e">
         <name>.text.UART3_IRQHandler</name>
         <load_address>0x3a00</load_address>
         <readonly>true</readonly>
         <executable>true</executable>
         <run_address>0x3a00</run_address>
         <size>0x30</size>
         <alignment>0x4</alignment>
         <input_file_ref idref="fl-10"/>
      </object_component>
      <object_component id="oc-2a0">
         <name>.text._fcpy</name>
         <load_address>0x3a30</load_address>
         <readonly>true</readonly>
         <executable>true</executable>
         <run_address>0x3a30</run_address>
         <size>0x30</size>
         <alignment>0x2</alignment>
         <input_file_ref idref="fl-42"/>
      </object_component>
      <object_component id="oc-223">
         <name>.text.USART_SendChar</name>
         <load_address>0x3a60</load_address>
         <readonly>true</readonly>
         <executable>true</executable>
         <run_address>0x3a60</run_address>
         <size>0x2c</size>
         <alignment>0x2</alignment>
         <input_file_ref idref="fl-10"/>
      </object_component>
      <object_component id="oc-23f">
         <name>.text.__NVIC_ClearPendingIRQ</name>
         <load_address>0x3a8c</load_address>
         <readonly>true</readonly>
         <executable>true</executable>
         <run_address>0x3a8c</run_address>
         <size>0x2c</size>
         <alignment>0x4</alignment>
         <input_file_ref idref="fl-10"/>
      </object_component>
      <object_component id="oc-17b">
         <name>.text.__NVIC_EnableIRQ</name>
         <load_address>0x3ab8</load_address>
         <readonly>true</readonly>
         <executable>true</executable>
         <run_address>0x3ab8</run_address>
         <size>0x2c</size>
         <alignment>0x4</alignment>
         <input_file_ref idref="fl-5"/>
      </object_component>
      <object_component id="oc-212">
         <name>.text.__NVIC_EnableIRQ</name>
         <load_address>0x3ae4</load_address>
         <readonly>true</readonly>
         <executable>true</executable>
         <run_address>0x3ae4</run_address>
         <size>0x2c</size>
         <alignment>0x4</alignment>
         <input_file_ref idref="fl-6"/>
      </object_component>
      <object_component id="oc-210">
         <name>.text.__NVIC_EnableIRQ</name>
         <load_address>0x3b10</load_address>
         <readonly>true</readonly>
         <executable>true</executable>
         <run_address>0x3b10</run_address>
         <size>0x2c</size>
         <alignment>0x4</alignment>
         <input_file_ref idref="fl-c"/>
      </object_component>
      <object_component id="oc-240">
         <name>.text.__NVIC_EnableIRQ</name>
         <load_address>0x3b3c</load_address>
         <readonly>true</readonly>
         <executable>true</executable>
         <run_address>0x3b3c</run_address>
         <size>0x2c</size>
         <alignment>0x4</alignment>
         <input_file_ref idref="fl-10"/>
      </object_component>
      <object_component id="oc-295">
         <name>.text.__floatsidf</name>
         <load_address>0x3b68</load_address>
         <readonly>true</readonly>
         <executable>true</executable>
         <run_address>0x3b68</run_address>
         <size>0x2c</size>
         <alignment>0x4</alignment>
         <input_file_ref idref="fl-112"/>
      </object_component>
      <object_component id="oc-185">
         <name>.text.vsprintf</name>
         <load_address>0x3b94</load_address>
         <readonly>true</readonly>
         <executable>true</executable>
         <run_address>0x3b94</run_address>
         <size>0x2c</size>
         <alignment>0x4</alignment>
         <input_file_ref idref="fl-38"/>
      </object_component>
      <object_component id="oc-16b">
         <name>.text.SYSCFG_DL_SYSCTL_init</name>
         <load_address>0x3bc0</load_address>
         <readonly>true</readonly>
         <executable>true</executable>
         <run_address>0x3bc0</run_address>
         <size>0x2a</size>
         <alignment>0x2</alignment>
         <input_file_ref idref="fl-2"/>
      </object_component>
      <object_component id="oc-23c">
         <name>.text.DL_Common_updateReg</name>
         <load_address>0x3bea</load_address>
         <readonly>true</readonly>
         <executable>true</executable>
         <run_address>0x3bea</run_address>
         <size>0x28</size>
         <alignment>0x2</alignment>
         <input_file_ref idref="fl-2"/>
      </object_component>
      <object_component id="oc-200">
         <name>.text.DL_UART_setRXFIFOThreshold</name>
         <load_address>0x3c14</load_address>
         <readonly>true</readonly>
         <executable>true</executable>
         <run_address>0x3c14</run_address>
         <size>0x28</size>
         <alignment>0x4</alignment>
         <input_file_ref idref="fl-2"/>
      </object_component>
      <object_component id="oc-201">
         <name>.text.DL_UART_setTXFIFOThreshold</name>
         <load_address>0x3c3c</load_address>
         <readonly>true</readonly>
         <executable>true</executable>
         <run_address>0x3c3c</run_address>
         <size>0x28</size>
         <alignment>0x4</alignment>
         <input_file_ref idref="fl-2"/>
      </object_component>
      <object_component id="oc-70">
         <name>.text:_c_int00_noargs</name>
         <load_address>0x3c64</load_address>
         <readonly>true</readonly>
         <executable>true</executable>
         <run_address>0x3c64</run_address>
         <size>0x28</size>
         <alignment>0x4</alignment>
         <input_file_ref idref="fl-3a"/>
      </object_component>
      <object_component id="oc-34">
         <name>.text.SysTick_Handler</name>
         <load_address>0x3c8c</load_address>
         <readonly>true</readonly>
         <executable>true</executable>
         <run_address>0x3c8c</run_address>
         <size>0x24</size>
         <alignment>0x4</alignment>
         <input_file_ref idref="fl-d"/>
      </object_component>
      <object_component id="oc-264">
         <name>.text.__muldi3</name>
         <load_address>0x3cb0</load_address>
         <readonly>true</readonly>
         <executable>true</executable>
         <run_address>0x3cb0</run_address>
         <size>0x24</size>
         <alignment>0x4</alignment>
         <input_file_ref idref="fl-114"/>
      </object_component>
      <object_component id="oc-250">
         <name>.text.memccpy</name>
         <load_address>0x3cd4</load_address>
         <readonly>true</readonly>
         <executable>true</executable>
         <run_address>0x3cd4</run_address>
         <size>0x22</size>
         <alignment>0x2</alignment>
         <input_file_ref idref="fl-4b"/>
      </object_component>
      <object_component id="oc-1d4">
         <name>.text.DL_GPIO_initPeripheralInputFunction</name>
         <load_address>0x3cf8</load_address>
         <readonly>true</readonly>
         <executable>true</executable>
         <run_address>0x3cf8</run_address>
         <size>0x20</size>
         <alignment>0x4</alignment>
         <input_file_ref idref="fl-2"/>
      </object_component>
      <object_component id="oc-214">
         <name>.text.DL_UART_transmitDataBlocking</name>
         <load_address>0x3d18</load_address>
         <readonly>true</readonly>
         <executable>true</executable>
         <run_address>0x3d18</run_address>
         <size>0x20</size>
         <alignment>0x4</alignment>
         <input_file_ref idref="fl-21"/>
      </object_component>
      <object_component id="oc-172">
         <name>.text.HC06_Init</name>
         <load_address>0x3d38</load_address>
         <readonly>true</readonly>
         <executable>true</executable>
         <run_address>0x3d38</run_address>
         <size>0x20</size>
         <alignment>0x4</alignment>
         <input_file_ref idref="fl-7"/>
      </object_component>
      <object_component id="oc-1fc">
         <name>.text.DL_UART_setOversampling</name>
         <load_address>0x3d58</load_address>
         <readonly>true</readonly>
         <executable>true</executable>
         <run_address>0x3d58</run_address>
         <size>0x1e</size>
         <alignment>0x2</alignment>
         <input_file_ref idref="fl-2"/>
      </object_component>
      <object_component id="oc-2ad">
         <name>.text.__ashldi3</name>
         <load_address>0x3d78</load_address>
         <readonly>true</readonly>
         <executable>true</executable>
         <run_address>0x3d78</run_address>
         <size>0x1e</size>
         <alignment>0x4</alignment>
         <input_file_ref idref="fl-11e"/>
      </object_component>
      <object_component id="oc-178">
         <name>.text.Buzzer_Init</name>
         <load_address>0x3d98</load_address>
         <readonly>true</readonly>
         <executable>true</executable>
         <run_address>0x3d98</run_address>
         <size>0x1c</size>
         <alignment>0x4</alignment>
         <input_file_ref idref="fl-4"/>
      </object_component>
      <object_component id="oc-7c">
         <name>.text.DL_GPIO_clearInterruptStatus</name>
         <load_address>0x3db4</load_address>
         <readonly>true</readonly>
         <executable>true</executable>
         <run_address>0x3db4</run_address>
         <size>0x1c</size>
         <alignment>0x4</alignment>
         <input_file_ref idref="fl-6"/>
      </object_component>
      <object_component id="oc-1dd">
         <name>.text.DL_GPIO_clearInterruptStatus</name>
         <load_address>0x3dd0</load_address>
         <readonly>true</readonly>
         <executable>true</executable>
         <run_address>0x3dd0</run_address>
         <size>0x1c</size>
         <alignment>0x4</alignment>
         <input_file_ref idref="fl-2"/>
      </object_component>
      <object_component id="oc-1de">
         <name>.text.DL_GPIO_enableInterrupt</name>
         <load_address>0x3dec</load_address>
         <readonly>true</readonly>
         <executable>true</executable>
         <run_address>0x3dec</run_address>
         <size>0x1c</size>
         <alignment>0x4</alignment>
         <input_file_ref idref="fl-2"/>
      </object_component>
      <object_component id="oc-1d1">
         <name>.text.DL_GPIO_initPeripheralOutputFunction</name>
         <load_address>0x3e08</load_address>
         <readonly>true</readonly>
         <executable>true</executable>
         <run_address>0x3e08</run_address>
         <size>0x1c</size>
         <alignment>0x4</alignment>
         <input_file_ref idref="fl-2"/>
      </object_component>
      <object_component id="oc-1db">
         <name>.text.DL_GPIO_setLowerPinsInputFilter</name>
         <load_address>0x3e24</load_address>
         <readonly>true</readonly>
         <executable>true</executable>
         <run_address>0x3e24</run_address>
         <size>0x1c</size>
         <alignment>0x4</alignment>
         <input_file_ref idref="fl-2"/>
      </object_component>
      <object_component id="oc-1d9">
         <name>.text.DL_GPIO_setLowerPinsPolarity</name>
         <load_address>0x3e40</load_address>
         <readonly>true</readonly>
         <executable>true</executable>
         <run_address>0x3e40</run_address>
         <size>0x1c</size>
         <alignment>0x4</alignment>
         <input_file_ref idref="fl-2"/>
      </object_component>
      <object_component id="oc-1dc">
         <name>.text.DL_GPIO_setUpperPinsInputFilter</name>
         <load_address>0x3e5c</load_address>
         <readonly>true</readonly>
         <executable>true</executable>
         <run_address>0x3e5c</run_address>
         <size>0x1c</size>
         <alignment>0x4</alignment>
         <input_file_ref idref="fl-2"/>
      </object_component>
      <object_component id="oc-209">
         <name>.text.DL_SYSCTL_setSYSOSCFreq</name>
         <load_address>0x3e78</load_address>
         <readonly>true</readonly>
         <executable>true</executable>
         <run_address>0x3e78</run_address>
         <size>0x1c</size>
         <alignment>0x4</alignment>
         <input_file_ref idref="fl-2"/>
      </object_component>
      <object_component id="oc-1ed">
         <name>.text.DL_Timer_enableInterrupt</name>
         <load_address>0x3e94</load_address>
         <readonly>true</readonly>
         <executable>true</executable>
         <run_address>0x3e94</run_address>
         <size>0x1c</size>
         <alignment>0x4</alignment>
         <input_file_ref idref="fl-2"/>
      </object_component>
      <object_component id="oc-1e3">
         <name>.text.DL_Timer_setCaptCompUpdateMethod</name>
         <load_address>0x3eb0</load_address>
         <readonly>true</readonly>
         <executable>true</executable>
         <run_address>0x3eb0</run_address>
         <size>0x1c</size>
         <alignment>0x4</alignment>
         <input_file_ref idref="fl-20"/>
      </object_component>
      <object_component id="oc-1df">
         <name>.text.DL_Timer_setClockConfig</name>
         <load_address>0x3ecc</load_address>
         <readonly>true</readonly>
         <executable>true</executable>
         <run_address>0x3ecc</run_address>
         <size>0x1c</size>
         <alignment>0x4</alignment>
         <input_file_ref idref="fl-20"/>
      </object_component>
      <object_component id="oc-1fe">
         <name>.text.DL_UART_enableInterrupt</name>
         <load_address>0x3ee8</load_address>
         <readonly>true</readonly>
         <executable>true</executable>
         <run_address>0x3ee8</run_address>
         <size>0x1c</size>
         <alignment>0x4</alignment>
         <input_file_ref idref="fl-2"/>
      </object_component>
      <object_component id="oc-17d">
         <name>.text.delay_ms</name>
         <load_address>0x3f04</load_address>
         <readonly>true</readonly>
         <executable>true</executable>
         <run_address>0x3f04</run_address>
         <size>0x1a</size>
         <alignment>0x2</alignment>
         <input_file_ref idref="fl-d"/>
      </object_component>
      <object_component id="oc-1d2">
         <name>.text.DL_GPIO_enableOutput</name>
         <load_address>0x3f20</load_address>
         <readonly>true</readonly>
         <executable>true</executable>
         <run_address>0x3f20</run_address>
         <size>0x18</size>
         <alignment>0x4</alignment>
         <input_file_ref idref="fl-2"/>
      </object_component>
      <object_component id="oc-1c9">
         <name>.text.DL_GPIO_enablePower</name>
         <load_address>0x3f38</load_address>
         <readonly>true</readonly>
         <executable>true</executable>
         <run_address>0x3f38</run_address>
         <size>0x18</size>
         <alignment>0x4</alignment>
         <input_file_ref idref="fl-2"/>
      </object_component>
      <object_component id="oc-7a">
         <name>.text.DL_GPIO_getEnabledInterruptStatus</name>
         <load_address>0x3f50</load_address>
         <readonly>true</readonly>
         <executable>true</executable>
         <run_address>0x3f50</run_address>
         <size>0x18</size>
         <alignment>0x4</alignment>
         <input_file_ref idref="fl-6"/>
      </object_component>
      <object_component id="oc-1d5">
         <name>.text.DL_GPIO_initDigitalOutput</name>
         <load_address>0x3f68</load_address>
         <readonly>true</readonly>
         <executable>true</executable>
         <run_address>0x3f68</run_address>
         <size>0x18</size>
         <alignment>0x4</alignment>
         <input_file_ref idref="fl-2"/>
      </object_component>
      <object_component id="oc-1c5">
         <name>.text.DL_GPIO_reset</name>
         <load_address>0x3f80</load_address>
         <readonly>true</readonly>
         <executable>true</executable>
         <run_address>0x3f80</run_address>
         <size>0x18</size>
         <alignment>0x4</alignment>
         <input_file_ref idref="fl-2"/>
      </object_component>
      <object_component id="oc-1ba">
         <name>.text.DL_GPIO_setPins</name>
         <load_address>0x3f98</load_address>
         <readonly>true</readonly>
         <executable>true</executable>
         <run_address>0x3f98</run_address>
         <size>0x18</size>
         <alignment>0x4</alignment>
         <input_file_ref idref="fl-b"/>
      </object_component>
      <object_component id="oc-1d8">
         <name>.text.DL_GPIO_setPins</name>
         <load_address>0x3fb0</load_address>
         <readonly>true</readonly>
         <executable>true</executable>
         <run_address>0x3fb0</run_address>
         <size>0x18</size>
         <alignment>0x4</alignment>
         <input_file_ref idref="fl-2"/>
      </object_component>
      <object_component id="oc-1da">
         <name>.text.DL_GPIO_setUpperPinsPolarity</name>
         <load_address>0x3fc8</load_address>
         <readonly>true</readonly>
         <executable>true</executable>
         <run_address>0x3fc8</run_address>
         <size>0x18</size>
         <alignment>0x2</alignment>
         <input_file_ref idref="fl-2"/>
      </object_component>
      <object_component id="oc-1cc">
         <name>.text.DL_MathACL_enablePower</name>
         <load_address>0x3fe0</load_address>
         <readonly>true</readonly>
         <executable>true</executable>
         <run_address>0x3fe0</run_address>
         <size>0x18</size>
         <alignment>0x4</alignment>
         <input_file_ref idref="fl-2"/>
      </object_component>
      <object_component id="oc-1c8">
         <name>.text.DL_MathACL_reset</name>
         <load_address>0x3ff8</load_address>
         <readonly>true</readonly>
         <executable>true</executable>
         <run_address>0x3ff8</run_address>
         <size>0x18</size>
         <alignment>0x4</alignment>
         <input_file_ref idref="fl-2"/>
      </object_component>
      <object_component id="oc-208">
         <name>.text.DL_SYSCTL_setBORThreshold</name>
         <load_address>0x4010</load_address>
         <readonly>true</readonly>
         <executable>true</executable>
         <run_address>0x4010</run_address>
         <size>0x18</size>
         <alignment>0x4</alignment>
         <input_file_ref idref="fl-2"/>
      </object_component>
      <object_component id="oc-1ca">
         <name>.text.DL_Timer_enablePower</name>
         <load_address>0x4028</load_address>
         <readonly>true</readonly>
         <executable>true</executable>
         <run_address>0x4028</run_address>
         <size>0x18</size>
         <alignment>0x4</alignment>
         <input_file_ref idref="fl-2"/>
      </object_component>
      <object_component id="oc-1c6">
         <name>.text.DL_Timer_reset</name>
         <load_address>0x4040</load_address>
         <readonly>true</readonly>
         <executable>true</executable>
         <run_address>0x4040</run_address>
         <size>0x18</size>
         <alignment>0x4</alignment>
         <input_file_ref idref="fl-2"/>
      </object_component>
      <object_component id="oc-1e2">
         <name>.text.DL_Timer_setCaptureCompareOutCtl</name>
         <load_address>0x4058</load_address>
         <readonly>true</readonly>
         <executable>true</executable>
         <run_address>0x4058</run_address>
         <size>0x18</size>
         <alignment>0x4</alignment>
         <input_file_ref idref="fl-20"/>
      </object_component>
      <object_component id="oc-17c">
         <name>.text.DL_Timer_startCounter</name>
         <load_address>0x4070</load_address>
         <readonly>true</readonly>
         <executable>true</executable>
         <run_address>0x4070</run_address>
         <size>0x18</size>
         <alignment>0x4</alignment>
         <input_file_ref idref="fl-5"/>
      </object_component>
      <object_component id="oc-213">
         <name>.text.DL_Timer_startCounter</name>
         <load_address>0x4088</load_address>
         <readonly>true</readonly>
         <executable>true</executable>
         <run_address>0x4088</run_address>
         <size>0x18</size>
         <alignment>0x4</alignment>
         <input_file_ref idref="fl-6"/>
      </object_component>
      <object_component id="oc-96">
         <name>.text.DL_UART_clearInterruptStatus</name>
         <load_address>0x40a0</load_address>
         <readonly>true</readonly>
         <executable>true</executable>
         <run_address>0x40a0</run_address>
         <size>0x18</size>
         <alignment>0x4</alignment>
         <input_file_ref idref="fl-8"/>
      </object_component>
      <object_component id="oc-1ff">
         <name>.text.DL_UART_enableFIFOs</name>
         <load_address>0x40b8</load_address>
         <readonly>true</readonly>
         <executable>true</executable>
         <run_address>0x40b8</run_address>
         <size>0x18</size>
         <alignment>0x2</alignment>
         <input_file_ref idref="fl-2"/>
      </object_component>
      <object_component id="oc-1cb">
         <name>.text.DL_UART_enablePower</name>
         <load_address>0x40d0</load_address>
         <readonly>true</readonly>
[...]
         <value>0x2020072c</value>
         <object_component_ref idref="oc-8d"/>
      </symbol>
      <symbol id="sm-2e5">
         <name>UART1_IRQHandler</name>
         <value>0x39a1</value>
         <object_component_ref idref="oc-43"/>
      </symbol>
      <symbol id="sm-2e6">
         <name>UART_IRQHandler</name>
         <value>0x2b11</value>
         <object_component_ref idref="oc-85"/>
      </symbol>
      <symbol id="sm-2e7">
         <name>UART2_IRQHandler</name>
         <value>0x39d1</value>
         <object_component_ref idref="oc-44"/>
      </symbol>
      <symbol id="sm-2e8">
         <name>UART3_IRQHandler</name>
         <value>0x3a01</value>
         <object_component_ref idref="oc-3e"/>
      </symbol>
      <symbol id="sm-2e9">
         <name>__TI_ATRegion0_src_addr</name>
         <value>0x0</value>
      </symbol>
      <symbol id="sm-2ea">
         <name>__TI_ATRegion0_trg_addr</name>
         <value>0x0</value>
      </symbol>
      <symbol id="sm-2eb">
         <name>__TI_ATRegion0_region_sz</name>
         <value>0x0</value>
      </symbol>
      <symbol id="sm-2ec">
         <name>__TI_ATRegion1_src_addr</name>
         <value>0x0</value>
      </symbol>
      <symbol id="sm-2ed">
         <name>__TI_ATRegion1_trg_addr</name>
         <value>0x0</value>
      </symbol>
      <symbol id="sm-2ee">
         <name>__TI_ATRegion1_region_sz</name>
         <value>0x0</value>
      </symbol>
      <symbol id="sm-2ef">
         <name>__TI_ATRegion2_src_addr</name>
         <value>0x0</value>
      </symbol>
      <symbol id="sm-2f0">
         <name>__TI_ATRegion2_trg_addr</name>
         <value>0x0</value>
      </symbol>
      <symbol id="sm-2f1">
         <name>__TI_ATRegion2_region_sz</name>
         <value>0x0</value>
      </symbol>
      <symbol id="sm-2fa">
         <name>DL_Common_delayCycles</name>
         <value>0x4451</value>
         <object_component_ref idref="oc-1cd"/>
      </symbol>
      <symbol id="sm-316">
         <name>DL_Timer_setClockConfig</name>
         <value>0x3ecd</value>
         <object_component_ref idref="oc-1df"/>
      </symbol>
      <symbol id="sm-317">
         <name>DL_Timer_initTimerMode</name>
         <value>0x1cfd</value>
         <object_component_ref idref="oc-1ec"/>
      </symbol>
      <symbol id="sm-318">
         <name>DL_Timer_setCaptureCompareValue</name>
         <value>0x4385</value>
         <object_component_ref idref="oc-14d"/>
      </symbol>
      <symbol id="sm-319">
         <name>DL_Timer_setCaptCompUpdateMethod</name>
         <value>0x3eb1</value>
         <object_component_ref idref="oc-1e3"/>
      </symbol>
      <symbol id="sm-31a">
         <name>DL_Timer_setCaptureCompareOutCtl</name>
         <value>0x4059</value>
         <object_component_ref idref="oc-1e2"/>
      </symbol>
      <symbol id="sm-31b">
         <name>DL_Timer_initFourCCPWMMode</name>
         <value>0x1af5</value>
         <object_component_ref idref="oc-1e0"/>
      </symbol>
      <symbol id="sm-32b">
         <name>DL_UART_init</name>
         <value>0x3349</value>
         <object_component_ref idref="oc-1fb"/>
      </symbol>
      <symbol id="sm-32c">
         <name>DL_UART_setClockConfig</name>
         <value>0x433f</value>
         <object_component_ref idref="oc-1f5"/>
      </symbol>
      <symbol id="sm-32d">
         <name>DL_UART_transmitDataBlocking</name>
         <value>0x3d19</value>
         <object_component_ref idref="oc-214"/>
      </symbol>
      <symbol id="sm-33e">
         <name>vsprintf</name>
         <value>0x3b95</value>
         <object_component_ref idref="oc-185"/>
      </symbol>
      <symbol id="sm-34a">
         <name>fmodf</name>
         <value>0x18cd</value>
         <object_component_ref idref="oc-138"/>
      </symbol>
      <symbol id="sm-355">
         <name>_c_int00_noargs</name>
         <value>0x3c65</value>
         <object_component_ref idref="oc-70"/>
      </symbol>
      <symbol id="sm-356">
         <name>__stack</name>
         <value>0x20207e00</value>
         <object_component_ref idref="oc-1a"/>
      </symbol>
      <symbol id="sm-365">
         <name>__TI_auto_init_nobinit_nopinit</name>
         <value>0x370d</value>
         <object_component_ref idref="oc-119"/>
      </symbol>
      <symbol id="sm-36d">
         <name>_system_pre_init</name>
         <value>0x44c5</value>
         <object_component_ref idref="oc-b8"/>
      </symbol>
      <symbol id="sm-378">
         <name>__TI_zero_init_nomemset</name>
         <value>0x419f</value>
         <object_component_ref idref="oc-67"/>
      </symbol>
      <symbol id="sm-381">
         <name>__TI_decompress_none</name>
         <value>0x4363</value>
         <object_component_ref idref="oc-20"/>
      </symbol>
      <symbol id="sm-38c">
         <name>__TI_decompress_lzss</name>
         <value>0x2a95</value>
         <object_component_ref idref="oc-1c"/>
      </symbol>
      <symbol id="sm-3d5">
         <name>__TI_printfi</name>
         <value>0xc1</value>
         <object_component_ref idref="oc-24a"/>
      </symbol>
      <symbol id="sm-3e0">
         <name>__aeabi_errno_addr</name>
         <value>0x4491</value>
         <object_component_ref idref="oc-25f"/>
      </symbol>
      <symbol id="sm-3e1">
         <name>__aeabi_errno</name>
         <value>0x2020071c</value>
         <object_component_ref idref="oc-27b"/>
      </symbol>
      <symbol id="sm-3eb">
         <name>abort</name>
         <value>0x44a1</value>
         <object_component_ref idref="oc-112"/>
      </symbol>
      <symbol id="sm-3f5">
         <name>__TI_ltoa</name>
         <value>0x30b9</value>
         <object_component_ref idref="oc-291"/>
      </symbol>
      <symbol id="sm-401">
         <name>atoi</name>
         <value>0x35d9</value>
         <object_component_ref idref="oc-257"/>
      </symbol>
      <symbol id="sm-40b">
         <name>memccpy</name>
         <value>0x3cd5</value>
         <object_component_ref idref="oc-250"/>
      </symbol>
      <symbol id="sm-416">
         <name>frexp</name>
         <value>0x305d</value>
         <object_component_ref idref="oc-285"/>
      </symbol>
      <symbol id="sm-417">
         <name>frexpl</name>
         <value>0x305d</value>
         <object_component_ref idref="oc-285"/>
      </symbol>
      <symbol id="sm-421">
         <name>scalbn</name>
         <value>0x2085</value>
         <object_component_ref idref="oc-289"/>
      </symbol>
      <symbol id="sm-422">
         <name>ldexp</name>
         <value>0x2085</value>
         <object_component_ref idref="oc-289"/>
      </symbol>
      <symbol id="sm-423">
         <name>scalbnl</name>
         <value>0x2085</value>
         <object_component_ref idref="oc-289"/>
      </symbol>
      <symbol id="sm-424">
         <name>ldexpl</name>
         <value>0x2085</value>
         <object_component_ref idref="oc-289"/>
      </symbol>
      <symbol id="sm-42d">
         <name>wcslen</name>
         <value>0x43b5</value>
         <object_component_ref idref="oc-25b"/>
      </symbol>
      <symbol id="sm-433">
         <name>__aeabi_ctype_table_</name>
         <value>0x44d0</value>
         <object_component_ref idref="oc-274"/>
      </symbol>
      <symbol id="sm-434">
         <name>__aeabi_ctype_table_C</name>
         <value>0x44d0</value>
         <object_component_ref idref="oc-274"/>
      </symbol>
      <symbol id="sm-43f">
         <name>HOSTexit</name>
         <value>0x44ab</value>
         <object_component_ref idref="oc-18e"/>
      </symbol>
      <symbol id="sm-440">
         <name>C$$EXIT</name>
         <value>0x44aa</value>
         <object_component_ref idref="oc-18e"/>
      </symbol>
      <symbol id="sm-455">
         <name>__aeabi_fadd</name>
         <value>0x2167</value>
         <object_component_ref idref="oc-d8"/>
      </symbol>
      <symbol id="sm-456">
         <name>__addsf3</name>
         <value>0x2167</value>
         <object_component_ref idref="oc-d8"/>
      </symbol>
      <symbol id="sm-457">
         <name>__aeabi_fsub</name>
         <value>0x215d</value>
         <object_component_ref idref="oc-d8"/>
      </symbol>
      <symbol id="sm-458">
         <name>__subsf3</name>
         <value>0x215d</value>
         <object_component_ref idref="oc-d8"/>
      </symbol>
      <symbol id="sm-45e">
         <name>__aeabi_dadd</name>
         <value>0x1263</value>
         <object_component_ref idref="oc-2a6"/>
      </symbol>
      <symbol id="sm-45f">
         <name>__adddf3</name>
         <value>0x1263</value>
         <object_component_ref idref="oc-2a6"/>
      </symbol>
      <symbol id="sm-460">
         <name>__aeabi_dsub</name>
         <value>0x1259</value>
         <object_component_ref idref="oc-2a6"/>
      </symbol>
      <symbol id="sm-461">
         <name>__subdf3</name>
         <value>0x1259</value>
         <object_component_ref idref="oc-2a6"/>
      </symbol>
      <symbol id="sm-46a">
         <name>__aeabi_dmul</name>
         <value>0x1de5</value>
         <object_component_ref idref="oc-29a"/>
      </symbol>
      <symbol id="sm-46b">
         <name>__muldf3</name>
         <value>0x1de5</value>
         <object_component_ref idref="oc-29a"/>
      </symbol>
      <symbol id="sm-471">
         <name>__muldsi3</name>
         <value>0x3785</value>
         <object_component_ref idref="oc-19e"/>
      </symbol>
      <symbol id="sm-477">
         <name>__aeabi_fmul</name>
         <value>0x2801</value>
         <object_component_ref idref="oc-12c"/>
      </symbol>
      <symbol id="sm-478">
         <name>__mulsf3</name>
         <value>0x2801</value>
         <object_component_ref idref="oc-12c"/>
      </symbol>
      <symbol id="sm-47e">
         <name>__aeabi_fdiv</name>
         <value>0x2995</value>
         <object_component_ref idref="oc-1ab"/>
      </symbol>
      <symbol id="sm-47f">
         <name>__divsf3</name>
         <value>0x2995</value>
         <object_component_ref idref="oc-1ab"/>
      </symbol>
      <symbol id="sm-485">
         <name>__aeabi_ddiv</name>
         <value>0x19e9</value>
         <object_component_ref idref="oc-2a2"/>
      </symbol>
      <symbol id="sm-486">
         <name>__divdf3</name>
         <value>0x19e9</value>
         <object_component_ref idref="oc-2a2"/>
      </symbol>
      <symbol id="sm-48c">
         <name>__aeabi_f2d</name>
         <value>0x3599</value>
         <object_component_ref idref="oc-108"/>
      </symbol>
      <symbol id="sm-48d">
         <name>__extendsfdf2</name>
         <value>0x3599</value>
         <object_component_ref idref="oc-108"/>
      </symbol>
      <symbol id="sm-493">
         <name>__aeabi_d2iz</name>
         <value>0x32fd</value>
         <object_component_ref idref="oc-28d"/>
      </symbol>
      <symbol id="sm-494">
         <name>__fixdfsi</name>
         <value>0x32fd</value>
         <object_component_ref idref="oc-28d"/>
      </symbol>
      <symbol id="sm-49a">
         <name>__aeabi_f2uiz</name>
         <value>0x396d</value>
         <object_component_ref idref="oc-1bb"/>
      </symbol>
      <symbol id="sm-49b">
         <name>__fixunssfsi</name>
         <value>0x396d</value>
         <object_component_ref idref="oc-1bb"/>
      </symbol>
      <symbol id="sm-4a1">
         <name>__aeabi_i2d</name>
         <value>0x3b69</value>
         <object_component_ref idref="oc-295"/>
      </symbol>
      <symbol id="sm-4a2">
         <name>__floatsidf</name>
         <value>0x3b69</value>
         <object_component_ref idref="oc-295"/>
      </symbol>
      <symbol id="sm-4a8">
         <name>__aeabi_i2f</name>
         <value>0x3695</value>
         <object_component_ref idref="oc-cf"/>
      </symbol>
      <symbol id="sm-4a9">
         <name>__floatsisf</name>
         <value>0x3695</value>
         <object_component_ref idref="oc-cf"/>
      </symbol>
      <symbol id="sm-4af">
         <name>__aeabi_lmul</name>
         <value>0x3cb1</value>
         <object_component_ref idref="oc-264"/>
      </symbol>
      <symbol id="sm-4b0">
         <name>__muldi3</name>
         <value>0x3cb1</value>
         <object_component_ref idref="oc-264"/>
      </symbol>
      <symbol id="sm-4b6">
         <name>__aeabi_dcmpeq</name>
         <value>0x2f39</value>
         <object_component_ref idref="oc-130"/>
      </symbol>
      <symbol id="sm-4b7">
         <name>__aeabi_dcmplt</name>
         <value>0x2f4d</value>
         <object_component_ref idref="oc-130"/>
      </symbol>
      <symbol id="sm-4b8">
         <name>__aeabi_dcmple</name>
         <value>0x2f61</value>
         <object_component_ref idref="oc-130"/>
      </symbol>
      <symbol id="sm-4b9">
         <name>__aeabi_dcmpge</name>
         <value>0x2f75</value>
         <object_component_ref idref="oc-130"/>
      </symbol>
      <symbol id="sm-4ba">
         <name>__aeabi_dcmpgt</name>
         <value>0x2f89</value>
         <object_component_ref idref="oc-130"/>
      </symbol>
      <symbol id="sm-4c0">
         <name>__aeabi_fcmpeq</name>
         <value>0x2f9d</value>
         <object_component_ref idref="oc-13c"/>
      </symbol>
      <symbol id="sm-4c1">
         <name>__aeabi_fcmplt</name>
         <value>0x2fb1</value>
         <object_component_ref idref="oc-13c"/>
      </symbol>
      <symbol id="sm-4c2">
         <name>__aeabi_fcmple</name>
         <value>0x2fc5</value>
         <object_component_ref idref="oc-13c"/>
      </symbol>
      <symbol id="sm-4c3">
         <name>__aeabi_fcmpge</name>
         <value>0x2fd9</value>
         <object_component_ref idref="oc-13c"/>
      </symbol>
      <symbol id="sm-4c4">
         <name>__aeabi_fcmpgt</name>
         <value>0x2fed</value>
         <object_component_ref idref="oc-13c"/>
      </symbol>
      <symbol id="sm-4ca">
         <name>__aeabi_idiv</name>
         <value>0x3169</value>
         <object_component_ref idref="oc-2b9"/>
      </symbol>
      <symbol id="sm-4cb">
         <name>__aeabi_idivmod</name>
         <value>0x3169</value>
         <object_component_ref idref="oc-2b9"/>
      </symbol>
      <symbol id="sm-4d1">
         <name>__aeabi_memcpy</name>
         <value>0x4499</value>
         <object_component_ref idref="oc-60"/>
      </symbol>
      <symbol id="sm-4d2">
         <name>__aeabi_memcpy4</name>
         <value>0x4499</value>
         <object_component_ref idref="oc-60"/>
      </symbol>
      <symbol id="sm-4d3">
         <name>__aeabi_memcpy8</name>
         <value>0x4499</value>
         <object_component_ref idref="oc-60"/>
      </symbol>
      <symbol id="sm-4dc">
         <name>__aeabi_memset</name>
         <value>0x43c5</value>
         <object_component_ref idref="oc-24f"/>
      </symbol>
      <symbol id="sm-4dd">
         <name>__aeabi_memset4</name>
         <value>0x43c5</value>
         <object_component_ref idref="oc-24f"/>
      </symbol>
      <symbol id="sm-4de">
         <name>__aeabi_memset8</name>
         <value>0x43c5</value>
         <object_component_ref idref="oc-24f"/>
      </symbol>
      <symbol id="sm-4df">
         <name>__aeabi_memclr</name>
         <value>0x4439</value>
         <object_component_ref idref="oc-b3"/>
      </symbol>
      <symbol id="sm-4e0">
         <name>__aeabi_memclr4</name>
         <value>0x4439</value>
         <object_component_ref idref="oc-b3"/>
      </symbol>
      <symbol id="sm-4e1">
         <name>__aeabi_memclr8</name>
         <value>0x4439</value>
         <object_component_ref idref="oc-b3"/>
      </symbol>
      <symbol id="sm-4e7">
         <name>__aeabi_uidiv</name>
         <value>0x3559</value>
         <object_component_ref idref="oc-ea"/>
      </symbol>
      <symbol id="sm-4e8">
         <name>__aeabi_uidivmod</name>
         <value>0x3559</value>
         <object_component_ref idref="oc-ea"/>
      </symbol>
      <symbol id="sm-4ee">
         <name>__aeabi_uldivmod</name>
         <value>0x42cd</value>
         <object_component_ref idref="oc-269"/>
      </symbol>
      <symbol id="sm-4f7">
         <name>__eqsf2</name>
         <value>0x3749</value>
         <object_component_ref idref="oc-1b3"/>
      </symbol>
      <symbol id="sm-4f8">
         <name>__lesf2</name>
         <value>0x3749</value>
         <object_component_ref idref="oc-1b3"/>
      </symbol>
      <symbol id="sm-4f9">
         <name>__ltsf2</name>
         <value>0x3749</value>
         <object_component_ref idref="oc-1b3"/>
      </symbol>
      <symbol id="sm-4fa">
         <name>__nesf2</name>
         <value>0x3749</value>
         <object_component_ref idref="oc-1b3"/>
      </symbol>
      <symbol id="sm-4fb">
         <name>__cmpsf2</name>
         <value>0x3749</value>
         <object_component_ref idref="oc-1b3"/>
      </symbol>
      <symbol id="sm-4fc">
         <name>__gtsf2</name>
         <value>0x36d1</value>
         <object_component_ref idref="oc-1b8"/>
      </symbol>
      <symbol id="sm-4fd">
         <name>__gesf2</name>
         <value>0x36d1</value>
         <object_component_ref idref="oc-1b8"/>
      </symbol>
      <symbol id="sm-503">
         <name>__udivmoddi4</name>
         <value>0x250d</value>
         <object_component_ref idref="oc-280"/>
      </symbol>
      <symbol id="sm-509">
         <name>__aeabi_llsl</name>
         <value>0x3d79</value>
         <object_component_ref idref="oc-2ad"/>
      </symbol>
      <symbol id="sm-50a">
         <name>__ashldi3</name>
         <value>0x3d79</value>
         <object_component_ref idref="oc-2ad"/>
      </symbol>
      <symbol id="sm-510">
         <name>__aeabi_f2iz</name>
         <value>0x3831</value>
         <object_component_ref idref="oc-234"/>
      </symbol>
      <symbol id="sm-511">
         <name>__fixsfsi</name>
         <value>0x3831</value>
         <object_component_ref idref="oc-234"/>
      </symbol>
      <symbol id="sm-51f">
         <name>__ledf2</name>
         <value>0x2da1</value>
         <object_component_ref idref="oc-1a3"/>
      </symbol>
      <symbol id="sm-520">
         <name>__gedf2</name>
         <value>0x2b89</value>
         <object_component_ref idref="oc-1a9"/>
      </symbol>
      <symbol id="sm-521">
         <name>__cmpdf2</name>
         <value>0x2da1</value>
         <object_component_ref idref="oc-1a3"/>
      </symbol>
      <symbol id="sm-522">
         <name>__eqdf2</name>
         <value>0x2da1</value>
         <object_component_ref idref="oc-1a3"/>
      </symbol>
      <symbol id="sm-523">
         <name>__ltdf2</name>
         <value>0x2da1</value>
         <object_component_ref idref="oc-1a3"/>
      </symbol>
      <symbol id="sm-524">
         <name>__nedf2</name>
         <value>0x2da1</value>
         <object_component_ref idref="oc-1a3"/>
      </symbol>
      <symbol id="sm-525">
         <name>__gtdf2</name>
         <value>0x2b89</value>
         <object_component_ref idref="oc-1a9"/>
      </symbol>
      <symbol id="sm-531">
         <name>__aeabi_idiv0</name>
         <value>0x13eb</value>
         <object_component_ref idref="oc-153"/>
      </symbol>
      <symbol id="sm-532">
         <name>__aeabi_ldiv0</name>
         <value>0x25af</value>
         <object_component_ref idref="oc-2ac"/>
      </symbol>
      <symbol id="sm-53c">
         <name>TI_memcpy_small</name>
         <value>0x4351</value>
         <object_component_ref idref="oc-f2"/>
      </symbol>
      <symbol id="sm-545">
         <name>TI_memset_small</name>
         <value>0x43e1</value>
         <object_component_ref idref="oc-15a"/>
      </symbol>
      <symbol id="sm-546">
         <name>__TI_static_base__</name>
         <value>0x0</value>
      </symbol>
      <symbol id="sm-54a">
         <name>__mpu_init</name>
         <value>0x0</value>
      </symbol>
      <symbol id="sm-54b">
         <name>_system_post_cinit</name>
         <value>0x0</value>
      </symbol>
   </symbol_table>
   <title>Link successful</title>
</link_info>
